
=======================================================
[INFO] TANGGAL & WAKTU EKSEKUSI SIMULASI : 2026-06-10 00:36:07
=======================================================

=======================================================
[INFO] Skenario Range / Pathloss Degradation (Wi-Fi 6)
=======================================================
Simulasi ini dirancang untuk menguji ketahanan dan jangkauan sinyal Wi-Fi 6 terhadap degradasi jarak (range/pathloss degradation test). Tujuannya adalah untuk mengamati bagaimana performa jaringan — mulai dari kekuatan sinyal, kecepatan unduh, keterlambatan, hingga tingkat kehilangan paket — berubah secara bertahap ketika sebuah perangkat klien bergerak semakin menjauh dari titik akses.

Secara konseptual, simulasi ini dapat dibayangkan sebagai sebuah eksperimen di mana sebuah Access Point (AP) Wi-Fi 6 dipasang pada posisi tetap, sementara satu buah laptop atau perangkat klien dibawa berjalan menjauh secara perlahan. Pengukuran dilakukan secara terus-menerus di sepanjang lintasan untuk merekam proses pelemahan sinyal dan penurunan kualitas komunikasi seiring bertambahnya jarak antara klien dan AP.

Jarak pengujian dimulai dari 1 meter hingga mencapai batas maksimum 300 meter. Dengan pendekatan ini, simulasi dapat memberikan gambaran menyeluruh tentang batas jangkauan efektif Wi-Fi 6 serta profil degradasi performanya dalam kondisi yang mendekati lingkungan nyata, lengkap dengan pengaruh redaman akibat obstacles.
=======================================================
[SPESIFIKASI SIMULASI]
- Standar Wi-Fi     : Wi-Fi 6 (802.11ax)
- Konfigurasi MIMO  : 8x8 Spatial Streams
- Fitur Spesial     : Single-Link (Non-MLO)
    * Link 0        : Frekuensi 5 GHz (Lebar Pita 160 MHz)
- Tx Power          : 20.0 dBm
- Rate Adaptation   : IdealWifiManager (Otomatis menyesuaikan hingga 1024-QAM)
- Propagation Model : HybridBuildingsPropagationLossModel (Redaman Tembok/Indoor)
- Jarak Uji         : 0 hingga 650 meter
=======================================================

[INFO] Waktu: 0.2s | Jarak: 1 m | RSSI: -5.71343 dBm | Tput: 0 Mbps | Delay: 0 ms | Jitter: 0 ms | Drop: 0
[INFO] Waktu: 0.4s | Jarak: 3 m | RSSI: -16.4487 dBm | Tput: 0 Mbps | Delay: 0 ms | Jitter: 0 ms | Drop: 0
[INFO] Waktu: 0.6s | Jarak: 5 m | RSSI: -21.4341 dBm | Tput: 1237.25 Mbps | Delay: 20.568 ms | Jitter: 0.00230525 ms | Drop: 3768
[INFO] Waktu: 0.8s | Jarak: 7 m | RSSI: -24.722 dBm | Tput: 2843.96 Mbps | Delay: 53.3416 ms | Jitter: 0.0028235 ms | Drop: 34623
[INFO] Waktu: 1s | Jarak: 9 m | RSSI: -27.1777 dBm | Tput: 2833.31 Mbps | Delay: 56.1428 ms | Jitter: 0.00320301 ms | Drop: 36797
[INFO] Waktu: 1.2s | Jarak: 11 m | RSSI: -29.1386 dBm | Tput: 2850.68 Mbps | Delay: 55.9415 ms | Jitter: 0.00315684 ms | Drop: 36531
[INFO] Waktu: 1.4s | Jarak: 13 m | RSSI: -30.771 dBm | Tput: 2835.84 Mbps | Delay: 56.1089 ms | Jitter: 0.00319461 ms | Drop: 36745
[INFO] Waktu: 1.6s | Jarak: 15 m | RSSI: -32.1693 dBm | Tput: 2863.33 Mbps | Delay: 55.8457 ms | Jitter: 0.00313636 ms | Drop: 36316
[INFO] Waktu: 1.8s | Jarak: 17 m | RSSI: -33.3924 dBm | Tput: 2860.74 Mbps | Delay: 55.7696 ms | Jitter: 0.00312297 ms | Drop: 36347
[INFO] Waktu: 2s | Jarak: 19 m | RSSI: -34.4792 dBm | Tput: 2840.19 Mbps | Delay: 56.1395 ms | Jitter: 0.00318799 ms | Drop: 36702
[INFO] Waktu: 2.2s | Jarak: 21 m | RSSI: -35.4572 dBm | Tput: 2844.85 Mbps | Delay: 56.0034 ms | Jitter: 0.00317623 ms | Drop: 36591
[INFO] Waktu: 2.4s | Jarak: 23 m | RSSI: -36.3462 dBm | Tput: 2850.68 Mbps | Delay: 55.9642 ms | Jitter: 0.00315986 ms | Drop: 36498
[INFO] Waktu: 2.6s | Jarak: 25 m | RSSI: -37.1609 dBm | Tput: 2859.45 Mbps | Delay: 55.7939 ms | Jitter: 0.00311663 ms | Drop: 36382
[INFO] Waktu: 2.8s | Jarak: 27 m | RSSI: -37.913 dBm | Tput: 2858.74 Mbps | Delay: 55.8213 ms | Jitter: 0.00313773 ms | Drop: 36369
[INFO] Waktu: 3s | Jarak: 29 m | RSSI: -38.6112 dBm | Tput: 2853.38 Mbps | Delay: 55.8955 ms | Jitter: 0.00314534 ms | Drop: 36519
[INFO] Waktu: 3.2s | Jarak: 31 m | RSSI: -39.2629 dBm | Tput: 2855.86 Mbps | Delay: 55.8222 ms | Jitter: 0.00314706 ms | Drop: 36373
[INFO] Waktu: 3.4s | Jarak: 33 m | RSSI: -39.8739 dBm | Tput: 2848.85 Mbps | Delay: 55.9745 ms | Jitter: 0.00315432 ms | Drop: 36551
[INFO] Waktu: 3.6s | Jarak: 35 m | RSSI: -40.4488 dBm | Tput: 2848.85 Mbps | Delay: 55.9343 ms | Jitter: 0.00316841 ms | Drop: 36517
[INFO] Waktu: 3.8s | Jarak: 37 m | RSSI: -40.9918 dBm | Tput: 2852.68 Mbps | Delay: 55.8843 ms | Jitter: 0.00314826 ms | Drop: 36499
[INFO] Waktu: 4s | Jarak: 39 m | RSSI: -41.5062 dBm | Tput: 2855.44 Mbps | Delay: 55.7666 ms | Jitter: 0.00313421 ms | Drop: 36431
[INFO] Waktu: 4.2s | Jarak: 41 m | RSSI: -41.9949 dBm | Tput: 2847.14 Mbps | Delay: 56.033 ms | Jitter: 0.00315489 ms | Drop: 36619
[INFO] Waktu: 4.4s | Jarak: 43 m | RSSI: -42.4603 dBm | Tput: 2858.27 Mbps | Delay: 55.8061 ms | Jitter: 0.00314673 ms | Drop: 36302
[INFO] Waktu: 4.6s | Jarak: 45 m | RSSI: -42.9046 dBm | Tput: 2844.43 Mbps | Delay: 56.0036 ms | Jitter: 0.00317165 ms | Drop: 36649
[INFO] Waktu: 4.8s | Jarak: 47 m | RSSI: -43.3295 dBm | Tput: 2843.96 Mbps | Delay: 55.9277 ms | Jitter: 0.00316304 ms | Drop: 36596
[INFO] Waktu: 5s | Jarak: 49 m | RSSI: -43.7367 dBm | Tput: 2848.73 Mbps | Delay: 56.0029 ms | Jitter: 0.00317732 ms | Drop: 36624
[INFO] Waktu: 5.2s | Jarak: 51 m | RSSI: -44.1276 dBm | Tput: 2846.08 Mbps | Delay: 55.9285 ms | Jitter: 0.00315981 ms | Drop: 36542
[INFO] Waktu: 5.4s | Jarak: 53 m | RSSI: -44.5035 dBm | Tput: 2836.54 Mbps | Delay: 56.0887 ms | Jitter: 0.00319456 ms | Drop: 36798
[INFO] Waktu: 5.6s | Jarak: 55 m | RSSI: -44.8655 dBm | Tput: 2839.84 Mbps | Delay: 56.053 ms | Jitter: 0.0031967 ms | Drop: 36620
[INFO] Waktu: 5.8s | Jarak: 57 m | RSSI: -45.2145 dBm | Tput: 2857.86 Mbps | Delay: 55.8341 ms | Jitter: 0.00312807 ms | Drop: 36396
[INFO] Waktu: 6s | Jarak: 59 m | RSSI: -45.5515 dBm | Tput: 2848.85 Mbps | Delay: 55.9806 ms | Jitter: 0.00317527 ms | Drop: 36609
[INFO] Waktu: 6.2s | Jarak: 61 m | RSSI: -45.8772 dBm | Tput: 2847.67 Mbps | Delay: 55.9187 ms | Jitter: 0.0031666 ms | Drop: 36541
[INFO] Waktu: 6.4s | Jarak: 63 m | RSSI: -46.1925 dBm | Tput: 2843.26 Mbps | Delay: 55.9742 ms | Jitter: 0.00316731 ms | Drop: 36577
[INFO] Waktu: 6.6s | Jarak: 65 m | RSSI: -46.4978 dBm | Tput: 2846.67 Mbps | Delay: 55.9916 ms | Jitter: 0.00317344 ms | Drop: 36574
[INFO] Waktu: 6.8s | Jarak: 67 m | RSSI: -46.794 dBm | Tput: 2849.09 Mbps | Delay: 55.9003 ms | Jitter: 0.00316327 ms | Drop: 36558
[INFO] Waktu: 7s | Jarak: 69 m | RSSI: -47.0814 dBm | Tput: 2842.49 Mbps | Delay: 56.0402 ms | Jitter: 0.00316747 ms | Drop: 36658
[INFO] Waktu: 7.2s | Jarak: 71 m | RSSI: -47.3606 dBm | Tput: 2843.85 Mbps | Delay: 56.0198 ms | Jitter: 0.00318281 ms | Drop: 36617
[INFO] Waktu: 7.4s | Jarak: 73 m | RSSI: -47.6321 dBm | Tput: 2849.32 Mbps | Delay: 55.9132 ms | Jitter: 0.00316465 ms | Drop: 36529
[INFO] Waktu: 7.6s | Jarak: 75 m | RSSI: -48.0617 dBm | Tput: 2839.25 Mbps | Delay: 56.0427 ms | Jitter: 0.00319003 ms | Drop: 36718
[INFO] Waktu: 7.8s | Jarak: 77 m | RSSI: -48.5189 dBm | Tput: 2847.91 Mbps | Delay: 55.8817 ms | Jitter: 0.00314189 ms | Drop: 36564
[INFO] Waktu: 8s | Jarak: 79 m | RSSI: -48.9643 dBm | Tput: 2837.84 Mbps | Delay: 56.0852 ms | Jitter: 0.00320432 ms | Drop: 36711
[INFO] Waktu: 8.2s | Jarak: 81 m | RSSI: -49.3987 dBm | Tput: 2848.03 Mbps | Delay: 56.0195 ms | Jitter: 0.00316873 ms | Drop: 36556
[INFO] Waktu: 8.4s | Jarak: 83 m | RSSI: -49.8224 dBm | Tput: 2844.14 Mbps | Delay: 55.9847 ms | Jitter: 0.00316226 ms | Drop: 36665
[INFO] Waktu: 8.6s | Jarak: 85 m | RSSI: -50.236 dBm | Tput: 2850.32 Mbps | Delay: 55.8386 ms | Jitter: 0.00314595 ms | Drop: 36498
[INFO] Waktu: 8.8s | Jarak: 87 m | RSSI: -50.64 dBm | Tput: 2841.37 Mbps | Delay: 56.0226 ms | Jitter: 0.00321945 ms | Drop: 36693
[INFO] Waktu: 9s | Jarak: 89 m | RSSI: -51.0349 dBm | Tput: 2821.41 Mbps | Delay: 56.3575 ms | Jitter: 0.00340778 ms | Drop: 36967
[INFO] Waktu: 9.2s | Jarak: 91 m | RSSI: -51.4209 dBm | Tput: 2716.37 Mbps | Delay: 57.8771 ms | Jitter: 0.00441354 ms | Drop: 38797
[INFO] Waktu: 9.4s | Jarak: 93 m | RSSI: -51.7986 dBm | Tput: 2635 Mbps | Delay: 59.0093 ms | Jitter: 0.00363824 ms | Drop: 40179
[INFO] Waktu: 9.6s | Jarak: 95 m | RSSI: -52.1682 dBm | Tput: 2624.93 Mbps | Delay: 59.4663 ms | Jitter: 0.00388313 ms | Drop: 40306
[INFO] Waktu: 9.8s | Jarak: 97 m | RSSI: -52.5301 dBm | Tput: 2552.8 Mbps | Delay: 60.5336 ms | Jitter: 0.00464432 ms | Drop: 41571
[INFO] Waktu: 10s | Jarak: 99 m | RSSI: -52.8847 dBm | Tput: 2407.01 Mbps | Delay: 63.1289 ms | Jitter: 0.00420974 ms | Drop: 44046
[INFO] Waktu: 10.2s | Jarak: 101 m | RSSI: -53.2321 dBm | Tput: 2408.96 Mbps | Delay: 63.4458 ms | Jitter: 0.00423992 ms | Drop: 44076
[INFO] Waktu: 10.4s | Jarak: 103 m | RSSI: -53.5727 dBm | Tput: 2407.9 Mbps | Delay: 63.292 ms | Jitter: 0.00422399 ms | Drop: 43966
[INFO] Waktu: 10.6s | Jarak: 105 m | RSSI: -53.9068 dBm | Tput: 2406.9 Mbps | Delay: 63.3868 ms | Jitter: 0.00425211 ms | Drop: 48802
[INFO] Waktu: 10.8s | Jarak: 107 m | RSSI: -54.2346 dBm | Tput: 2413.43 Mbps | Delay: 63.2644 ms | Jitter: 0.0042124 ms | Drop: 43902
[INFO] Waktu: 11s | Jarak: 109 m | RSSI: -54.5563 dBm | Tput: 2398.06 Mbps | Delay: 63.5271 ms | Jitter: 0.00427092 ms | Drop: 44222
[INFO] Waktu: 11.2s | Jarak: 111 m | RSSI: -54.8722 dBm | Tput: 2401.13 Mbps | Delay: 63.5491 ms | Jitter: 0.00426265 ms | Drop: 44201
[INFO] Waktu: 11.4s | Jarak: 113 m | RSSI: -55.1824 dBm | Tput: 2403.25 Mbps | Delay: 63.3898 ms | Jitter: 0.00425506 ms | Drop: 44052
[INFO] Waktu: 11.6s | Jarak: 115 m | RSSI: -55.4872 dBm | Tput: 2400.18 Mbps | Delay: 63.5269 ms | Jitter: 0.00426688 ms | Drop: 44168
[INFO] Waktu: 11.8s | Jarak: 117 m | RSSI: -55.7867 dBm | Tput: 2404.01 Mbps | Delay: 63.3768 ms | Jitter: 0.00424548 ms | Drop: 44099
[INFO] Waktu: 12s | Jarak: 119 m | RSSI: -56.0811 dBm | Tput: 2413.43 Mbps | Delay: 63.2264 ms | Jitter: 0.00423825 ms | Drop: 43942
[INFO] Waktu: 12.2s | Jarak: 121 m | RSSI: -56.3707 dBm | Tput: 2401.66 Mbps | Delay: 63.4619 ms | Jitter: 0.00429693 ms | Drop: 44164
[INFO] Waktu: 12.4s | Jarak: 123 m | RSSI: -56.6555 dBm | Tput: 2404.95 Mbps | Delay: 63.4921 ms | Jitter: 0.00435816 ms | Drop: 44020
[INFO] Waktu: 12.6s | Jarak: 125 m | RSSI: -56.9357 dBm | Tput: 2403.83 Mbps | Delay: 63.355 ms | Jitter: 0.00436669 ms | Drop: 44218
[INFO] Waktu: 12.8s | Jarak: 127 m | RSSI: -57.2114 dBm | Tput: 2347.02 Mbps | Delay: 64.5842 ms | Jitter: 0.005126 ms | Drop: 44971
[INFO] Waktu: 13s | Jarak: 129 m | RSSI: -57.4828 dBm | Tput: 2251.22 Mbps | Delay: 66.5988 ms | Jitter: 0.00637077 ms | Drop: 46579
[INFO] Waktu: 13.2s | Jarak: 131 m | RSSI: -57.7501 dBm | Tput: 2208.12 Mbps | Delay: 67.6417 ms | Jitter: 0.00423106 ms | Drop: 47520
[INFO] Waktu: 13.4s | Jarak: 133 m | RSSI: -58.0133 dBm | Tput: 2197.64 Mbps | Delay: 67.8944 ms | Jitter: 0.00467895 ms | Drop: 47606
[INFO] Waktu: 13.6s | Jarak: 135 m | RSSI: -58.2726 dBm | Tput: 2179.74 Mbps | Delay: 68.4193 ms | Jitter: 0.00539525 ms | Drop: 47876
[INFO] Waktu: 13.8s | Jarak: 137 m | RSSI: -58.5281 dBm | Tput: 2150.24 Mbps | Delay: 69.2306 ms | Jitter: 0.00598561 ms | Drop: 48520
[INFO] Waktu: 14s | Jarak: 139 m | RSSI: -58.7798 dBm | Tput: 1808.79 Mbps | Delay: 77.8452 ms | Jitter: 0.00859281 ms | Drop: 54118
[INFO] Waktu: 14.2s | Jarak: 141 m | RSSI: -59.028 dBm | Tput: 1915.6 Mbps | Delay: 76.3334 ms | Jitter: 0.00636428 ms | Drop: 52486
[INFO] Waktu: 14.4s | Jarak: 143 m | RSSI: -59.2727 dBm | Tput: 1922.55 Mbps | Delay: 75.5511 ms | Jitter: 0.00618328 ms | Drop: 52158
[INFO] Waktu: 14.6s | Jarak: 145 m | RSSI: -59.514 dBm | Tput: 1916.54 Mbps | Delay: 75.6256 ms | Jitter: 0.00618207 ms | Drop: 52413
[INFO] Waktu: 14.8s | Jarak: 147 m | RSSI: -59.7519 dBm | Tput: 1919.78 Mbps | Delay: 75.6777 ms | Jitter: 0.00620865 ms | Drop: 52414
[INFO] Waktu: 15s | Jarak: 149 m | RSSI: -59.9867 dBm | Tput: 1919.61 Mbps | Delay: 75.5229 ms | Jitter: 0.0061616 ms | Drop: 52208
[INFO] Waktu: 15.2s | Jarak: 151 m | RSSI: -60.2183 dBm | Tput: 1921.61 Mbps | Delay: 75.4834 ms | Jitter: 0.00616538 ms | Drop: 52364
[INFO] Waktu: 15.4s | Jarak: 153 m | RSSI: -60.4469 dBm | Tput: 1916.78 Mbps | Delay: 75.5716 ms | Jitter: 0.0062182 ms | Drop: 52410
[INFO] Waktu: 15.6s | Jarak: 155 m | RSSI: -60.6725 dBm | Tput: 1913.89 Mbps | Delay: 75.6974 ms | Jitter: 0.00619988 ms | Drop: 52417
[INFO] Waktu: 15.8s | Jarak: 157 m | RSSI: -60.8952 dBm | Tput: 1909.18 Mbps | Delay: 75.8671 ms | Jitter: 0.00625681 ms | Drop: 52413
[INFO] Waktu: 16s | Jarak: 159 m | RSSI: -61.1151 dBm | Tput: 1914.25 Mbps | Delay: 75.7256 ms | Jitter: 0.00621752 ms | Drop: 52414
[INFO] Waktu: 16.2s | Jarak: 161 m | RSSI: -61.3323 dBm | Tput: 1911.77 Mbps | Delay: 75.7272 ms | Jitter: 0.00621406 ms | Drop: 52414
[INFO] Waktu: 16.4s | Jarak: 163 m | RSSI: -61.5468 dBm | Tput: 1912.36 Mbps | Delay: 75.7542 ms | Jitter: 0.00623495 ms | Drop: 52465
[INFO] Waktu: 16.6s | Jarak: 165 m | RSSI: -61.7586 dBm | Tput: 1925.14 Mbps | Delay: 75.4589 ms | Jitter: 0.00615714 ms | Drop: 52290
[INFO] Waktu: 16.8s | Jarak: 167 m | RSSI: -61.9679 dBm | Tput: 1915.78 Mbps | Delay: 75.5932 ms | Jitter: 0.0061929 ms | Drop: 52364
[INFO] Waktu: 17s | Jarak: 169 m | RSSI: -62.1747 dBm | Tput: 1924.2 Mbps | Delay: 75.3902 ms | Jitter: 0.00613903 ms | Drop: 52279
[INFO] Waktu: 17.2s | Jarak: 171 m | RSSI: -62.3791 dBm | Tput: 1904.24 Mbps | Delay: 75.9662 ms | Jitter: 0.006349 ms | Drop: 52534
[INFO] Waktu: 17.4s | Jarak: 173 m | RSSI: -62.5811 dBm | Tput: 1914.42 Mbps | Delay: 75.7539 ms | Jitter: 0.00628522 ms | Drop: 52414
[INFO] Waktu: 17.6s | Jarak: 175 m | RSSI: -62.7808 dBm | Tput: 1909.71 Mbps | Delay: 75.7317 ms | Jitter: 0.00635603 ms | Drop: 52526
[INFO] Waktu: 17.8s | Jarak: 177 m | RSSI: -62.9782 dBm | Tput: 1901.06 Mbps | Delay: 76.0806 ms | Jitter: 0.00656946 ms | Drop: 52570
[INFO] Waktu: 18s | Jarak: 179 m | RSSI: -63.1734 dBm | Tput: 1878.39 Mbps | Delay: 76.8894 ms | Jitter: 0.00704057 ms | Drop: 53110
[INFO] Waktu: 18.2s | Jarak: 181 m | RSSI: -63.3664 dBm | Tput: 1865.38 Mbps | Delay: 77.2681 ms | Jitter: 0.00739432 ms | Drop: 53178
[INFO] Waktu: 18.4s | Jarak: 183 m | RSSI: -63.5573 dBm | Tput: 1746.03 Mbps | Delay: 81.0402 ms | Jitter: 0.0074142 ms | Drop: 55345
[INFO] Waktu: 18.6s | Jarak: 185 m | RSSI: -63.7523 dBm | Tput: 1743.55 Mbps | Delay: 81.4687 ms | Jitter: 0.00747409 ms | Drop: 55222
[INFO] Waktu: 18.8s | Jarak: 187 m | RSSI: -63.9329 dBm | Tput: 1748.09 Mbps | Delay: 81.5835 ms | Jitter: 0.00756105 ms | Drop: 55220
[INFO] Waktu: 19s | Jarak: 189 m | RSSI: -64.1177 dBm | Tput: 1741.14 Mbps | Delay: 81.7278 ms | Jitter: 0.00761072 ms | Drop: 55465
[INFO] Waktu: 19.2s | Jarak: 191 m | RSSI: -64.3006 dBm | Tput: 1715.23 Mbps | Delay: 82.7199 ms | Jitter: 0.00839096 ms | Drop: 55709
[INFO] Waktu: 19.4s | Jarak: 193 m | RSSI: -64.4815 dBm | Tput: 1705.69 Mbps | Delay: 83.0609 ms | Jitter: 0.00874571 ms | Drop: 55941
[INFO] Waktu: 19.6s | Jarak: 195 m | RSSI: -64.6606 dBm | Tput: 1593.53 Mbps | Delay: 87.1612 ms | Jitter: 0.00851148 ms | Drop: 57868
[INFO] Waktu: 19.8s | Jarak: 197 m | RSSI: -64.8379 dBm | Tput: 1590.58 Mbps | Delay: 87.9 ms | Jitter: 0.00869774 ms | Drop: 58045
[INFO] Waktu: 20s | Jarak: 199 m | RSSI: -65.0134 dBm | Tput: 1594.29 Mbps | Delay: 87.7612 ms | Jitter: 0.00870496 ms | Drop: 57801
[INFO] Waktu: 20.2s | Jarak: 201 m | RSSI: -52.408 dBm | Tput: 2594.78 Mbps | Delay: 62.9792 ms | Jitter: 0.00470671 ms | Drop: 40832
[INFO] Waktu: 20.4s | Jarak: 203 m | RSSI: -52.494 dBm | Tput: 2582.06 Mbps | Delay: 60.1885 ms | Jitter: 0.00430539 ms | Drop: 41081
[INFO] Waktu: 20.6s | Jarak: 205 m | RSSI: -52.5792 dBm | Tput: 2543.26 Mbps | Delay: 60.7605 ms | Jitter: 0.00479837 ms | Drop: 41796
[INFO] Waktu: 20.8s | Jarak: 207 m | RSSI: -52.6635 dBm | Tput: 2513.7 Mbps | Delay: 61.4721 ms | Jitter: 0.00508407 ms | Drop: 42212
[INFO] Waktu: 21s | Jarak: 209 m | RSSI: -52.747 dBm | Tput: 2483.03 Mbps | Delay: 61.8578 ms | Jitter: 0.00546421 ms | Drop: 42612
[INFO] Waktu: 21.2s | Jarak: 211 m | RSSI: -52.8298 dBm | Tput: 2451.47 Mbps | Delay: 62.6247 ms | Jitter: 0.00589226 ms | Drop: 43325
[INFO] Waktu: 21.4s | Jarak: 213 m | RSSI: -52.9117 dBm | Tput: 2393.12 Mbps | Delay: 63.4092 ms | Jitter: 0.00431673 ms | Drop: 44343
[INFO] Waktu: 21.6s | Jarak: 215 m | RSSI: -52.9929 dBm | Tput: 2406.25 Mbps | Delay: 63.293 ms | Jitter: 0.00424503 ms | Drop: 44099
[INFO] Waktu: 21.8s | Jarak: 217 m | RSSI: -53.0733 dBm | Tput: 2398.3 Mbps | Delay: 63.3887 ms | Jitter: 0.00426646 ms | Drop: 44151
[INFO] Waktu: 22s | Jarak: 219 m | RSSI: -53.153 dBm | Tput: 2404.66 Mbps | Delay: 63.3516 ms | Jitter: 0.00423997 ms | Drop: 44045
[INFO] Waktu: 22.2s | Jarak: 221 m | RSSI: -53.232 dBm | Tput: 2425.44 Mbps | Delay: 62.9544 ms | Jitter: 0.00417385 ms | Drop: 43763
[INFO] Waktu: 22.4s | Jarak: 223 m | RSSI: -53.3102 dBm | Tput: 2414.02 Mbps | Delay: 63.1381 ms | Jitter: 0.00421112 ms | Drop: 43904
[INFO] Waktu: 22.6s | Jarak: 225 m | RSSI: -53.3878 dBm | Tput: 2420.91 Mbps | Delay: 62.9542 ms | Jitter: 0.00418667 ms | Drop: 43835
[INFO] Waktu: 22.8s | Jarak: 227 m | RSSI: -53.4646 dBm | Tput: 2398.65 Mbps | Delay: 63.3792 ms | Jitter: 0.00427058 ms | Drop: 44156
[INFO] Waktu: 23s | Jarak: 229 m | RSSI: -53.5408 dBm | Tput: 2414.55 Mbps | Delay: 63.2591 ms | Jitter: 0.00421726 ms | Drop: 43909
[INFO] Waktu: 23.2s | Jarak: 231 m | RSSI: -53.6164 dBm | Tput: 2406.19 Mbps | Delay: 63.2322 ms | Jitter: 0.00424052 ms | Drop: 44115
[INFO] Waktu: 23.4s | Jarak: 233 m | RSSI: -53.6912 dBm | Tput: 2394.65 Mbps | Delay: 63.4501 ms | Jitter: 0.0042829 ms | Drop: 44263
[INFO] Waktu: 23.6s | Jarak: 235 m | RSSI: -53.7655 dBm | Tput: 2416.2 Mbps | Delay: 63.1394 ms | Jitter: 0.00421418 ms | Drop: 43865
[INFO] Waktu: 23.8s | Jarak: 237 m | RSSI: -53.8391 dBm | Tput: 2404.48 Mbps | Delay: 63.3279 ms | Jitter: 0.00424095 ms | Drop: 44129
[INFO] Waktu: 24s | Jarak: 239 m | RSSI: -53.9121 dBm | Tput: 2406.07 Mbps | Delay: 63.2853 ms | Jitter: 0.00425269 ms | Drop: 43992
[INFO] Waktu: 24.2s | Jarak: 241 m | RSSI: -53.9845 dBm | Tput: 2404.72 Mbps | Delay: 63.3233 ms | Jitter: 0.00424911 ms | Drop: 44165
[INFO] Waktu: 24.4s | Jarak: 243 m | RSSI: -54.0562 dBm | Tput: 2402.6 Mbps | Delay: 63.3176 ms | Jitter: 0.00425647 ms | Drop: 44074
[INFO] Waktu: 24.6s | Jarak: 245 m | RSSI: -54.1274 dBm | Tput: 2418.32 Mbps | Delay: 63.0994 ms | Jitter: 0.00420715 ms | Drop: 43888
[INFO] Waktu: 24.8s | Jarak: 247 m | RSSI: -54.1981 dBm | Tput: 2414.37 Mbps | Delay: 62.9496 ms | Jitter: 0.00419803 ms | Drop: 43892
[INFO] Waktu: 25s | Jarak: 249 m | RSSI: -54.2681 dBm | Tput: 2405.01 Mbps | Delay: 63.3536 ms | Jitter: 0.00425309 ms | Drop: 44039
[INFO] Waktu: 25.2s | Jarak: 251 m | RSSI: -54.3376 dBm | Tput: 2395 Mbps | Delay: 63.4963 ms | Jitter: 0.00429482 ms | Drop: 44252
[INFO] Waktu: 25.4s | Jarak: 253 m | RSSI: -54.4065 dBm | Tput: 2416.14 Mbps | Delay: 63.1359 ms | Jitter: 0.00419962 ms | Drop: 43936
[INFO] Waktu: 25.6s | Jarak: 255 m | RSSI: -54.4749 dBm | Tput: 2404.95 Mbps | Delay: 63.2058 ms | Jitter: 0.00424797 ms | Drop: 44060
[INFO] Waktu: 25.8s | Jarak: 257 m | RSSI: -54.5428 dBm | Tput: 2401.6 Mbps | Delay: 63.4215 ms | Jitter: 0.00426297 ms | Drop: 44127
[INFO] Waktu: 26s | Jarak: 259 m | RSSI: -54.6101 dBm | Tput: 2401.07 Mbps | Delay: 63.3568 ms | Jitter: 0.00425982 ms | Drop: 44221
[INFO] Waktu: 26.2s | Jarak: 261 m | RSSI: -54.6769 dBm | Tput: 2399.65 Mbps | Delay: 63.3281 ms | Jitter: 0.00427909 ms | Drop: 44114
[INFO] Waktu: 26.4s | Jarak: 263 m | RSSI: -54.7432 dBm | Tput: 2409.96 Mbps | Delay: 63.1946 ms | Jitter: 0.00423455 ms | Drop: 44059
[INFO] Waktu: 26.6s | Jarak: 265 m | RSSI: -54.809 dBm | Tput: 2417.14 Mbps | Delay: 63.058 ms | Jitter: 0.00419989 ms | Drop: 43817
[INFO] Waktu: 26.8s | Jarak: 267 m | RSSI: -54.8743 dBm | Tput: 2397.24 Mbps | Delay: 63.3744 ms | Jitter: 0.00427389 ms | Drop: 44208
[INFO] Waktu: 27s | Jarak: 269 m | RSSI: -54.9392 dBm | Tput: 2402.95 Mbps | Delay: 63.3578 ms | Jitter: 0.00426194 ms | Drop: 44143
[INFO] Waktu: 27.2s | Jarak: 271 m | RSSI: -55.0035 dBm | Tput: 2399.42 Mbps | Delay: 63.4594 ms | Jitter: 0.00428866 ms | Drop: 44197
[INFO] Waktu: 27.4s | Jarak: 273 m | RSSI: -55.0674 dBm | Tput: 2396.65 Mbps | Delay: 63.3892 ms | Jitter: 0.00427311 ms | Drop: 44180
[INFO] Waktu: 27.6s | Jarak: 275 m | RSSI: -55.1308 dBm | Tput: 2414.73 Mbps | Delay: 63.0778 ms | Jitter: 0.00421368 ms | Drop: 43914
[INFO] Waktu: 27.8s | Jarak: 277 m | RSSI: -55.1937 dBm | Tput: 2393.65 Mbps | Delay: 63.5286 ms | Jitter: 0.00431056 ms | Drop: 44310
[INFO] Waktu: 28s | Jarak: 279 m | RSSI: -55.2562 dBm | Tput: 2405.42 Mbps | Delay: 63.3107 ms | Jitter: 0.00424545 ms | Drop: 44012
[INFO] Waktu: 28.2s | Jarak: 281 m | RSSI: -55.3182 dBm | Tput: 2415.61 Mbps | Delay: 63.0239 ms | Jitter: 0.00420849 ms | Drop: 43950
[INFO] Waktu: 28.4s | Jarak: 283 m | RSSI: -55.3798 dBm | Tput: 2397.3 Mbps | Delay: 63.4228 ms | Jitter: 0.00431167 ms | Drop: 44196
[INFO] Waktu: 28.6s | Jarak: 285 m | RSSI: -55.441 dBm | Tput: 2412.2 Mbps | Delay: 63.0475 ms | Jitter: 0.00421187 ms | Drop: 43966
[INFO] Waktu: 28.8s | Jarak: 287 m | RSSI: -55.5017 dBm | Tput: 2406.78 Mbps | Delay: 63.2443 ms | Jitter: 0.00424425 ms | Drop: 44006
[INFO] Waktu: 29s | Jarak: 289 m | RSSI: -55.5621 dBm | Tput: 2404.36 Mbps | Delay: 63.3231 ms | Jitter: 0.00426132 ms | Drop: 44169
[INFO] Waktu: 29.2s | Jarak: 291 m | RSSI: -55.622 dBm | Tput: 2401.13 Mbps | Delay: 63.3282 ms | Jitter: 0.00425824 ms | Drop: 44092
[INFO] Waktu: 29.4s | Jarak: 293 m | RSSI: -55.6815 dBm | Tput: 2414.67 Mbps | Delay: 63.0617 ms | Jitter: 0.00420909 ms | Drop: 43897
[INFO] Waktu: 29.6s | Jarak: 295 m | RSSI: -55.7406 dBm | Tput: 2409.19 Mbps | Delay: 63.1248 ms | Jitter: 0.00422734 ms | Drop: 43991
[INFO] Waktu: 29.8s | Jarak: 297 m | RSSI: -55.7992 dBm | Tput: 2403.66 Mbps | Delay: 63.2887 ms | Jitter: 0.00424788 ms | Drop: 44151
[INFO] Waktu: 30s | Jarak: 299 m | RSSI: -55.8575 dBm | Tput: 2408.96 Mbps | Delay: 63.153 ms | Jitter: 0.00423443 ms | Drop: 43966
[INFO] Waktu: 30.2s | Jarak: 301 m | RSSI: -55.9154 dBm | Tput: 2402.6 Mbps | Delay: 63.3146 ms | Jitter: 0.0042656 ms | Drop: 44182
[INFO] Waktu: 30.4s | Jarak: 303 m | RSSI: -55.973 dBm | Tput: 2404.01 Mbps | Delay: 63.248 ms | Jitter: 0.0042467 ms | Drop: 44030
[INFO] Waktu: 30.6s | Jarak: 305 m | RSSI: -56.0301 dBm | Tput: 2412.49 Mbps | Delay: 63.1238 ms | Jitter: 0.00423337 ms | Drop: 44034
[INFO] Waktu: 30.8s | Jarak: 307 m | RSSI: -56.0869 dBm | Tput: 2395.12 Mbps | Delay: 63.4043 ms | Jitter: 0.00428087 ms | Drop: 44246
[INFO] Waktu: 31s | Jarak: 309 m | RSSI: -56.1433 dBm | Tput: 2406.43 Mbps | Delay: 63.2204 ms | Jitter: 0.00424825 ms | Drop: 43984
[INFO] Waktu: 31.2s | Jarak: 311 m | RSSI: -56.1993 dBm | Tput: 2397.77 Mbps | Delay: 63.3614 ms | Jitter: 0.00431291 ms | Drop: 44195
[INFO] Waktu: 31.4s | Jarak: 313 m | RSSI: -56.255 dBm | Tput: 2417.02 Mbps | Delay: 63.055 ms | Jitter: 0.00422244 ms | Drop: 43915
[INFO] Waktu: 31.6s | Jarak: 315 m | RSSI: -56.3103 dBm | Tput: 2401.13 Mbps | Delay: 63.2806 ms | Jitter: 0.00425201 ms | Drop: 44106
[INFO] Waktu: 31.8s | Jarak: 317 m | RSSI: -56.3653 dBm | Tput: 2394.3 Mbps | Delay: 63.4926 ms | Jitter: 0.00436834 ms | Drop: 44278
[INFO] Waktu: 32s | Jarak: 319 m | RSSI: -56.4199 dBm | Tput: 2399.3 Mbps | Delay: 63.3258 ms | Jitter: 0.00431669 ms | Drop: 44212
[INFO] Waktu: 32.2s | Jarak: 321 m | RSSI: -56.4742 dBm | Tput: 2406.78 Mbps | Delay: 63.2787 ms | Jitter: 0.00426592 ms | Drop: 44042
[INFO] Waktu: 32.4s | Jarak: 323 m | RSSI: -56.5282 dBm | Tput: 2410.55 Mbps | Delay: 63.1901 ms | Jitter: 0.00429566 ms | Drop: 43991
[INFO] Waktu: 32.6s | Jarak: 325 m | RSSI: -56.5818 dBm | Tput: 2399.54 Mbps | Delay: 63.3425 ms | Jitter: 0.00428939 ms | Drop: 44152
[INFO] Waktu: 32.8s | Jarak: 327 m | RSSI: -56.6351 dBm | Tput: 2388 Mbps | Delay: 63.5702 ms | Jitter: 0.00444632 ms | Drop: 44357
[INFO] Waktu: 33s | Jarak: 329 m | RSSI: -56.688 dBm | Tput: 2398.54 Mbps | Delay: 63.3045 ms | Jitter: 0.00434896 ms | Drop: 44180
[INFO] Waktu: 33.2s | Jarak: 331 m | RSSI: -56.7407 dBm | Tput: 2401.95 Mbps | Delay: 63.4649 ms | Jitter: 0.00429864 ms | Drop: 44175
[INFO] Waktu: 33.4s | Jarak: 333 m | RSSI: -56.793 dBm | Tput: 2383.87 Mbps | Delay: 63.5984 ms | Jitter: 0.00451822 ms | Drop: 44395
[INFO] Waktu: 33.6s | Jarak: 335 m | RSSI: -56.845 dBm | Tput: 2377.46 Mbps | Delay: 63.7462 ms | Jitter: 0.00451306 ms | Drop: 44596
[INFO] Waktu: 33.8s | Jarak: 337 m | RSSI: -56.8967 dBm | Tput: 2381.46 Mbps | Delay: 63.7889 ms | Jitter: 0.00463691 ms | Drop: 44475
[INFO] Waktu: 34s | Jarak: 339 m | RSSI: -56.9481 dBm | Tput: 2382.81 Mbps | Delay: 63.7584 ms | Jitter: 0.00450815 ms | Drop: 44431
[INFO] Waktu: 34.2s | Jarak: 341 m | RSSI: -56.9992 dBm | Tput: 2378.52 Mbps | Delay: 63.7235 ms | Jitter: 0.00460055 ms | Drop: 44571
[INFO] Waktu: 34.4s | Jarak: 343 m | RSSI: -57.05 dBm | Tput: 2360.56 Mbps | Delay: 64.1222 ms | Jitter: 0.00486567 ms | Drop: 44767
[INFO] Waktu: 34.6s | Jarak: 345 m | RSSI: -57.1005 dBm | Tput: 2362.03 Mbps | Delay: 64.1417 ms | Jitter: 0.00492662 ms | Drop: 44874
[INFO] Waktu: 34.8s | Jarak: 347 m | RSSI: -57.1507 dBm | Tput: 2382.11 Mbps | Delay: 63.8671 ms | Jitter: 0.00464754 ms | Drop: 44443
[INFO] Waktu: 35s | Jarak: 349 m | RSSI: -57.2006 dBm | Tput: 2348.78 Mbps | Delay: 64.3079 ms | Jitter: 0.00507936 ms | Drop: 45030
[INFO] Waktu: 35.2s | Jarak: 351 m | RSSI: -57.2503 dBm | Tput: 2326.23 Mbps | Delay: 64.9381 ms | Jitter: 0.00533305 ms | Drop: 45453
[INFO] Waktu: 35.4s | Jarak: 353 m | RSSI: -57.2996 dBm | Tput: 2320.05 Mbps | Delay: 64.9365 ms | Jitter: 0.00550706 ms | Drop: 45385
[INFO] Waktu: 35.6s | Jarak: 355 m | RSSI: -57.3487 dBm | Tput: 2318.16 Mbps | Delay: 65.2814 ms | Jitter: 0.00544121 ms | Drop: 45679
[INFO] Waktu: 35.8s | Jarak: 357 m | RSSI: -57.3975 dBm | Tput: 2321.34 Mbps | Delay: 65.0568 ms | Jitter: 0.00549701 ms | Drop: 45432
[INFO] Waktu: 36s | Jarak: 359 m | RSSI: -57.446 dBm | Tput: 2306.04 Mbps | Delay: 65.4545 ms | Jitter: 0.00574433 ms | Drop: 45784
[INFO] Waktu: 36.2s | Jarak: 361 m | RSSI: -57.4943 dBm | Tput: 2270.65 Mbps | Delay: 66.2897 ms | Jitter: 0.00622076 ms | Drop: 46448
[INFO] Waktu: 36.4s | Jarak: 363 m | RSSI: -57.5422 dBm | Tput: 2233.73 Mbps | Delay: 67.0434 ms | Jitter: 0.00663803 ms | Drop: 46828
[INFO] Waktu: 36.6s | Jarak: 365 m | RSSI: -57.59 dBm | Tput: 2208.71 Mbps | Delay: 67.3178 ms | Jitter: 0.00490896 ms | Drop: 47476
[INFO] Waktu: 36.8s | Jarak: 367 m | RSSI: -57.6374 dBm | Tput: 2200.58 Mbps | Delay: 67.6235 ms | Jitter: 0.00500192 ms | Drop: 47550
[INFO] Waktu: 37s | Jarak: 369 m | RSSI: -57.6846 dBm | Tput: 2196.05 Mbps | Delay: 67.8299 ms | Jitter: 0.00505242 ms | Drop: 47629
[INFO] Waktu: 37.2s | Jarak: 371 m | RSSI: -57.7316 dBm | Tput: 2201.88 Mbps | Delay: 67.577 ms | Jitter: 0.00502129 ms | Drop: 47518
[INFO] Waktu: 37.4s | Jarak: 373 m | RSSI: -57.7783 dBm | Tput: 2206.53 Mbps | Delay: 67.5592 ms | Jitter: 0.00489925 ms | Drop: 47553
[INFO] Waktu: 37.6s | Jarak: 375 m | RSSI: -57.8247 dBm | Tput: 2193.81 Mbps | Delay: 67.69 ms | Jitter: 0.00499601 ms | Drop: 47612
[INFO] Waktu: 37.8s | Jarak: 377 m | RSSI: -57.8709 dBm | Tput: 2202.05 Mbps | Delay: 67.7208 ms | Jitter: 0.0048669 ms | Drop: 47500
[INFO] Waktu: 38s | Jarak: 379 m | RSSI: -57.9169 dBm | Tput: 2196.99 Mbps | Delay: 67.6862 ms | Jitter: 0.0050328 ms | Drop: 47685
[INFO] Waktu: 38.2s | Jarak: 381 m | RSSI: -57.9626 dBm | Tput: 2192.69 Mbps | Delay: 67.8645 ms | Jitter: 0.00511927 ms | Drop: 47619
[INFO] Waktu: 38.4s | Jarak: 383 m | RSSI: -58.0081 dBm | Tput: 2209.47 Mbps | Delay: 67.4676 ms | Jitter: 0.00498292 ms | Drop: 47496
[INFO] Waktu: 38.6s | Jarak: 385 m | RSSI: -58.0533 dBm | Tput: 2189.1 Mbps | Delay: 67.8744 ms | Jitter: 0.00524814 ms | Drop: 47740
[INFO] Waktu: 38.8s | Jarak: 387 m | RSSI: -58.0983 dBm | Tput: 2197.93 Mbps | Delay: 67.7995 ms | Jitter: 0.00515985 ms | Drop: 47527
[INFO] Waktu: 39s | Jarak: 389 m | RSSI: -58.1431 dBm | Tput: 2179.56 Mbps | Delay: 68.021 ms | Jitter: 0.00527337 ms | Drop: 47944
[INFO] Waktu: 39.2s | Jarak: 391 m | RSSI: -58.1876 dBm | Tput: 2173.03 Mbps | Delay: 68.5113 ms | Jitter: 0.00554518 ms | Drop: 48047
[INFO] Waktu: 39.4s | Jarak: 393 m | RSSI: -58.232 dBm | Tput: 2170.67 Mbps | Delay: 68.2503 ms | Jitter: 0.00548688 ms | Drop: 47962
[INFO] Waktu: 39.6s | Jarak: 395 m | RSSI: -58.2761 dBm | Tput: 2156.01 Mbps | Delay: 68.5843 ms | Jitter: 0.00565987 ms | Drop: 48315
[INFO] Waktu: 39.8s | Jarak: 397 m | RSSI: -58.3199 dBm | Tput: 2166.31 Mbps | Delay: 68.5477 ms | Jitter: 0.00542485 ms | Drop: 47999
[INFO] Waktu: 40s | Jarak: 399 m | RSSI: -58.3636 dBm | Tput: 2174.14 Mbps | Delay: 68.5712 ms | Jitter: 0.00569734 ms | Drop: 48170
[INFO] Waktu: 40.2s | Jarak: 401 m | RSSI: -58.407 dBm | Tput: 2153.06 Mbps | Delay: 68.8238 ms | Jitter: 0.00575024 ms | Drop: 48364
[INFO] Waktu: 40.4s | Jarak: 403 m | RSSI: -58.4502 dBm | Tput: 2132.99 Mbps | Delay: 69.0311 ms | Jitter: 0.00610027 ms | Drop: 48618
[INFO] Waktu: 40.6s | Jarak: 405 m | RSSI: -58.4932 dBm | Tput: 2159.13 Mbps | Delay: 69.1385 ms | Jitter: 0.00592894 ms | Drop: 48368
[INFO] Waktu: 40.8s | Jarak: 407 m | RSSI: -58.536 dBm | Tput: 2127.63 Mbps | Delay: 69.3446 ms | Jitter: 0.00613671 ms | Drop: 48743
[INFO] Waktu: 41s | Jarak: 409 m | RSSI: -58.5786 dBm | Tput: 2134.87 Mbps | Delay: 69.4308 ms | Jitter: 0.00625045 ms | Drop: 48667
[INFO] Waktu: 41.2s | Jarak: 411 m | RSSI: -58.6209 dBm | Tput: 2113.44 Mbps | Delay: 69.9749 ms | Jitter: 0.00654063 ms | Drop: 49054
[INFO] Waktu: 41.4s | Jarak: 413 m | RSSI: -58.6631 dBm | Tput: 2118.09 Mbps | Delay: 69.6316 ms | Jitter: 0.00650501 ms | Drop: 48898
[INFO] Waktu: 41.6s | Jarak: 415 m | RSSI: -58.7051 dBm | Tput: 2108.79 Mbps | Delay: 70.3111 ms | Jitter: 0.00664419 ms | Drop: 49178
[INFO] Waktu: 41.8s | Jarak: 417 m | RSSI: -58.7468 dBm | Tput: 2092.65 Mbps | Delay: 70.4296 ms | Jitter: 0.00685835 ms | Drop: 49224
[INFO] Waktu: 42s | Jarak: 419 m | RSSI: -58.7884 dBm | Tput: 1799.67 Mbps | Delay: 77.9615 ms | Jitter: 0.00858286 ms | Drop: 54466
[INFO] Waktu: 42.2s | Jarak: 421 m | RSSI: -58.8298 dBm | Tput: 1920.02 Mbps | Delay: 76.0411 ms | Jitter: 0.00633532 ms | Drop: 52270
[INFO] Waktu: 42.4s | Jarak: 423 m | RSSI: -58.8709 dBm | Tput: 1901.88 Mbps | Delay: 75.6679 ms | Jitter: 0.00628408 ms | Drop: 52661
[INFO] Waktu: 42.6s | Jarak: 425 m | RSSI: -58.9119 dBm | Tput: 1918.31 Mbps | Delay: 75.3948 ms | Jitter: 0.00623326 ms | Drop: 52414
[INFO] Waktu: 42.8s | Jarak: 427 m | RSSI: -58.9527 dBm | Tput: 1913.42 Mbps | Delay: 75.3713 ms | Jitter: 0.00621232 ms | Drop: 52414
[INFO] Waktu: 43s | Jarak: 429 m | RSSI: -58.9933 dBm | Tput: 1902.82 Mbps | Delay: 75.6623 ms | Jitter: 0.00629124 ms | Drop: 52627
[INFO] Waktu: 43.2s | Jarak: 431 m | RSSI: -59.0337 dBm | Tput: 1914.31 Mbps | Delay: 75.3928 ms | Jitter: 0.00621855 ms | Drop: 52446
[INFO] Waktu: 43.4s | Jarak: 433 m | RSSI: -59.0739 dBm | Tput: 1915.07 Mbps | Delay: 75.3331 ms | Jitter: 0.00622377 ms | Drop: 52313
[INFO] Waktu: 43.6s | Jarak: 435 m | RSSI: -59.1139 dBm | Tput: 1913.95 Mbps | Delay: 75.2894 ms | Jitter: 0.00620228 ms | Drop: 52447
[INFO] Waktu: 43.8s | Jarak: 437 m | RSSI: -59.1537 dBm | Tput: 1913.07 Mbps | Delay: 75.4778 ms | Jitter: 0.00624778 ms | Drop: 52491
[INFO] Waktu: 44s | Jarak: 439 m | RSSI: -59.1934 dBm | Tput: 1908.36 Mbps | Delay: 75.628 ms | Jitter: 0.00624704 ms | Drop: 52414
[INFO] Waktu: 44.2s | Jarak: 441 m | RSSI: -59.2329 dBm | Tput: 1916.66 Mbps | Delay: 75.3777 ms | Jitter: 0.00620623 ms | Drop: 52413
[INFO] Waktu: 44.4s | Jarak: 443 m | RSSI: -59.2722 dBm | Tput: 1912.95 Mbps | Delay: 75.4908 ms | Jitter: 0.00624224 ms | Drop: 52414
[INFO] Waktu: 44.6s | Jarak: 445 m | RSSI: -59.3113 dBm | Tput: 1915.43 Mbps | Delay: 75.2721 ms | Jitter: 0.00621503 ms | Drop: 52414
[INFO] Waktu: 44.8s | Jarak: 447 m | RSSI: -59.3503 dBm | Tput: 1909.66 Mbps | Delay: 75.5076 ms | Jitter: 0.00625683 ms | Drop: 52448
[INFO] Waktu: 45s | Jarak: 449 m | RSSI: -59.389 dBm | Tput: 1911.83 Mbps | Delay: 75.3074 ms | Jitter: 0.00622625 ms | Drop: 52475
[INFO] Waktu: 45.2s | Jarak: 451 m | RSSI: -59.4276 dBm | Tput: 1911.01 Mbps | Delay: 75.4977 ms | Jitter: 0.00625803 ms | Drop: 52511
[INFO] Waktu: 45.4s | Jarak: 453 m | RSSI: -59.4661 dBm | Tput: 1907.3 Mbps | Delay: 75.5343 ms | Jitter: 0.00624829 ms | Drop: 52477
[INFO] Waktu: 45.6s | Jarak: 455 m | RSSI: -59.5043 dBm | Tput: 1919.61 Mbps | Delay: 75.3154 ms | Jitter: 0.00621328 ms | Drop: 52414
[INFO] Waktu: 45.8s | Jarak: 457 m | RSSI: -59.5424 dBm | Tput: 1914.13 Mbps | Delay: 75.2774 ms | Jitter: 0.00622154 ms | Drop: 52413
[INFO] Waktu: 46s | Jarak: 459 m | RSSI: -59.5804 dBm | Tput: 1912.83 Mbps | Delay: 75.4072 ms | Jitter: 0.00619514 ms | Drop: 52413
[INFO] Waktu: 46.2s | Jarak: 461 m | RSSI: -59.6181 dBm | Tput: 1917.66 Mbps | Delay: 75.3167 ms | Jitter: 0.00621636 ms | Drop: 52415
[INFO] Waktu: 46.4s | Jarak: 463 m | RSSI: -59.6557 dBm | Tput: 1915.6 Mbps | Delay: 75.2595 ms | Jitter: 0.00621524 ms | Drop: 52295
[INFO] Waktu: 46.6s | Jarak: 465 m | RSSI: -59.6932 dBm | Tput: 1915.48 Mbps | Delay: 75.2962 ms | Jitter: 0.00620776 ms | Drop: 52416
[INFO] Waktu: 46.8s | Jarak: 467 m | RSSI: -59.7304 dBm | Tput: 1916.25 Mbps | Delay: 75.2457 ms | Jitter: 0.0062151 ms | Drop: 52327
[INFO] Waktu: 47s | Jarak: 469 m | RSSI: -59.7676 dBm | Tput: 1910.13 Mbps | Delay: 75.459 ms | Jitter: 0.0062544 ms | Drop: 52532
[INFO] Waktu: 47.2s | Jarak: 471 m | RSSI: -59.8045 dBm | Tput: 1915.37 Mbps | Delay: 75.343 ms | Jitter: 0.0062194 ms | Drop: 52396
[INFO] Waktu: 47.4s | Jarak: 473 m | RSSI: -59.8413 dBm | Tput: 1920.37 Mbps | Delay: 75.1301 ms | Jitter: 0.00618471 ms | Drop: 52260
[INFO] Waktu: 47.6s | Jarak: 475 m | RSSI: -59.878 dBm | Tput: 1909.01 Mbps | Delay: 75.3707 ms | Jitter: 0.00624938 ms | Drop: 52545
[INFO] Waktu: 47.8s | Jarak: 477 m | RSSI: -59.9145 dBm | Tput: 1904.53 Mbps | Delay: 75.5594 ms | Jitter: 0.0062644 ms | Drop: 52539
[INFO] Waktu: 48s | Jarak: 479 m | RSSI: -59.9508 dBm | Tput: 1913.89 Mbps | Delay: 75.3977 ms | Jitter: 0.00625385 ms | Drop: 52413
[INFO] Waktu: 48.2s | Jarak: 481 m | RSSI: -59.987 dBm | Tput: 1920.19 Mbps | Delay: 75.1721 ms | Jitter: 0.00621464 ms | Drop: 52413
[INFO] Waktu: 48.4s | Jarak: 483 m | RSSI: -60.0292 dBm | Tput: 1911.89 Mbps | Delay: 75.3613 ms | Jitter: 0.00620265 ms | Drop: 52414
[INFO] Waktu: 48.6s | Jarak: 485 m | RSSI: -60.0589 dBm | Tput: 1914.31 Mbps | Delay: 75.4753 ms | Jitter: 0.00624472 ms | Drop: 52414
[INFO] Waktu: 48.8s | Jarak: 487 m | RSSI: -60.0947 dBm | Tput: 1913.66 Mbps | Delay: 75.2047 ms | Jitter: 0.00622396 ms | Drop: 52413
[INFO] Waktu: 49s | Jarak: 489 m | RSSI: -60.1303 dBm | Tput: 1907.89 Mbps | Delay: 75.4588 ms | Jitter: 0.00625728 ms | Drop: 52487
[INFO] Waktu: 49.2s | Jarak: 491 m | RSSI: -60.1657 dBm | Tput: 1915.43 Mbps | Delay: 75.3773 ms | Jitter: 0.00622294 ms | Drop: 52395
[INFO] Waktu: 49.4s | Jarak: 493 m | RSSI: -60.201 dBm | Tput: 1918.07 Mbps | Delay: 75.2746 ms | Jitter: 0.00619603 ms | Drop: 52359
[INFO] Waktu: 49.6s | Jarak: 495 m | RSSI: -60.2362 dBm | Tput: 1914.25 Mbps | Delay: 75.2515 ms | Jitter: 0.00621203 ms | Drop: 52414
[INFO] Waktu: 49.8s | Jarak: 497 m | RSSI: -60.2712 dBm | Tput: 1916.66 Mbps | Delay: 75.2214 ms | Jitter: 0.0062045 ms | Drop: 52414
[INFO] Waktu: 50s | Jarak: 499 m | RSSI: -60.3061 dBm | Tput: 1916.13 Mbps | Delay: 75.2595 ms | Jitter: 0.00623389 ms | Drop: 52414
[INFO] Waktu: 50.2s | Jarak: 501 m | RSSI: -60.3409 dBm | Tput: 1916.01 Mbps | Delay: 75.2436 ms | Jitter: 0.00621714 ms | Drop: 52413
[INFO] Waktu: 50.4s | Jarak: 503 m | RSSI: -60.3755 dBm | Tput: 1911.72 Mbps | Delay: 75.3539 ms | Jitter: 0.00624122 ms | Drop: 52414
[INFO] Waktu: 50.6s | Jarak: 505 m | RSSI: -60.4099 dBm | Tput: 1906.48 Mbps | Delay: 75.4558 ms | Jitter: 0.00623322 ms | Drop: 52494
[INFO] Waktu: 50.8s | Jarak: 507 m | RSSI: -60.4443 dBm | Tput: 1920.25 Mbps | Delay: 75.2109 ms | Jitter: 0.00621234 ms | Drop: 52333
[INFO] Waktu: 51s | Jarak: 509 m | RSSI: -60.4785 dBm | Tput: 1919.78 Mbps | Delay: 74.9642 ms | Jitter: 0.00618226 ms | Drop: 52376
[INFO] Waktu: 51.2s | Jarak: 511 m | RSSI: -60.5125 dBm | Tput: 1909.83 Mbps | Delay: 75.5795 ms | Jitter: 0.00626553 ms | Drop: 52451
[INFO] Waktu: 51.4s | Jarak: 513 m | RSSI: -60.5465 dBm | Tput: 1918.78 Mbps | Delay: 74.9988 ms | Jitter: 0.0061842 ms | Drop: 52324
[INFO] Waktu: 51.6s | Jarak: 515 m | RSSI: -60.5803 dBm | Tput: 1914.31 Mbps | Delay: 75.3008 ms | Jitter: 0.00621812 ms | Drop: 52487
[INFO] Waktu: 51.8s | Jarak: 517 m | RSSI: -60.6139 dBm | Tput: 1922.79 Mbps | Delay: 75.0526 ms | Jitter: 0.00616614 ms | Drop: 52175
[INFO] Waktu: 52s | Jarak: 519 m | RSSI: -60.6475 dBm | Tput: 1914.48 Mbps | Delay: 75.2681 ms | Jitter: 0.00621695 ms | Drop: 52413
[INFO] Waktu: 52.2s | Jarak: 521 m | RSSI: -60.6809 dBm | Tput: 1920.02 Mbps | Delay: 75.0648 ms | Jitter: 0.00619877 ms | Drop: 52414
[INFO] Waktu: 52.4s | Jarak: 523 m | RSSI: -60.7141 dBm | Tput: 1915.01 Mbps | Delay: 75.2234 ms | Jitter: 0.00622783 ms | Drop: 52387
[INFO] Waktu: 52.6s | Jarak: 525 m | RSSI: -60.7473 dBm | Tput: 1910.83 Mbps | Delay: 75.3882 ms | Jitter: 0.00626569 ms | Drop: 52441
[INFO] Waktu: 52.8s | Jarak: 527 m | RSSI: -60.7803 dBm | Tput: 1917.9 Mbps | Delay: 75.1635 ms | Jitter: 0.00621022 ms | Drop: 52338
[INFO] Waktu: 53s | Jarak: 529 m | RSSI: -60.8132 dBm | Tput: 1914.19 Mbps | Delay: 75.3008 ms | Jitter: 0.00622318 ms | Drop: 52489
[INFO] Waktu: 53.2s | Jarak: 531 m | RSSI: -60.846 dBm | Tput: 1909.6 Mbps | Delay: 75.3723 ms | Jitter: 0.00624263 ms | Drop: 52414
[INFO] Waktu: 53.4s | Jarak: 533 m | RSSI: -60.8787 dBm | Tput: 1919.96 Mbps | Delay: 75.1069 ms | Jitter: 0.0061974 ms | Drop: 52294
[INFO] Waktu: 53.6s | Jarak: 535 m | RSSI: -60.9112 dBm | Tput: 1924.43 Mbps | Delay: 75.0236 ms | Jitter: 0.00615365 ms | Drop: 52277
[INFO] Waktu: 53.8s | Jarak: 537 m | RSSI: -60.9436 dBm | Tput: 1913.84 Mbps | Delay: 75.2273 ms | Jitter: 0.00621392 ms | Drop: 52413
[INFO] Waktu: 54s | Jarak: 539 m | RSSI: -60.9759 dBm | Tput: 1913.42 Mbps | Delay: 75.3152 ms | Jitter: 0.00623054 ms | Drop: 52414
[INFO] Waktu: 54.2s | Jarak: 541 m | RSSI: -61.0081 dBm | Tput: 1909.6 Mbps | Delay: 75.3596 ms | Jitter: 0.00626852 ms | Drop: 52451
[INFO] Waktu: 54.4s | Jarak: 543 m | RSSI: -61.0401 dBm | Tput: 1908.83 Mbps | Delay: 75.3764 ms | Jitter: 0.00625632 ms | Drop: 52632
[INFO] Waktu: 54.6s | Jarak: 545 m | RSSI: -61.072 dBm | Tput: 1914.78 Mbps | Delay: 75.2743 ms | Jitter: 0.00621658 ms | Drop: 52399
[INFO] Waktu: 54.8s | Jarak: 547 m | RSSI: -61.1039 dBm | Tput: 1911.89 Mbps | Delay: 75.2699 ms | Jitter: 0.00624203 ms | Drop: 52429
[INFO] Waktu: 55s | Jarak: 549 m | RSSI: -61.1356 dBm | Tput: 1912.83 Mbps | Delay: 75.2921 ms | Jitter: 0.00623997 ms | Drop: 52413
[INFO] Waktu: 55.2s | Jarak: 551 m | RSSI: -61.1671 dBm | Tput: 1917.19 Mbps | Delay: 75.2043 ms | Jitter: 0.00620919 ms | Drop: 52414
[INFO] Waktu: 55.4s | Jarak: 553 m | RSSI: -61.1986 dBm | Tput: 1915.31 Mbps | Delay: 75.1292 ms | Jitter: 0.00620679 ms | Drop: 52386
[INFO] Waktu: 55.6s | Jarak: 555 m | RSSI: -61.23 dBm | Tput: 1917.07 Mbps | Delay: 75.1036 ms | Jitter: 0.00621689 ms | Drop: 52314
[INFO] Waktu: 55.8s | Jarak: 557 m | RSSI: -61.2612 dBm | Tput: 1916.6 Mbps | Delay: 75.1718 ms | Jitter: 0.00620385 ms | Drop: 52331
[INFO] Waktu: 56s | Jarak: 559 m | RSSI: -61.2923 dBm | Tput: 1913.6 Mbps | Delay: 75.126 ms | Jitter: 0.00621015 ms | Drop: 52421
[INFO] Waktu: 56.2s | Jarak: 561 m | RSSI: -61.3234 dBm | Tput: 1913.25 Mbps | Delay: 75.2894 ms | Jitter: 0.00624413 ms | Drop: 52452
[INFO] Waktu: 56.4s | Jarak: 563 m | RSSI: -61.3543 dBm | Tput: 1912.25 Mbps | Delay: 75.321 ms | Jitter: 0.00624717 ms | Drop: 52497
[INFO] Waktu: 56.6s | Jarak: 565 m | RSSI: -61.3851 dBm | Tput: 1915.9 Mbps | Delay: 75.1374 ms | Jitter: 0.00623134 ms | Drop: 52349
[INFO] Waktu: 56.8s | Jarak: 567 m | RSSI: -61.4158 dBm | Tput: 1911.48 Mbps | Delay: 75.2754 ms | Jitter: 0.00625063 ms | Drop: 52508
[INFO] Waktu: 57s | Jarak: 569 m | RSSI: -61.4525 dBm | Tput: 1914.31 Mbps | Delay: 75.1874 ms | Jitter: 0.00622609 ms | Drop: 52341
[INFO] Waktu: 57.2s | Jarak: 571 m | RSSI: -61.4768 dBm | Tput: 1909.83 Mbps | Delay: 75.4641 ms | Jitter: 0.00626408 ms | Drop: 52539
[INFO] Waktu: 57.4s | Jarak: 573 m | RSSI: -61.5072 dBm | Tput: 1909.42 Mbps | Delay: 75.339 ms | Jitter: 0.00626377 ms | Drop: 52440
[INFO] Waktu: 57.6s | Jarak: 575 m | RSSI: -61.5375 dBm | Tput: 1917.07 Mbps | Delay: 75.189 ms | Jitter: 0.00621596 ms | Drop: 52387
[INFO] Waktu: 57.8s | Jarak: 577 m | RSSI: -61.5676 dBm | Tput: 1907.89 Mbps | Delay: 75.3845 ms | Jitter: 0.00626783 ms | Drop: 52540
[INFO] Waktu: 58s | Jarak: 579 m | RSSI: -61.5977 dBm | Tput: 1909.71 Mbps | Delay: 75.3806 ms | Jitter: 0.00627869 ms | Drop: 52543
[INFO] Waktu: 58.2s | Jarak: 581 m | RSSI: -61.6276 dBm | Tput: 1911.77 Mbps | Delay: 75.2788 ms | Jitter: 0.00622145 ms | Drop: 52414
[INFO] Waktu: 58.4s | Jarak: 583 m | RSSI: -61.6575 dBm | Tput: 1919.37 Mbps | Delay: 75.0338 ms | Jitter: 0.00620121 ms | Drop: 52405
[INFO] Waktu: 58.6s | Jarak: 585 m | RSSI: -61.6872 dBm | Tput: 1907.12 Mbps | Delay: 75.3905 ms | Jitter: 0.00625765 ms | Drop: 52422
[INFO] Waktu: 58.8s | Jarak: 587 m | RSSI: -61.7169 dBm | Tput: 1911.95 Mbps | Delay: 75.2431 ms | Jitter: 0.00625533 ms | Drop: 52461
[INFO] Waktu: 59s | Jarak: 589 m | RSSI: -61.7464 dBm | Tput: 1912.78 Mbps | Delay: 75.2514 ms | Jitter: 0.00623921 ms | Drop: 52413
[INFO] Waktu: 59.2s | Jarak: 591 m | RSSI: -61.7759 dBm | Tput: 1911.89 Mbps | Delay: 75.2905 ms | Jitter: 0.00625655 ms | Drop: 52468
[INFO] Waktu: 59.4s | Jarak: 593 m | RSSI: -62.0455 dBm | Tput: 1918.13 Mbps | Delay: 75.1183 ms | Jitter: 0.0061801 ms | Drop: 52360
[INFO] Waktu: 59.6s | Jarak: 595 m | RSSI: -62.5179 dBm | Tput: 1896.05 Mbps | Delay: 75.6154 ms | Jitter: 0.00640619 ms | Drop: 52806
[INFO] Waktu: 59.8s | Jarak: 597 m | RSSI: -62.9886 dBm | Tput: 1911.19 Mbps | Delay: 75.2621 ms | Jitter: 0.00639804 ms | Drop: 52369
[INFO] Waktu: 60s | Jarak: 599 m | RSSI: -63.4577 dBm | Tput: 1828.58 Mbps | Delay: 78.0219 ms | Jitter: 0.0082302 ms | Drop: 53895
[INFO] Waktu: 60.2s | Jarak: 601 m | RSSI: -63.9253 dBm | Tput: 1746.5 Mbps | Delay: 80.2901 ms | Jitter: 0.00741333 ms | Drop: 55157
[INFO] Waktu: 60.4s | Jarak: 603 m | RSSI: -64.3914 dBm | Tput: 1703.52 Mbps | Delay: 82.7626 ms | Jitter: 0.00878029 ms | Drop: 56137
[INFO] Waktu: 60.6s | Jarak: 605 m | RSSI: -64.8559 dBm | Tput: 1576.22 Mbps | Delay: 86.7211 ms | Jitter: 0.0087622 ms | Drop: 58065
[INFO] Waktu: 60.8s | Jarak: 607 m | RSSI: -65.3188 dBm | Tput: 1581.87 Mbps | Delay: 87.8184 ms | Jitter: 0.00899063 ms | Drop: 58136
[INFO] Waktu: 61s | Jarak: 609 m | RSSI: -65.7803 dBm | Tput: 1541.71 Mbps | Delay: 89.2967 ms | Jitter: 0.010112 ms | Drop: 58657
[INFO] Waktu: 61.2s | Jarak: 611 m | RSSI: -66.2463 dBm | Tput: 1244.9 Mbps | Delay: 103.104 ms | Jitter: 0.0120301 ms | Drop: 63847
[INFO] Waktu: 61.4s | Jarak: 613 m | RSSI: -66.6986 dBm | Tput: 1235.71 Mbps | Delay: 107.661 ms | Jitter: 0.0128704 ms | Drop: 63934
[INFO] Waktu: 61.6s | Jarak: 615 m | RSSI: -67.1555 dBm | Tput: 1232.48 Mbps | Delay: 108.01 ms | Jitter: 0.0129066 ms | Drop: 63933
[INFO] Waktu: 61.8s | Jarak: 617 m | RSSI: -67.611 dBm | Tput: 1239.25 Mbps | Delay: 107.738 ms | Jitter: 0.012969 ms | Drop: 63934
[INFO] Waktu: 62s | Jarak: 619 m | RSSI: -68.065 dBm | Tput: 1233.48 Mbps | Delay: 107.769 ms | Jitter: 0.0128522 ms | Drop: 63934
[INFO] Waktu: 62.2s | Jarak: 621 m | RSSI: -68.5175 dBm | Tput: 1231.36 Mbps | Delay: 107.852 ms | Jitter: 0.0129884 ms | Drop: 64078
[INFO] Waktu: 62.4s | Jarak: 623 m | RSSI: -68.9685 dBm | Tput: 1234.89 Mbps | Delay: 107.749 ms | Jitter: 0.0129226 ms | Drop: 64007
[INFO] Waktu: 62.6s | Jarak: 625 m | RSSI: -69.4181 dBm | Tput: 1231.18 Mbps | Delay: 108.234 ms | Jitter: 0.0130285 ms | Drop: 63972
[INFO] Waktu: 62.8s | Jarak: 627 m | RSSI: -69.8663 dBm | Tput: 1231.24 Mbps | Delay: 107.989 ms | Jitter: 0.0129975 ms | Drop: 64097
[INFO] Waktu: 63s | Jarak: 629 m | RSSI: -70.313 dBm | Tput: 1218.34 Mbps | Delay: 108.865 ms | Jitter: 0.0137152 ms | Drop: 64158
[INFO] Waktu: 63.2s | Jarak: 631 m | RSSI: -70.7584 dBm | Tput: 956.977 Mbps | Delay: 126.561 ms | Jitter: 0.0169418 ms | Drop: 68612
[INFO] Waktu: 63.4s | Jarak: 633 m | RSSI: -71.2068 dBm | Tput: 930.775 Mbps | Delay: 136.401 ms | Jitter: 0.0190397 ms | Drop: 69073
[INFO] Waktu: 63.6s | Jarak: 635 m | RSSI: -71.6493 dBm | Tput: 10.6573 Mbps | Delay: 137.361 ms | Jitter: 0.0212875 ms | Drop: 84925
[INFO] Waktu: 63.8s | Jarak: 637 m | RSSI: -72.0905 dBm | Tput: 0 Mbps | Delay: 0 ms | Jitter: 0 ms | Drop: 84926
[INFO] Waktu: 64s | Jarak: 639 m | RSSI: -72.5302 dBm | Tput: 0 Mbps | Delay: 0 ms | Jitter: 0 ms | Drop: 84925
[INFO] Waktu: 64.2s | Jarak: 641 m | RSSI: -72.9686 dBm | Tput: 0 Mbps | Delay: 0 ms | Jitter: 0 ms | Drop: 84927
[INFO] Waktu: 64.4s | Jarak: 643 m | RSSI: -73.4056 dBm | Tput: 0 Mbps | Delay: 0 ms | Jitter: 0 ms | Drop: 80181
[INFO] Waktu: 64.6s | Jarak: 645 m | RSSI: -73.8412 dBm | Tput: 0 Mbps | Delay: 0 ms | Jitter: 0 ms | Drop: 84670
[INFO] Waktu: 64.8s | Jarak: 647 m | RSSI: -74.2755 dBm | Tput: 0 Mbps | Delay: 0 ms | Jitter: 0 ms | Drop: 84926
[INFO] Waktu: 65s | Jarak: 649 m | RSSI: -74.7085 dBm | Tput: 0 Mbps | Delay: 0 ms | Jitter: 0 ms | Drop: 84925
[INFO] Waktu: 65.2s | Jarak: 651 m | RSSI: -75.1401 dBm | Tput: 0 Mbps | Delay: 0 ms | Jitter: 0 ms | Drop: 84926
[INFO] Waktu Eksekusi Nyata (Real Runtime) Simulasi: 5.79339 menit (347.603 detik)

