
=======================================================
[INFO] TANGGAL & WAKTU EKSEKUSI SIMULASI : 2026-06-09 15:00:20
=======================================================

=======================================================
[INFO] Skenario Range / Pathloss Degradation (Wi-Fi 6)
=======================================================
[SPESIFIKASI SIMULASI]
- Standar Wi-Fi     : Wi-Fi 6 (802.11ax)
- Konfigurasi MIMO  : 8x8 Spatial Streams
- Fitur Spesial     : Single-Link (Non-MLO)
    * Link 0        : Frekuensi 5 GHz (Lebar Pita 160 MHz)
- Tx Power          : 20.0 dBm
- Rate Adaptation   : IdealWifiManager (Otomatis menyesuaikan hingga 1024-QAM)
- Propagation Model : HybridBuildingsPropagationLossModel (Redaman Tembok/Indoor)
- Jarak Uji         : 0 hingga 650 meter
=======================================================

[INFO] Waktu: 0.2s | Jarak: 1 m | RSSI: -5.71343 dBm | Tput: 0 Mbps | Delay: 0 ms | Jitter: 0 ms | Drop: 0
[INFO] Waktu: 0.4s | Jarak: 3 m | RSSI: -16.4487 dBm | Tput: 0 Mbps | Delay: 0 ms | Jitter: 0 ms | Drop: 0
[INFO] Waktu: 0.6s | Jarak: 5 m | RSSI: -21.4341 dBm | Tput: 588.564 Mbps | Delay: 33.52 ms | Jitter: 0.00743132 ms | Drop: 8133
[INFO] Waktu: 0.8s | Jarak: 7 m | RSSI: -24.722 dBm | Tput: 1350.24 Mbps | Delay: 109.766 ms | Jitter: 0.00996422 ms | Drop: 60493
[INFO] Waktu: 1s | Jarak: 9 m | RSSI: -27.1777 dBm | Tput: 1352.71 Mbps | Delay: 124.349 ms | Jitter: 0.0122412 ms | Drop: 61973
[INFO] Waktu: 1.2s | Jarak: 11 m | RSSI: -29.1386 dBm | Tput: 1357.13 Mbps | Delay: 124.72 ms | Jitter: 0.0122594 ms | Drop: 61888
[INFO] Waktu: 1.4s | Jarak: 13 m | RSSI: -30.771 dBm | Tput: 1360.66 Mbps | Delay: 124.304 ms | Jitter: 0.0121547 ms | Drop: 61826
[INFO] Waktu: 1.6s | Jarak: 15 m | RSSI: -32.1693 dBm | Tput: 1370.02 Mbps | Delay: 123.416 ms | Jitter: 0.0120483 ms | Drop: 61622
[INFO] Waktu: 1.8s | Jarak: 17 m | RSSI: -33.3924 dBm | Tput: 1365.6 Mbps | Delay: 124.045 ms | Jitter: 0.0121636 ms | Drop: 61735
[INFO] Waktu: 2s | Jarak: 19 m | RSSI: -34.4792 dBm | Tput: 1373.55 Mbps | Delay: 123.292 ms | Jitter: 0.0119681 ms | Drop: 61616
[INFO] Waktu: 2.2s | Jarak: 21 m | RSSI: -35.4572 dBm | Tput: 1363.48 Mbps | Delay: 123.56 ms | Jitter: 0.0120529 ms | Drop: 61741
[INFO] Waktu: 2.4s | Jarak: 23 m | RSSI: -36.3462 dBm | Tput: 1352.71 Mbps | Delay: 124.52 ms | Jitter: 0.0122507 ms | Drop: 61995
[INFO] Waktu: 2.6s | Jarak: 25 m | RSSI: -37.1609 dBm | Tput: 1340.34 Mbps | Delay: 125.33 ms | Jitter: 0.0123924 ms | Drop: 62158
[INFO] Waktu: 2.8s | Jarak: 27 m | RSSI: -37.913 dBm | Tput: 1348.71 Mbps | Delay: 125.017 ms | Jitter: 0.0123471 ms | Drop: 61996
[INFO] Waktu: 3s | Jarak: 29 m | RSSI: -38.6112 dBm | Tput: 1359.19 Mbps | Delay: 124.289 ms | Jitter: 0.0121946 ms | Drop: 61827
[INFO] Waktu: 3.2s | Jarak: 31 m | RSSI: -39.2629 dBm | Tput: 1362.6 Mbps | Delay: 123.965 ms | Jitter: 0.0121379 ms | Drop: 61825
[INFO] Waktu: 3.4s | Jarak: 33 m | RSSI: -39.8739 dBm | Tput: 1360.13 Mbps | Delay: 123.639 ms | Jitter: 0.0121365 ms | Drop: 61792
[INFO] Waktu: 3.6s | Jarak: 35 m | RSSI: -40.4488 dBm | Tput: 1363.6 Mbps | Delay: 123.981 ms | Jitter: 0.0121444 ms | Drop: 61776
[INFO] Waktu: 3.8s | Jarak: 37 m | RSSI: -40.9918 dBm | Tput: 1354.59 Mbps | Delay: 124.298 ms | Jitter: 0.0122091 ms | Drop: 61909
[INFO] Waktu: 4s | Jarak: 39 m | RSSI: -41.5062 dBm | Tput: 1361.25 Mbps | Delay: 124.351 ms | Jitter: 0.0121825 ms | Drop: 61826
[INFO] Waktu: 4.2s | Jarak: 41 m | RSSI: -41.9949 dBm | Tput: 1365.96 Mbps | Delay: 123.567 ms | Jitter: 0.0120865 ms | Drop: 61742
[INFO] Waktu: 4.4s | Jarak: 43 m | RSSI: -42.4603 dBm | Tput: 1360.19 Mbps | Delay: 123.849 ms | Jitter: 0.0121424 ms | Drop: 61826
[INFO] Waktu: 4.6s | Jarak: 45 m | RSSI: -42.9046 dBm | Tput: 1357.66 Mbps | Delay: 123.941 ms | Jitter: 0.0121869 ms | Drop: 61825
[INFO] Waktu: 4.8s | Jarak: 47 m | RSSI: -43.3295 dBm | Tput: 1364.01 Mbps | Delay: 123.99 ms | Jitter: 0.0121429 ms | Drop: 61784
[INFO] Waktu: 5s | Jarak: 49 m | RSSI: -43.7367 dBm | Tput: 1363.66 Mbps | Delay: 123.635 ms | Jitter: 0.0121084 ms | Drop: 61777
[INFO] Waktu: 5.2s | Jarak: 51 m | RSSI: -44.1276 dBm | Tput: 1350.24 Mbps | Delay: 124.445 ms | Jitter: 0.0122243 ms | Drop: 62000
[INFO] Waktu: 5.4s | Jarak: 53 m | RSSI: -44.5035 dBm | Tput: 1357.66 Mbps | Delay: 124.132 ms | Jitter: 0.0122427 ms | Drop: 61869
[INFO] Waktu: 5.6s | Jarak: 55 m | RSSI: -44.8655 dBm | Tput: 1360.13 Mbps | Delay: 123.894 ms | Jitter: 0.0121555 ms | Drop: 61825
[INFO] Waktu: 5.8s | Jarak: 57 m | RSSI: -45.2145 dBm | Tput: 1355.18 Mbps | Delay: 124.435 ms | Jitter: 0.0122251 ms | Drop: 61868
[INFO] Waktu: 6s | Jarak: 59 m | RSSI: -45.5515 dBm | Tput: 1367.55 Mbps | Delay: 123.659 ms | Jitter: 0.0121269 ms | Drop: 61741
[INFO] Waktu: 6.2s | Jarak: 61 m | RSSI: -45.8772 dBm | Tput: 1350.24 Mbps | Delay: 123.923 ms | Jitter: 0.0121306 ms | Drop: 61993
[INFO] Waktu: 6.4s | Jarak: 63 m | RSSI: -46.1925 dBm | Tput: 1340.34 Mbps | Delay: 125.203 ms | Jitter: 0.0124131 ms | Drop: 62120
[INFO] Waktu: 6.6s | Jarak: 65 m | RSSI: -46.4978 dBm | Tput: 1355.18 Mbps | Delay: 124.407 ms | Jitter: 0.0122706 ms | Drop: 61910
[INFO] Waktu: 6.8s | Jarak: 67 m | RSSI: -46.794 dBm | Tput: 1362.6 Mbps | Delay: 124.201 ms | Jitter: 0.0121968 ms | Drop: 61823
[INFO] Waktu: 7s | Jarak: 69 m | RSSI: -47.0814 dBm | Tput: 1355.18 Mbps | Delay: 123.957 ms | Jitter: 0.0121793 ms | Drop: 61870
[INFO] Waktu: 7.2s | Jarak: 71 m | RSSI: -47.3606 dBm | Tput: 1362.6 Mbps | Delay: 124.205 ms | Jitter: 0.0122029 ms | Drop: 61805
[INFO] Waktu: 7.4s | Jarak: 73 m | RSSI: -47.6321 dBm | Tput: 1349.29 Mbps | Delay: 123.923 ms | Jitter: 0.00892927 ms | Drop: 62015
[INFO] Waktu: 7.6s | Jarak: 75 m | RSSI: -48.0617 dBm | Tput: 1351.18 Mbps | Delay: 124.703 ms | Jitter: 0.00557823 ms | Drop: 61952
[INFO] Waktu: 7.8s | Jarak: 77 m | RSSI: -48.5189 dBm | Tput: 1360.36 Mbps | Delay: 123.77 ms | Jitter: 0.0104544 ms | Drop: 61825
[INFO] Waktu: 8s | Jarak: 79 m | RSSI: -48.9643 dBm | Tput: 1350 Mbps | Delay: 124.594 ms | Jitter: 0.012299 ms | Drop: 62036
[INFO] Waktu: 8.2s | Jarak: 81 m | RSSI: -49.3987 dBm | Tput: 1357.66 Mbps | Delay: 124.19 ms | Jitter: 0.012218 ms | Drop: 61825
[INFO] Waktu: 8.4s | Jarak: 83 m | RSSI: -49.8224 dBm | Tput: 1367.55 Mbps | Delay: 123.502 ms | Jitter: 0.0120735 ms | Drop: 61722
[INFO] Waktu: 8.6s | Jarak: 85 m | RSSI: -50.236 dBm | Tput: 1355.18 Mbps | Delay: 124.102 ms | Jitter: 0.0122076 ms | Drop: 61930
[INFO] Waktu: 8.8s | Jarak: 87 m | RSSI: -50.64 dBm | Tput: 1369.73 Mbps | Delay: 123.164 ms | Jitter: 0.0120798 ms | Drop: 61660
[INFO] Waktu: 9s | Jarak: 89 m | RSSI: -51.0349 dBm | Tput: 1344.76 Mbps | Delay: 124.626 ms | Jitter: 0.00952108 ms | Drop: 62075
[INFO] Waktu: 9.2s | Jarak: 91 m | RSSI: -51.4209 dBm | Tput: 1363.13 Mbps | Delay: 123.705 ms | Jitter: 0.0112586 ms | Drop: 61747
[INFO] Waktu: 9.4s | Jarak: 93 m | RSSI: -51.7986 dBm | Tput: 1298.25 Mbps | Delay: 127.154 ms | Jitter: 0.0122818 ms | Drop: 62908
[INFO] Waktu: 9.6s | Jarak: 95 m | RSSI: -52.1682 dBm | Tput: 1300.19 Mbps | Delay: 128.018 ms | Jitter: 0.0127863 ms | Drop: 62854
[INFO] Waktu: 9.8s | Jarak: 97 m | RSSI: -52.5301 dBm | Tput: 1292.12 Mbps | Delay: 128.143 ms | Jitter: 0.0126735 ms | Drop: 62953
[INFO] Waktu: 10s | Jarak: 99 m | RSSI: -52.8847 dBm | Tput: 1253.79 Mbps | Delay: 131.367 ms | Jitter: 0.0131073 ms | Drop: 63658
[INFO] Waktu: 10.2s | Jarak: 101 m | RSSI: -53.2321 dBm | Tput: 1243.49 Mbps | Delay: 132.109 ms | Jitter: 0.0132503 ms | Drop: 63801
[INFO] Waktu: 10.4s | Jarak: 103 m | RSSI: -53.5727 dBm | Tput: 1236.89 Mbps | Delay: 132.997 ms | Jitter: 0.0134422 ms | Drop: 63905
[INFO] Waktu: 10.6s | Jarak: 105 m | RSSI: -53.9068 dBm | Tput: 1241.19 Mbps | Delay: 132.471 ms | Jitter: 0.0133686 ms | Drop: 68615
[INFO] Waktu: 10.8s | Jarak: 107 m | RSSI: -54.2346 dBm | Tput: 1241.66 Mbps | Delay: 132.286 ms | Jitter: 0.013339 ms | Drop: 63814
[INFO] Waktu: 11s | Jarak: 109 m | RSSI: -54.5563 dBm | Tput: 1246.37 Mbps | Delay: 132.49 ms | Jitter: 0.0133255 ms | Drop: 63758
[INFO] Waktu: 11.2s | Jarak: 111 m | RSSI: -54.8722 dBm | Tput: 1250.61 Mbps | Delay: 132.092 ms | Jitter: 0.0132768 ms | Drop: 63701
[INFO] Waktu: 11.4s | Jarak: 113 m | RSSI: -55.1824 dBm | Tput: 1244.61 Mbps | Delay: 131.749 ms | Jitter: 0.0132369 ms | Drop: 63758
[INFO] Waktu: 11.6s | Jarak: 115 m | RSSI: -55.4872 dBm | Tput: 1238.95 Mbps | Delay: 132.76 ms | Jitter: 0.0134116 ms | Drop: 63883
[INFO] Waktu: 11.8s | Jarak: 117 m | RSSI: -55.7867 dBm | Tput: 1242.6 Mbps | Delay: 132.488 ms | Jitter: 0.0133383 ms | Drop: 63842
[INFO] Waktu: 12s | Jarak: 119 m | RSSI: -56.0811 dBm | Tput: 1245.19 Mbps | Delay: 132.12 ms | Jitter: 0.0133634 ms | Drop: 63785
[INFO] Waktu: 12.2s | Jarak: 121 m | RSSI: -56.3707 dBm | Tput: 1242.13 Mbps | Delay: 132.372 ms | Jitter: 0.0133091 ms | Drop: 63814
[INFO] Waktu: 12.4s | Jarak: 123 m | RSSI: -56.6555 dBm | Tput: 1248.02 Mbps | Delay: 131.845 ms | Jitter: 0.0132689 ms | Drop: 63718
[INFO] Waktu: 12.6s | Jarak: 125 m | RSSI: -56.9357 dBm | Tput: 1243.84 Mbps | Delay: 132.512 ms | Jitter: 0.0133961 ms | Drop: 63808
[INFO] Waktu: 12.8s | Jarak: 127 m | RSSI: -57.2114 dBm | Tput: 1238.66 Mbps | Delay: 132.197 ms | Jitter: 0.0133938 ms | Drop: 63903
[INFO] Waktu: 13s | Jarak: 129 m | RSSI: -57.4828 dBm | Tput: 1240.01 Mbps | Delay: 132.375 ms | Jitter: 0.012801 ms | Drop: 63852
[INFO] Waktu: 13.2s | Jarak: 131 m | RSSI: -57.7501 dBm | Tput: 1152.46 Mbps | Delay: 138.301 ms | Jitter: 0.0142066 ms | Drop: 65355
[INFO] Waktu: 13.4s | Jarak: 133 m | RSSI: -58.0133 dBm | Tput: 1157.17 Mbps | Delay: 139.821 ms | Jitter: 0.0145502 ms | Drop: 65273
[INFO] Waktu: 13.6s | Jarak: 135 m | RSSI: -58.2726 dBm | Tput: 1145.92 Mbps | Delay: 140.358 ms | Jitter: 0.0146625 ms | Drop: 65453
[INFO] Waktu: 13.8s | Jarak: 137 m | RSSI: -58.5281 dBm | Tput: 1157.88 Mbps | Delay: 140.081 ms | Jitter: 0.0147718 ms | Drop: 65302
[INFO] Waktu: 14s | Jarak: 139 m | RSSI: -58.7798 dBm | Tput: 1068.73 Mbps | Delay: 145.755 ms | Jitter: 0.0154033 ms | Drop: 66733
[INFO] Waktu: 14.2s | Jarak: 141 m | RSSI: -59.028 dBm | Tput: 1075.8 Mbps | Delay: 147.924 ms | Jitter: 0.0157562 ms | Drop: 66658
[INFO] Waktu: 14.4s | Jarak: 143 m | RSSI: -59.2727 dBm | Tput: 1080.57 Mbps | Delay: 147.726 ms | Jitter: 0.0156516 ms | Drop: 66613
[INFO] Waktu: 14.6s | Jarak: 145 m | RSSI: -59.514 dBm | Tput: 1068.32 Mbps | Delay: 148.328 ms | Jitter: 0.0158273 ms | Drop: 66750
[INFO] Waktu: 14.8s | Jarak: 147 m | RSSI: -59.7519 dBm | Tput: 1065.85 Mbps | Delay: 148.29 ms | Jitter: 0.0158218 ms | Drop: 66813
[INFO] Waktu: 15s | Jarak: 149 m | RSSI: -59.9867 dBm | Tput: 1070.79 Mbps | Delay: 149.001 ms | Jitter: 0.0158946 ms | Drop: 66774
[INFO] Waktu: 15.2s | Jarak: 151 m | RSSI: -60.2183 dBm | Tput: 1071.73 Mbps | Delay: 148.081 ms | Jitter: 0.0157853 ms | Drop: 66706
[INFO] Waktu: 15.4s | Jarak: 153 m | RSSI: -60.4469 dBm | Tput: 1072.56 Mbps | Delay: 148.087 ms | Jitter: 0.01582 ms | Drop: 66697
[INFO] Waktu: 15.6s | Jarak: 155 m | RSSI: -60.6725 dBm | Tput: 1073.03 Mbps | Delay: 148.192 ms | Jitter: 0.0157718 ms | Drop: 66740
[INFO] Waktu: 15.8s | Jarak: 157 m | RSSI: -60.8952 dBm | Tput: 1083.33 Mbps | Delay: 146.945 ms | Jitter: 0.0156026 ms | Drop: 66487
[INFO] Waktu: 16s | Jarak: 159 m | RSSI: -61.1151 dBm | Tput: 1075.56 Mbps | Delay: 147.388 ms | Jitter: 0.0156066 ms | Drop: 66696
[INFO] Waktu: 16.2s | Jarak: 161 m | RSSI: -61.3323 dBm | Tput: 1075.74 Mbps | Delay: 147.773 ms | Jitter: 0.0157471 ms | Drop: 66616
[INFO] Waktu: 16.4s | Jarak: 163 m | RSSI: -61.5468 dBm | Tput: 1073.26 Mbps | Delay: 147.513 ms | Jitter: 0.0157091 ms | Drop: 66698
[INFO] Waktu: 16.6s | Jarak: 165 m | RSSI: -61.7586 dBm | Tput: 1073.26 Mbps | Delay: 148.287 ms | Jitter: 0.0157992 ms | Drop: 66736
[INFO] Waktu: 16.8s | Jarak: 167 m | RSSI: -61.9679 dBm | Tput: 1070.79 Mbps | Delay: 147.988 ms | Jitter: 0.0157939 ms | Drop: 66743
[INFO] Waktu: 17s | Jarak: 169 m | RSSI: -62.1747 dBm | Tput: 1073.26 Mbps | Delay: 148.242 ms | Jitter: 0.0158074 ms | Drop: 66675
[INFO] Waktu: 17.2s | Jarak: 171 m | RSSI: -62.3791 dBm | Tput: 1070.73 Mbps | Delay: 147.656 ms | Jitter: 0.0157771 ms | Drop: 66750
[INFO] Waktu: 17.4s | Jarak: 173 m | RSSI: -62.5811 dBm | Tput: 1075.5 Mbps | Delay: 147.785 ms | Jitter: 0.0157321 ms | Drop: 66673
[INFO] Waktu: 17.6s | Jarak: 175 m | RSSI: -62.7808 dBm | Tput: 1070.09 Mbps | Delay: 148.41 ms | Jitter: 0.0158925 ms | Drop: 66745
[INFO] Waktu: 17.8s | Jarak: 177 m | RSSI: -62.9782 dBm | Tput: 1078.98 Mbps | Delay: 147.212 ms | Jitter: 0.0156707 ms | Drop: 66580
[INFO] Waktu: 18s | Jarak: 179 m | RSSI: -63.1734 dBm | Tput: 1068.97 Mbps | Delay: 147.932 ms | Jitter: 0.0158635 ms | Drop: 66759
[INFO] Waktu: 18.2s | Jarak: 181 m | RSSI: -63.3664 dBm | Tput: 1063.37 Mbps | Delay: 148.403 ms | Jitter: 0.0154422 ms | Drop: 66905
[INFO] Waktu: 18.4s | Jarak: 183 m | RSSI: -63.5573 dBm | Tput: 1037.64 Mbps | Delay: 150.874 ms | Jitter: 0.0163621 ms | Drop: 67285
[INFO] Waktu: 18.6s | Jarak: 185 m | RSSI: -63.7523 dBm | Tput: 1035.99 Mbps | Delay: 151.862 ms | Jitter: 0.0164741 ms | Drop: 67329
[INFO] Waktu: 18.8s | Jarak: 187 m | RSSI: -63.9329 dBm | Tput: 1034.76 Mbps | Delay: 152.551 ms | Jitter: 0.0165458 ms | Drop: 67329
[INFO] Waktu: 19s | Jarak: 189 m | RSSI: -64.1177 dBm | Tput: 1038.17 Mbps | Delay: 151.954 ms | Jitter: 0.0166318 ms | Drop: 67336
[INFO] Waktu: 19.2s | Jarak: 191 m | RSSI: -64.3006 dBm | Tput: 1038.53 Mbps | Delay: 151.185 ms | Jitter: 0.016471 ms | Drop: 67261
[INFO] Waktu: 19.4s | Jarak: 193 m | RSSI: -64.4815 dBm | Tput: 1043.06 Mbps | Delay: 151.587 ms | Jitter: 0.0166554 ms | Drop: 67237
[INFO] Waktu: 19.6s | Jarak: 195 m | RSSI: -64.6606 dBm | Tput: 974.346 Mbps | Delay: 156.627 ms | Jitter: 0.0172229 ms | Drop: 68336
[INFO] Waktu: 19.8s | Jarak: 197 m | RSSI: -64.8379 dBm | Tput: 976.819 Mbps | Delay: 159.224 ms | Jitter: 0.0178987 ms | Drop: 68335
[INFO] Waktu: 20s | Jarak: 199 m | RSSI: -65.0134 dBm | Tput: 976.701 Mbps | Delay: 158.895 ms | Jitter: 0.0178751 ms | Drop: 68371
[INFO] Waktu: 20.2s | Jarak: 201 m | RSSI: -52.408 dBm | Tput: 1297.19 Mbps | Delay: 135.582 ms | Jitter: 0.0141942 ms | Drop: 62903
[INFO] Waktu: 20.4s | Jarak: 203 m | RSSI: -52.494 dBm | Tput: 1299.6 Mbps | Delay: 127.349 ms | Jitter: 0.0128096 ms | Drop: 62836
[INFO] Waktu: 20.6s | Jarak: 205 m | RSSI: -52.5792 dBm | Tput: 1299.25 Mbps | Delay: 127.589 ms | Jitter: 0.0122683 ms | Drop: 62870
[INFO] Waktu: 20.8s | Jarak: 207 m | RSSI: -52.6635 dBm | Tput: 1298.89 Mbps | Delay: 127.512 ms | Jitter: 0.0120991 ms | Drop: 62868
[INFO] Waktu: 21s | Jarak: 209 m | RSSI: -52.747 dBm | Tput: 1294.54 Mbps | Delay: 128.123 ms | Jitter: 0.0126839 ms | Drop: 62937
[INFO] Waktu: 21.2s | Jarak: 211 m | RSSI: -52.8298 dBm | Tput: 1297.19 Mbps | Delay: 127.637 ms | Jitter: 0.012715 ms | Drop: 62903
[INFO] Waktu: 21.4s | Jarak: 213 m | RSSI: -52.9117 dBm | Tput: 1248.96 Mbps | Delay: 129.997 ms | Jitter: 0.0129954 ms | Drop: 63674
[INFO] Waktu: 21.6s | Jarak: 215 m | RSSI: -52.9929 dBm | Tput: 1238.84 Mbps | Delay: 132.837 ms | Jitter: 0.0134101 ms | Drop: 63883
[INFO] Waktu: 21.8s | Jarak: 217 m | RSSI: -53.0733 dBm | Tput: 1246.37 Mbps | Delay: 131.297 ms | Jitter: 0.0132674 ms | Drop: 63758
[INFO] Waktu: 22s | Jarak: 219 m | RSSI: -53.153 dBm | Tput: 1241.43 Mbps | Delay: 131.833 ms | Jitter: 0.0133529 ms | Drop: 63883
[INFO] Waktu: 22.2s | Jarak: 221 m | RSSI: -53.232 dBm | Tput: 1238.95 Mbps | Delay: 132.049 ms | Jitter: 0.0133525 ms | Drop: 63843
[INFO] Waktu: 22.4s | Jarak: 223 m | RSSI: -53.3102 dBm | Tput: 1246.37 Mbps | Delay: 131.519 ms | Jitter: 0.0132795 ms | Drop: 63764
[INFO] Waktu: 22.6s | Jarak: 225 m | RSSI: -53.3878 dBm | Tput: 1251.32 Mbps | Delay: 131.679 ms | Jitter: 0.0133059 ms | Drop: 63709
[INFO] Waktu: 22.8s | Jarak: 227 m | RSSI: -53.4646 dBm | Tput: 1241.43 Mbps | Delay: 131.481 ms | Jitter: 0.0132824 ms | Drop: 63829
[INFO] Waktu: 23s | Jarak: 229 m | RSSI: -53.5408 dBm | Tput: 1246.37 Mbps | Delay: 131.829 ms | Jitter: 0.0132814 ms | Drop: 63728
[INFO] Waktu: 23.2s | Jarak: 231 m | RSSI: -53.6164 dBm | Tput: 1236.72 Mbps | Delay: 131.969 ms | Jitter: 0.0133771 ms | Drop: 63926
[INFO] Waktu: 23.4s | Jarak: 233 m | RSSI: -53.6912 dBm | Tput: 1239.25 Mbps | Delay: 131.91 ms | Jitter: 0.0133983 ms | Drop: 63883
[INFO] Waktu: 23.6s | Jarak: 235 m | RSSI: -53.7655 dBm | Tput: 1244.55 Mbps | Delay: 131.978 ms | Jitter: 0.0133531 ms | Drop: 63800
[INFO] Waktu: 23.8s | Jarak: 237 m | RSSI: -53.8391 dBm | Tput: 1237.78 Mbps | Delay: 131.959 ms | Jitter: 0.0133518 ms | Drop: 63884
[INFO] Waktu: 24s | Jarak: 239 m | RSSI: -53.9121 dBm | Tput: 1251.32 Mbps | Delay: 131.311 ms | Jitter: 0.0132572 ms | Drop: 63673
[INFO] Waktu: 24.2s | Jarak: 241 m | RSSI: -53.9845 dBm | Tput: 1252.44 Mbps | Delay: 131.089 ms | Jitter: 0.0129151 ms | Drop: 63675
[INFO] Waktu: 24.4s | Jarak: 243 m | RSSI: -54.0562 dBm | Tput: 1238.66 Mbps | Delay: 131.748 ms | Jitter: 0.00944124 ms | Drop: 63883
[INFO] Waktu: 24.6s | Jarak: 245 m | RSSI: -54.1274 dBm | Tput: 1240.6 Mbps | Delay: 131.915 ms | Jitter: 0.0111049 ms | Drop: 63842
[INFO] Waktu: 24.8s | Jarak: 247 m | RSSI: -54.1981 dBm | Tput: 1253.79 Mbps | Delay: 131.045 ms | Jitter: 0.0109126 ms | Drop: 63656
[INFO] Waktu: 25s | Jarak: 249 m | RSSI: -54.2681 dBm | Tput: 1238.95 Mbps | Delay: 131.931 ms | Jitter: 0.0134091 ms | Drop: 63859
[INFO] Waktu: 25.2s | Jarak: 251 m | RSSI: -54.3376 dBm | Tput: 1243.9 Mbps | Delay: 131.478 ms | Jitter: 0.0133362 ms | Drop: 63821
[INFO] Waktu: 25.4s | Jarak: 253 m | RSSI: -54.4065 dBm | Tput: 1251.32 Mbps | Delay: 131.305 ms | Jitter: 0.0132486 ms | Drop: 63690
[INFO] Waktu: 25.6s | Jarak: 255 m | RSSI: -54.4749 dBm | Tput: 1246.37 Mbps | Delay: 131.119 ms | Jitter: 0.0132408 ms | Drop: 63740
[INFO] Waktu: 25.8s | Jarak: 257 m | RSSI: -54.5428 dBm | Tput: 1236.48 Mbps | Delay: 132.446 ms | Jitter: 0.0134124 ms | Drop: 63948
[INFO] Waktu: 26s | Jarak: 259 m | RSSI: -54.6101 dBm | Tput: 1243.9 Mbps | Delay: 131.679 ms | Jitter: 0.0133494 ms | Drop: 63770
[INFO] Waktu: 26.2s | Jarak: 261 m | RSSI: -54.6769 dBm | Tput: 1243.19 Mbps | Delay: 131.32 ms | Jitter: 0.0132629 ms | Drop: 63830
[INFO] Waktu: 26.4s | Jarak: 263 m | RSSI: -54.7432 dBm | Tput: 1242.37 Mbps | Delay: 131.266 ms | Jitter: 0.0132875 ms | Drop: 63799
[INFO] Waktu: 26.6s | Jarak: 265 m | RSSI: -54.809 dBm | Tput: 1242.96 Mbps | Delay: 131.69 ms | Jitter: 0.0133501 ms | Drop: 63842
[INFO] Waktu: 26.8s | Jarak: 267 m | RSSI: -54.8743 dBm | Tput: 1247.49 Mbps | Delay: 131.731 ms | Jitter: 0.0133392 ms | Drop: 63715
[INFO] Waktu: 27s | Jarak: 269 m | RSSI: -54.9392 dBm | Tput: 1238.78 Mbps | Delay: 131.668 ms | Jitter: 0.0133183 ms | Drop: 63884
[INFO] Waktu: 27.2s | Jarak: 271 m | RSSI: -55.0035 dBm | Tput: 1248.61 Mbps | Delay: 131.343 ms | Jitter: 0.0132974 ms | Drop: 63735
[INFO] Waktu: 27.4s | Jarak: 273 m | RSSI: -55.0674 dBm | Tput: 1241.43 Mbps | Delay: 131.51 ms | Jitter: 0.0133094 ms | Drop: 63835
[INFO] Waktu: 27.6s | Jarak: 275 m | RSSI: -55.1308 dBm | Tput: 1246.37 Mbps | Delay: 131.323 ms | Jitter: 0.0132708 ms | Drop: 63750
[INFO] Waktu: 27.8s | Jarak: 277 m | RSSI: -55.1937 dBm | Tput: 1263.45 Mbps | Delay: 130.393 ms | Jitter: 0.01314 ms | Drop: 63501
[INFO] Waktu: 28s | Jarak: 279 m | RSSI: -55.2562 dBm | Tput: 1239.19 Mbps | Delay: 131.473 ms | Jitter: 0.0132868 ms | Drop: 63883
[INFO] Waktu: 28.2s | Jarak: 281 m | RSSI: -55.3182 dBm | Tput: 1245.49 Mbps | Delay: 131.172 ms | Jitter: 0.0132837 ms | Drop: 63759
[INFO] Waktu: 28.4s | Jarak: 283 m | RSSI: -55.3798 dBm | Tput: 1247.26 Mbps | Delay: 131.269 ms | Jitter: 0.0132577 ms | Drop: 63715
[INFO] Waktu: 28.6s | Jarak: 285 m | RSSI: -55.441 dBm | Tput: 1241.9 Mbps | Delay: 131.237 ms | Jitter: 0.0133125 ms | Drop: 63842
[INFO] Waktu: 28.8s | Jarak: 287 m | RSSI: -55.5017 dBm | Tput: 1237.42 Mbps | Delay: 132.017 ms | Jitter: 0.0133923 ms | Drop: 63926
[INFO] Waktu: 29s | Jarak: 289 m | RSSI: -55.5621 dBm | Tput: 1238.6 Mbps | Delay: 132.12 ms | Jitter: 0.0134181 ms | Drop: 63883
[INFO] Waktu: 29.2s | Jarak: 291 m | RSSI: -55.622 dBm | Tput: 1246.2 Mbps | Delay: 131.184 ms | Jitter: 0.0133022 ms | Drop: 63758
[INFO] Waktu: 29.4s | Jarak: 293 m | RSSI: -55.6815 dBm | Tput: 1243.02 Mbps | Delay: 131.372 ms | Jitter: 0.0132742 ms | Drop: 63842
[INFO] Waktu: 29.6s | Jarak: 295 m | RSSI: -55.7406 dBm | Tput: 1231.53 Mbps | Delay: 132.226 ms | Jitter: 0.0135143 ms | Drop: 64009
[INFO] Waktu: 29.8s | Jarak: 297 m | RSSI: -55.7992 dBm | Tput: 1242.19 Mbps | Delay: 131.495 ms | Jitter: 0.0133562 ms | Drop: 63800
[INFO] Waktu: 30s | Jarak: 299 m | RSSI: -55.8575 dBm | Tput: 1245.61 Mbps | Delay: 131.513 ms | Jitter: 0.0132639 ms | Drop: 63800
[INFO] Waktu: 30.2s | Jarak: 301 m | RSSI: -55.9154 dBm | Tput: 1241.43 Mbps | Delay: 131.409 ms | Jitter: 0.0133155 ms | Drop: 63841
[INFO] Waktu: 30.4s | Jarak: 303 m | RSSI: -55.973 dBm | Tput: 1248.79 Mbps | Delay: 131.067 ms | Jitter: 0.0132792 ms | Drop: 63717
[INFO] Waktu: 30.6s | Jarak: 305 m | RSSI: -56.0301 dBm | Tput: 1248.84 Mbps | Delay: 130.894 ms | Jitter: 0.0132416 ms | Drop: 63709
[INFO] Waktu: 30.8s | Jarak: 307 m | RSSI: -56.0869 dBm | Tput: 1252.5 Mbps | Delay: 130.863 ms | Jitter: 0.0132186 ms | Drop: 63638
[INFO] Waktu: 31s | Jarak: 309 m | RSSI: -56.1433 dBm | Tput: 1230.36 Mbps | Delay: 131.802 ms | Jitter: 0.0133597 ms | Drop: 64028
[INFO] Waktu: 31.2s | Jarak: 311 m | RSSI: -56.1993 dBm | Tput: 1242.78 Mbps | Delay: 131.687 ms | Jitter: 0.013406 ms | Drop: 63825
[INFO] Waktu: 31.4s | Jarak: 313 m | RSSI: -56.2611 dBm | Tput: 1244.96 Mbps | Delay: 131.324 ms | Jitter: 0.0133023 ms | Drop: 63758
[INFO] Waktu: 31.6s | Jarak: 315 m | RSSI: -56.3103 dBm | Tput: 1247.2 Mbps | Delay: 131.278 ms | Jitter: 0.0133148 ms | Drop: 63757
[INFO] Waktu: 31.8s | Jarak: 317 m | RSSI: -56.3653 dBm | Tput: 1250.49 Mbps | Delay: 130.701 ms | Jitter: 0.0132241 ms | Drop: 63716
[INFO] Waktu: 32s | Jarak: 319 m | RSSI: -56.4199 dBm | Tput: 1246.31 Mbps | Delay: 130.915 ms | Jitter: 0.0132255 ms | Drop: 63758
[INFO] Waktu: 32.2s | Jarak: 321 m | RSSI: -56.4742 dBm | Tput: 1251.2 Mbps | Delay: 130.908 ms | Jitter: 0.0132002 ms | Drop: 63658
[INFO] Waktu: 32.4s | Jarak: 323 m | RSSI: -56.5282 dBm | Tput: 1230.42 Mbps | Delay: 131.773 ms | Jitter: 0.0134836 ms | Drop: 64029
[INFO] Waktu: 32.6s | Jarak: 325 m | RSSI: -56.5818 dBm | Tput: 1245.96 Mbps | Delay: 131.773 ms | Jitter: 0.013382 ms | Drop: 63760
[INFO] Waktu: 32.8s | Jarak: 327 m | RSSI: -56.6351 dBm | Tput: 1240.19 Mbps | Delay: 131.106 ms | Jitter: 0.0132896 ms | Drop: 63843
[INFO] Waktu: 33s | Jarak: 329 m | RSSI: -56.688 dBm | Tput: 1241.25 Mbps | Delay: 131.503 ms | Jitter: 0.0127189 ms | Drop: 63877
[INFO] Waktu: 33.2s | Jarak: 331 m | RSSI: -56.7407 dBm | Tput: 1241.31 Mbps | Delay: 131.48 ms | Jitter: 0.0123102 ms | Drop: 63854
[INFO] Waktu: 33.4s | Jarak: 333 m | RSSI: -56.793 dBm | Tput: 1238.6 Mbps | Delay: 131.547 ms | Jitter: 0.011992 ms | Drop: 63847
[INFO] Waktu: 33.6s | Jarak: 335 m | RSSI: -56.845 dBm | Tput: 1243.6 Mbps | Delay: 131.43 ms | Jitter: 0.0105275 ms | Drop: 63805
[INFO] Waktu: 33.8s | Jarak: 337 m | RSSI: -56.8967 dBm | Tput: 1238.95 Mbps | Delay: 131.379 ms | Jitter: 0.0105699 ms | Drop: 63888
[INFO] Waktu: 34s | Jarak: 339 m | RSSI: -56.9481 dBm | Tput: 1248.14 Mbps | Delay: 131.229 ms | Jitter: 0.00953241 ms | Drop: 63765
[INFO] Waktu: 34.2s | Jarak: 341 m | RSSI: -56.9992 dBm | Tput: 1231.06 Mbps | Delay: 131.795 ms | Jitter: 0.0114368 ms | Drop: 63978
[INFO] Waktu: 34.4s | Jarak: 343 m | RSSI: -57.05 dBm | Tput: 1240.13 Mbps | Delay: 131.377 ms | Jitter: 0.0113672 ms | Drop: 63898
[INFO] Waktu: 34.6s | Jarak: 345 m | RSSI: -57.1005 dBm | Tput: 1235.83 Mbps | Delay: 131.578 ms | Jitter: 0.0130834 ms | Drop: 63930
[INFO] Waktu: 34.8s | Jarak: 347 m | RSSI: -57.1507 dBm | Tput: 1251.85 Mbps | Delay: 130.758 ms | Jitter: 0.0130525 ms | Drop: 63654
[INFO] Waktu: 35s | Jarak: 349 m | RSSI: -57.2006 dBm | Tput: 1234.71 Mbps | Delay: 131.872 ms | Jitter: 0.0131128 ms | Drop: 63960
[INFO] Waktu: 35.2s | Jarak: 351 m | RSSI: -57.2503 dBm | Tput: 1232.95 Mbps | Delay: 132.264 ms | Jitter: 0.0124422 ms | Drop: 63962
[INFO] Waktu: 35.4s | Jarak: 353 m | RSSI: -57.2996 dBm | Tput: 1242.25 Mbps | Delay: 131.096 ms | Jitter: 0.0117823 ms | Drop: 63868
[INFO] Waktu: 35.6s | Jarak: 355 m | RSSI: -57.3487 dBm | Tput: 1229.89 Mbps | Delay: 131.804 ms | Jitter: 0.0130842 ms | Drop: 64034
[INFO] Waktu: 35.8s | Jarak: 357 m | RSSI: -57.3975 dBm | Tput: 1237.66 Mbps | Delay: 131.649 ms | Jitter: 0.0121015 ms | Drop: 63907
[INFO] Waktu: 36s | Jarak: 359 m | RSSI: -57.446 dBm | Tput: 1240.66 Mbps | Delay: 131.656 ms | Jitter: 0.0133562 ms | Drop: 63859
[INFO] Waktu: 36.2s | Jarak: 361 m | RSSI: -57.4943 dBm | Tput: 1229.12 Mbps | Delay: 132.138 ms | Jitter: 0.0137663 ms | Drop: 64018
[INFO] Waktu: 36.4s | Jarak: 363 m | RSSI: -57.5422 dBm | Tput: 1233.83 Mbps | Delay: 131.677 ms | Jitter: 0.0137715 ms | Drop: 63997
[INFO] Waktu: 36.6s | Jarak: 365 m | RSSI: -57.59 dBm | Tput: 1142.92 Mbps | Delay: 137.493 ms | Jitter: 0.0142162 ms | Drop: 65480
[INFO] Waktu: 36.8s | Jarak: 367 m | RSSI: -57.6374 dBm | Tput: 1139.98 Mbps | Delay: 140.151 ms | Jitter: 0.0148142 ms | Drop: 65605
[INFO] Waktu: 37s | Jarak: 369 m | RSSI: -57.6846 dBm | Tput: 1155.4 Mbps | Delay: 138.866 ms | Jitter: 0.0145626 ms | Drop: 65271
[INFO] Waktu: 37.2s | Jarak: 371 m | RSSI: -57.7316 dBm | Tput: 1153.99 Mbps | Delay: 138.734 ms | Jitter: 0.0145476 ms | Drop: 65358
[INFO] Waktu: 37.4s | Jarak: 373 m | RSSI: -57.7783 dBm | Tput: 1149.93 Mbps | Delay: 138.666 ms | Jitter: 0.0145815 ms | Drop: 65355
[INFO] Waktu: 37.6s | Jarak: 375 m | RSSI: -57.8247 dBm | Tput: 1146.1 Mbps | Delay: 139.081 ms | Jitter: 0.0146686 ms | Drop: 65481
[INFO] Waktu: 37.8s | Jarak: 377 m | RSSI: -57.8709 dBm | Tput: 1138.68 Mbps | Delay: 140.001 ms | Jitter: 0.0147604 ms | Drop: 65566
[INFO] Waktu: 38s | Jarak: 379 m | RSSI: -57.9169 dBm | Tput: 1157.11 Mbps | Delay: 138.763 ms | Jitter: 0.0145439 ms | Drop: 65309
[INFO] Waktu: 38.2s | Jarak: 381 m | RSSI: -57.9626 dBm | Tput: 1144.51 Mbps | Delay: 139.309 ms | Jitter: 0.0146555 ms | Drop: 65477
[INFO] Waktu: 38.4s | Jarak: 383 m | RSSI: -58.0081 dBm | Tput: 1149.51 Mbps | Delay: 139.037 ms | Jitter: 0.014646 ms | Drop: 65420
[INFO] Waktu: 38.6s | Jarak: 385 m | RSSI: -58.0533 dBm | Tput: 1151.93 Mbps | Delay: 138.692 ms | Jitter: 0.0146064 ms | Drop: 65362
[INFO] Waktu: 38.8s | Jarak: 387 m | RSSI: -58.0983 dBm | Tput: 1151.81 Mbps | Delay: 139.016 ms | Jitter: 0.0146629 ms | Drop: 65330
[INFO] Waktu: 39s | Jarak: 389 m | RSSI: -58.1431 dBm | Tput: 1149.28 Mbps | Delay: 138.516 ms | Jitter: 0.014581 ms | Drop: 65440
[INFO] Waktu: 39.2s | Jarak: 391 m | RSSI: -58.1876 dBm | Tput: 1145.69 Mbps | Delay: 139.562 ms | Jitter: 0.0125417 ms | Drop: 65444
[INFO] Waktu: 39.4s | Jarak: 393 m | RSSI: -58.232 dBm | Tput: 1140.74 Mbps | Delay: 139.345 ms | Jitter: 0.0140868 ms | Drop: 65539
[INFO] Waktu: 39.6s | Jarak: 395 m | RSSI: -58.2761 dBm | Tput: 1163 Mbps | Delay: 138.499 ms | Jitter: 0.014519 ms | Drop: 65195
[INFO] Waktu: 39.8s | Jarak: 397 m | RSSI: -58.3199 dBm | Tput: 1145.16 Mbps | Delay: 138.446 ms | Jitter: 0.0145819 ms | Drop: 65484
[INFO] Waktu: 40s | Jarak: 399 m | RSSI: -58.3636 dBm | Tput: 1143.86 Mbps | Delay: 139.878 ms | Jitter: 0.0137819 ms | Drop: 65465
[INFO] Waktu: 40.2s | Jarak: 401 m | RSSI: -58.407 dBm | Tput: 1151.22 Mbps | Delay: 138.856 ms | Jitter: 0.0133954 ms | Drop: 65416
[INFO] Waktu: 40.4s | Jarak: 403 m | RSSI: -58.4502 dBm | Tput: 1138.44 Mbps | Delay: 139.46 ms | Jitter: 0.0148942 ms | Drop: 65563
[INFO] Waktu: 40.6s | Jarak: 405 m | RSSI: -58.4932 dBm | Tput: 1153.22 Mbps | Delay: 138.992 ms | Jitter: 0.014809 ms | Drop: 65367
[INFO] Waktu: 40.8s | Jarak: 407 m | RSSI: -58.536 dBm | Tput: 1132.44 Mbps | Delay: 139.462 ms | Jitter: 0.0146515 ms | Drop: 65677
[INFO] Waktu: 41s | Jarak: 409 m | RSSI: -58.5786 dBm | Tput: 1151.22 Mbps | Delay: 139.437 ms | Jitter: 0.0145211 ms | Drop: 65358
[INFO] Waktu: 41.2s | Jarak: 411 m | RSSI: -58.6209 dBm | Tput: 1150.1 Mbps | Delay: 138.835 ms | Jitter: 0.0147421 ms | Drop: 65407
[INFO] Waktu: 41.4s | Jarak: 413 m | RSSI: -58.6631 dBm | Tput: 1139.98 Mbps | Delay: 139.395 ms | Jitter: 0.0149791 ms | Drop: 65542
[INFO] Waktu: 41.6s | Jarak: 415 m | RSSI: -58.7051 dBm | Tput: 1140.74 Mbps | Delay: 139.6 ms | Jitter: 0.0150315 ms | Drop: 65550
[INFO] Waktu: 41.8s | Jarak: 417 m | RSSI: -58.7468 dBm | Tput: 1145.39 Mbps | Delay: 139.441 ms | Jitter: 0.0150523 ms | Drop: 65507
[INFO] Waktu: 42s | Jarak: 419 m | RSSI: -58.7884 dBm | Tput: 1067.32 Mbps | Delay: 144.589 ms | Jitter: 0.0149126 ms | Drop: 66807
[INFO] Waktu: 42.2s | Jarak: 421 m | RSSI: -58.8298 dBm | Tput: 1078.21 Mbps | Delay: 146.209 ms | Jitter: 0.0153027 ms | Drop: 66613
[INFO] Waktu: 42.4s | Jarak: 423 m | RSSI: -58.8709 dBm | Tput: 1068.91 Mbps | Delay: 146.062 ms | Jitter: 0.0157075 ms | Drop: 66739
[INFO] Waktu: 42.6s | Jarak: 425 m | RSSI: -58.9119 dBm | Tput: 1068.55 Mbps | Delay: 146.668 ms | Jitter: 0.0158099 ms | Drop: 66782
[INFO] Waktu: 42.8s | Jarak: 427 m | RSSI: -58.9527 dBm | Tput: 1074.03 Mbps | Delay: 146.784 ms | Jitter: 0.0157815 ms | Drop: 66698
[INFO] Waktu: 43s | Jarak: 429 m | RSSI: -58.9933 dBm | Tput: 1066.73 Mbps | Delay: 146.34 ms | Jitter: 0.0157504 ms | Drop: 66823
[INFO] Waktu: 43.2s | Jarak: 431 m | RSSI: -59.0337 dBm | Tput: 1074.44 Mbps | Delay: 146.264 ms | Jitter: 0.0157513 ms | Drop: 66656
[INFO] Waktu: 43.4s | Jarak: 433 m | RSSI: -59.0739 dBm | Tput: 1065.96 Mbps | Delay: 146.478 ms | Jitter: 0.0153584 ms | Drop: 66823
[INFO] Waktu: 43.6s | Jarak: 435 m | RSSI: -59.1139 dBm | Tput: 1069.5 Mbps | Delay: 146.641 ms | Jitter: 0.0156057 ms | Drop: 66741
[INFO] Waktu: 43.8s | Jarak: 437 m | RSSI: -59.1537 dBm | Tput: 1065.14 Mbps | Delay: 147.129 ms | Jitter: 0.012724 ms | Drop: 66865
[INFO] Waktu: 44s | Jarak: 439 m | RSSI: -59.1934 dBm | Tput: 1071.5 Mbps | Delay: 146.465 ms | Jitter: 0.0103291 ms | Drop: 66727
[INFO] Waktu: 44.2s | Jarak: 441 m | RSSI: -59.2329 dBm | Tput: 1065.85 Mbps | Delay: 146.832 ms | Jitter: 0.0135613 ms | Drop: 66836
[INFO] Waktu: 44.4s | Jarak: 443 m | RSSI: -59.2722 dBm | Tput: 1068.32 Mbps | Delay: 146.786 ms | Jitter: 0.015773 ms | Drop: 66746
[INFO] Waktu: 44.6s | Jarak: 445 m | RSSI: -59.3113 dBm | Tput: 1065.85 Mbps | Delay: 146.68 ms | Jitter: 0.0155498 ms | Drop: 66828
[INFO] Waktu: 44.8s | Jarak: 447 m | RSSI: -59.3503 dBm | Tput: 1079.45 Mbps | Delay: 145.658 ms | Jitter: 0.0149261 ms | Drop: 66604
[INFO] Waktu: 45s | Jarak: 449 m | RSSI: -59.389 dBm | Tput: 1064.55 Mbps | Delay: 146.759 ms | Jitter: 0.0158822 ms | Drop: 66866
[INFO] Waktu: 45.2s | Jarak: 451 m | RSSI: -59.4276 dBm | Tput: 1068.79 Mbps | Delay: 146.767 ms | Jitter: 0.0158585 ms | Drop: 66739
[INFO] Waktu: 45.4s | Jarak: 453 m | RSSI: -59.4661 dBm | Tput: 1067.91 Mbps | Delay: 146.517 ms | Jitter: 0.0157987 ms | Drop: 66823
[INFO] Waktu: 45.6s | Jarak: 455 m | RSSI: -59.5043 dBm | Tput: 1073.26 Mbps | Delay: 146.081 ms | Jitter: 0.01569 ms | Drop: 66657
[INFO] Waktu: 45.8s | Jarak: 457 m | RSSI: -59.5424 dBm | Tput: 1068.32 Mbps | Delay: 146.468 ms | Jitter: 0.0157821 ms | Drop: 66823
[INFO] Waktu: 46s | Jarak: 459 m | RSSI: -59.5804 dBm | Tput: 1065.85 Mbps | Delay: 146.892 ms | Jitter: 0.0158624 ms | Drop: 66811
[INFO] Waktu: 46.2s | Jarak: 461 m | RSSI: -59.6181 dBm | Tput: 1063.49 Mbps | Delay: 146.549 ms | Jitter: 0.015852 ms | Drop: 66837
[INFO] Waktu: 46.4s | Jarak: 463 m | RSSI: -59.6557 dBm | Tput: 1065.73 Mbps | Delay: 146.968 ms | Jitter: 0.0159221 ms | Drop: 66857
[INFO] Waktu: 46.6s | Jarak: 465 m | RSSI: -59.6932 dBm | Tput: 1068.67 Mbps | Delay: 146.782 ms | Jitter: 0.0158547 ms | Drop: 66748
[INFO] Waktu: 46.8s | Jarak: 467 m | RSSI: -59.7304 dBm | Tput: 1070.26 Mbps | Delay: 146.36 ms | Jitter: 0.0157656 ms | Drop: 66781
[INFO] Waktu: 47s | Jarak: 469 m | RSSI: -59.7676 dBm | Tput: 1070.56 Mbps | Delay: 146.116 ms | Jitter: 0.0157615 ms | Drop: 66740
[INFO] Waktu: 47.2s | Jarak: 471 m | RSSI: -59.8045 dBm | Tput: 1063.78 Mbps | Delay: 146.481 ms | Jitter: 0.0158079 ms | Drop: 66866
[INFO] Waktu: 47.4s | Jarak: 473 m | RSSI: -59.8413 dBm | Tput: 1065.32 Mbps | Delay: 146.884 ms | Jitter: 0.0159361 ms | Drop: 66824
[INFO] Waktu: 47.6s | Jarak: 475 m | RSSI: -59.878 dBm | Tput: 1070.91 Mbps | Delay: 146.398 ms | Jitter: 0.0157519 ms | Drop: 66739
[INFO] Waktu: 47.8s | Jarak: 477 m | RSSI: -59.9145 dBm | Tput: 1064.37 Mbps | Delay: 146.395 ms | Jitter: 0.0158723 ms | Drop: 66825
[INFO] Waktu: 48s | Jarak: 479 m | RSSI: -59.9508 dBm | Tput: 1072.09 Mbps | Delay: 146.451 ms | Jitter: 0.0157977 ms | Drop: 66739
[INFO] Waktu: 48.2s | Jarak: 481 m | RSSI: -59.987 dBm | Tput: 1060.78 Mbps | Delay: 146.806 ms | Jitter: 0.0159255 ms | Drop: 66907
[INFO] Waktu: 48.4s | Jarak: 483 m | RSSI: -60.0231 dBm | Tput: 1069.56 Mbps | Delay: 146.399 ms | Jitter: 0.0158092 ms | Drop: 66740
[INFO] Waktu: 48.6s | Jarak: 485 m | RSSI: -60.0589 dBm | Tput: 1065.32 Mbps | Delay: 146.717 ms | Jitter: 0.0158267 ms | Drop: 66854
[INFO] Waktu: 48.8s | Jarak: 487 m | RSSI: -60.0947 dBm | Tput: 1065.85 Mbps | Delay: 146.566 ms | Jitter: 0.0158957 ms | Drop: 66806
[INFO] Waktu: 49s | Jarak: 489 m | RSSI: -60.1303 dBm | Tput: 1058.96 Mbps | Delay: 147.089 ms | Jitter: 0.0159663 ms | Drop: 66937
[INFO] Waktu: 49.2s | Jarak: 491 m | RSSI: -60.1657 dBm | Tput: 1067.55 Mbps | Delay: 146.77 ms | Jitter: 0.0158702 ms | Drop: 66824
[INFO] Waktu: 49.4s | Jarak: 493 m | RSSI: -60.201 dBm | Tput: 1066.08 Mbps | Delay: 146.279 ms | Jitter: 0.0158461 ms | Drop: 66781
[INFO] Waktu: 49.6s | Jarak: 495 m | RSSI: -60.2362 dBm | Tput: 1072.26 Mbps | Delay: 146.375 ms | Jitter: 0.0158486 ms | Drop: 66740
[INFO] Waktu: 49.8s | Jarak: 497 m | RSSI: -60.2712 dBm | Tput: 1066.85 Mbps | Delay: 146.17 ms | Jitter: 0.0157457 ms | Drop: 66782
[INFO] Waktu: 50s | Jarak: 499 m | RSSI: -60.3061 dBm | Tput: 1069.03 Mbps | Delay: 145.964 ms | Jitter: 0.0158057 ms | Drop: 66782
[INFO] Waktu: 50.2s | Jarak: 501 m | RSSI: -60.3409 dBm | Tput: 1070.79 Mbps | Delay: 146.221 ms | Jitter: 0.0158179 ms | Drop: 66739
[INFO] Waktu: 50.4s | Jarak: 503 m | RSSI: -60.3755 dBm | Tput: 1065.02 Mbps | Delay: 146.45 ms | Jitter: 0.015842 ms | Drop: 66866
[INFO] Waktu: 50.6s | Jarak: 505 m | RSSI: -60.4099 dBm | Tput: 1080.33 Mbps | Delay: 145.405 ms | Jitter: 0.0156569 ms | Drop: 66572
[INFO] Waktu: 50.8s | Jarak: 507 m | RSSI: -60.4443 dBm | Tput: 1063.84 Mbps | Delay: 146.138 ms | Jitter: 0.0157729 ms | Drop: 66823
[INFO] Waktu: 51s | Jarak: 509 m | RSSI: -60.4785 dBm | Tput: 1070.79 Mbps | Delay: 146.063 ms | Jitter: 0.0158252 ms | Drop: 66740
[INFO] Waktu: 51.2s | Jarak: 511 m | RSSI: -60.5125 dBm | Tput: 1068.32 Mbps | Delay: 146.181 ms | Jitter: 0.0144592 ms | Drop: 66781
[INFO] Waktu: 51.4s | Jarak: 513 m | RSSI: -60.5465 dBm | Tput: 1070.79 Mbps | Delay: 145.817 ms | Jitter: 0.0158082 ms | Drop: 66763
[INFO] Waktu: 51.6s | Jarak: 515 m | RSSI: -60.5803 dBm | Tput: 1070.79 Mbps | Delay: 145.84 ms | Jitter: 0.0141578 ms | Drop: 66720
[INFO] Waktu: 51.8s | Jarak: 517 m | RSSI: -60.6139 dBm | Tput: 1062.55 Mbps | Delay: 146.961 ms | Jitter: 0.0142371 ms | Drop: 66905
[INFO] Waktu: 52s | Jarak: 519 m | RSSI: -60.6475 dBm | Tput: 1066.67 Mbps | Delay: 146.099 ms | Jitter: 0.0139578 ms | Drop: 66788
[INFO] Waktu: 52.2s | Jarak: 521 m | RSSI: -60.6809 dBm | Tput: 1063.37 Mbps | Delay: 146.481 ms | Jitter: 0.0159498 ms | Drop: 66859
[INFO] Waktu: 52.4s | Jarak: 523 m | RSSI: -60.7141 dBm | Tput: 1065.2 Mbps | Delay: 146.631 ms | Jitter: 0.0159724 ms | Drop: 66865
[INFO] Waktu: 52.6s | Jarak: 525 m | RSSI: -60.7473 dBm | Tput: 1068.97 Mbps | Delay: 146.027 ms | Jitter: 0.0158745 ms | Drop: 66784
[INFO] Waktu: 52.8s | Jarak: 527 m | RSSI: -60.7803 dBm | Tput: 1067.85 Mbps | Delay: 146.29 ms | Jitter: 0.0158487 ms | Drop: 66780
[INFO] Waktu: 53s | Jarak: 529 m | RSSI: -60.8132 dBm | Tput: 1068.79 Mbps | Delay: 146.287 ms | Jitter: 0.0158413 ms | Drop: 66782
[INFO] Waktu: 53.2s | Jarak: 531 m | RSSI: -60.846 dBm | Tput: 1065.85 Mbps | Delay: 146.162 ms | Jitter: 0.0158811 ms | Drop: 66824
[INFO] Waktu: 53.4s | Jarak: 533 m | RSSI: -60.8787 dBm | Tput: 1061.02 Mbps | Delay: 146.764 ms | Jitter: 0.015915 ms | Drop: 66865
[INFO] Waktu: 53.6s | Jarak: 535 m | RSSI: -60.9112 dBm | Tput: 1061.67 Mbps | Delay: 146.614 ms | Jitter: 0.0158996 ms | Drop: 66908
[INFO] Waktu: 53.8s | Jarak: 537 m | RSSI: -60.9436 dBm | Tput: 1064.96 Mbps | Delay: 146.675 ms | Jitter: 0.0159291 ms | Drop: 66865
[INFO] Waktu: 54s | Jarak: 539 m | RSSI: -60.9759 dBm | Tput: 1070.14 Mbps | Delay: 145.664 ms | Jitter: 0.0157746 ms | Drop: 66740
[INFO] Waktu: 54.2s | Jarak: 541 m | RSSI: -61.0081 dBm | Tput: 1066.43 Mbps | Delay: 146.341 ms | Jitter: 0.0158776 ms | Drop: 66824
[INFO] Waktu: 54.4s | Jarak: 543 m | RSSI: -61.0401 dBm | Tput: 1068.32 Mbps | Delay: 145.904 ms | Jitter: 0.0157942 ms | Drop: 66781
[INFO] Waktu: 54.6s | Jarak: 545 m | RSSI: -61.072 dBm | Tput: 1070.62 Mbps | Delay: 145.695 ms | Jitter: 0.0157939 ms | Drop: 66741
[INFO] Waktu: 54.8s | Jarak: 547 m | RSSI: -61.1039 dBm | Tput: 1073.44 Mbps | Delay: 145.55 ms | Jitter: 0.0157332 ms | Drop: 66697
[INFO] Waktu: 55s | Jarak: 549 m | RSSI: -61.1356 dBm | Tput: 1061.31 Mbps | Delay: 146.284 ms | Jitter: 0.0158576 ms | Drop: 66865
[INFO] Waktu: 55.2s | Jarak: 551 m | RSSI: -61.1671 dBm | Tput: 1072.44 Mbps | Delay: 145.757 ms | Jitter: 0.0157912 ms | Drop: 66740
[INFO] Waktu: 55.4s | Jarak: 553 m | RSSI: -61.1986 dBm | Tput: 1068.79 Mbps | Delay: 145.819 ms | Jitter: 0.0158066 ms | Drop: 66744
[INFO] Waktu: 55.6s | Jarak: 555 m | RSSI: -61.23 dBm | Tput: 1064.73 Mbps | Delay: 146.55 ms | Jitter: 0.0159074 ms | Drop: 66862
[INFO] Waktu: 55.8s | Jarak: 557 m | RSSI: -61.2612 dBm | Tput: 1069.38 Mbps | Delay: 145.622 ms | Jitter: 0.0158273 ms | Drop: 66781
[INFO] Waktu: 56s | Jarak: 559 m | RSSI: -61.2923 dBm | Tput: 1060.96 Mbps | Delay: 146.231 ms | Jitter: 0.0158464 ms | Drop: 66866
[INFO] Waktu: 56.2s | Jarak: 561 m | RSSI: -61.3234 dBm | Tput: 1063.37 Mbps | Delay: 146.575 ms | Jitter: 0.01599 ms | Drop: 66865
[INFO] Waktu: 56.4s | Jarak: 563 m | RSSI: -61.3543 dBm | Tput: 1068.91 Mbps | Delay: 146.025 ms | Jitter: 0.0158015 ms | Drop: 66782
[INFO] Waktu: 56.6s | Jarak: 565 m | RSSI: -61.3851 dBm | Tput: 1072.68 Mbps | Delay: 145.534 ms | Jitter: 0.0157174 ms | Drop: 66699
[INFO] Waktu: 56.8s | Jarak: 567 m | RSSI: -61.4158 dBm | Tput: 1068.14 Mbps | Delay: 145.757 ms | Jitter: 0.0158672 ms | Drop: 66823
[INFO] Waktu: 57s | Jarak: 569 m | RSSI: -61.4464 dBm | Tput: 1068.5 Mbps | Delay: 145.861 ms | Jitter: 0.0157592 ms | Drop: 66771
[INFO] Waktu: 57.2s | Jarak: 571 m | RSSI: -61.4768 dBm | Tput: 1058.66 Mbps | Delay: 146.256 ms | Jitter: 0.015955 ms | Drop: 66919
[INFO] Waktu: 57.4s | Jarak: 573 m | RSSI: -61.5072 dBm | Tput: 1060.66 Mbps | Delay: 146.726 ms | Jitter: 0.0159768 ms | Drop: 66907
[INFO] Waktu: 57.6s | Jarak: 575 m | RSSI: -61.5375 dBm | Tput: 1068.32 Mbps | Delay: 146.122 ms | Jitter: 0.0159056 ms | Drop: 66802
[INFO] Waktu: 57.8s | Jarak: 577 m | RSSI: -61.5676 dBm | Tput: 1068.32 Mbps | Delay: 145.764 ms | Jitter: 0.0157959 ms | Drop: 66762
[INFO] Waktu: 58s | Jarak: 579 m | RSSI: -61.5977 dBm | Tput: 1065.14 Mbps | Delay: 146.045 ms | Jitter: 0.0158778 ms | Drop: 66865
[INFO] Waktu: 58.2s | Jarak: 581 m | RSSI: -61.6276 dBm | Tput: 1060.08 Mbps | Delay: 146.225 ms | Jitter: 0.0159359 ms | Drop: 66908
[INFO] Waktu: 58.4s | Jarak: 583 m | RSSI: -61.6575 dBm | Tput: 1065.26 Mbps | Delay: 146.643 ms | Jitter: 0.0159425 ms | Drop: 66823
[INFO] Waktu: 58.6s | Jarak: 585 m | RSSI: -61.6872 dBm | Tput: 1063.02 Mbps | Delay: 145.627 ms | Jitter: 0.015845 ms | Drop: 66866
[INFO] Waktu: 58.8s | Jarak: 587 m | RSSI: -61.7169 dBm | Tput: 1065.85 Mbps | Delay: 146.449 ms | Jitter: 0.0139689 ms | Drop: 66866
[INFO] Waktu: 59s | Jarak: 589 m | RSSI: -61.7464 dBm | Tput: 1061.67 Mbps | Delay: 146.411 ms | Jitter: 0.0141873 ms | Drop: 66865
[INFO] Waktu: 59.2s | Jarak: 591 m | RSSI: -61.7759 dBm | Tput: 1072.44 Mbps | Delay: 145.342 ms | Jitter: 0.0156647 ms | Drop: 66740
[INFO] Waktu: 59.4s | Jarak: 593 m | RSSI: -62.0455 dBm | Tput: 1060.66 Mbps | Delay: 146.195 ms | Jitter: 0.0148473 ms | Drop: 66908
[INFO] Waktu: 59.6s | Jarak: 595 m | RSSI: -62.5179 dBm | Tput: 1058.49 Mbps | Delay: 146.443 ms | Jitter: 0.0124138 ms | Drop: 66917
[INFO] Waktu: 59.8s | Jarak: 597 m | RSSI: -62.9886 dBm | Tput: 1069.44 Mbps | Delay: 145.953 ms | Jitter: 0.014791 ms | Drop: 66790
[INFO] Waktu: 60s | Jarak: 599 m | RSSI: -63.4577 dBm | Tput: 1058.43 Mbps | Delay: 146.121 ms | Jitter: 0.0162116 ms | Drop: 66917
[INFO] Waktu: 60.2s | Jarak: 601 m | RSSI: -63.9253 dBm | Tput: 1026.16 Mbps | Delay: 149.174 ms | Jitter: 0.0160671 ms | Drop: 67523
[INFO] Waktu: 60.4s | Jarak: 603 m | RSSI: -64.3914 dBm | Tput: 1027.4 Mbps | Delay: 150.105 ms | Jitter: 0.0167482 ms | Drop: 67483
[INFO] Waktu: 60.6s | Jarak: 605 m | RSSI: -64.8559 dBm | Tput: 962.511 Mbps | Delay: 155.371 ms | Jitter: 0.0170403 ms | Drop: 68580
[INFO] Waktu: 60.8s | Jarak: 607 m | RSSI: -65.3188 dBm | Tput: 962.335 Mbps | Delay: 157.501 ms | Jitter: 0.0155652 ms | Drop: 68558
[INFO] Waktu: 61s | Jarak: 609 m | RSSI: -65.7803 dBm | Tput: 969.695 Mbps | Delay: 156.964 ms | Jitter: 0.018048 ms | Drop: 68490
[INFO] Waktu: 61.2s | Jarak: 611 m | RSSI: -66.2402 dBm | Tput: 817.137 Mbps | Delay: 171.048 ms | Jitter: 0.0204173 ms | Drop: 71023
[INFO] Waktu: 61.4s | Jarak: 613 m | RSSI: -66.6986 dBm | Tput: 813.604 Mbps | Delay: 180.063 ms | Jitter: 0.0224357 ms | Drop: 71108
[INFO] Waktu: 61.6s | Jarak: 615 m | RSSI: -67.1555 dBm | Tput: 809.541 Mbps | Delay: 180.45 ms | Jitter: 0.0224799 ms | Drop: 71191
[INFO] Waktu: 61.8s | Jarak: 617 m | RSSI: -67.611 dBm | Tput: 809.188 Mbps | Delay: 180.599 ms | Jitter: 0.0225271 ms | Drop: 71150
[INFO] Waktu: 62s | Jarak: 619 m | RSSI: -68.065 dBm | Tput: 813.604 Mbps | Delay: 179.947 ms | Jitter: 0.0224514 ms | Drop: 71108
[INFO] Waktu: 62.2s | Jarak: 621 m | RSSI: -68.5175 dBm | Tput: 812.78 Mbps | Delay: 180.011 ms | Jitter: 0.0224578 ms | Drop: 71150
[INFO] Waktu: 62.4s | Jarak: 623 m | RSSI: -68.9685 dBm | Tput: 807.009 Mbps | Delay: 180.731 ms | Jitter: 0.0225305 ms | Drop: 71212
[INFO] Waktu: 62.6s | Jarak: 625 m | RSSI: -69.4181 dBm | Tput: 813.545 Mbps | Delay: 180.284 ms | Jitter: 0.0225375 ms | Drop: 71130
[INFO] Waktu: 62.8s | Jarak: 627 m | RSSI: -69.8663 dBm | Tput: 813.427 Mbps | Delay: 180.106 ms | Jitter: 0.0224298 ms | Drop: 71097
[INFO] Waktu: 63s | Jarak: 629 m | RSSI: -70.313 dBm | Tput: 811.013 Mbps | Delay: 178.908 ms | Jitter: 0.0224841 ms | Drop: 71107
[INFO] Waktu: 63.2s | Jarak: 631 m | RSSI: -70.7629 dBm | Tput: 671.88 Mbps | Delay: 196.631 ms | Jitter: 0.0253494 ms | Drop: 73536
[INFO] Waktu: 63.4s | Jarak: 633 m | RSSI: -71.2023 dBm | Tput: 630.369 Mbps | Delay: 216.057 ms | Jitter: 0.0296847 ms | Drop: 74218
[INFO] Waktu: 63.6s | Jarak: 635 m | RSSI: -71.6493 dBm | Tput: 2.29632 Mbps | Delay: 219.922 ms | Jitter: 0.0223129 ms | Drop: 84925
[INFO] Waktu: 63.8s | Jarak: 637 m | RSSI: -72.0905 dBm | Tput: 0 Mbps | Delay: 0 ms | Jitter: 0 ms | Drop: 84926
[INFO] Waktu: 64s | Jarak: 639 m | RSSI: -72.5302 dBm | Tput: 0 Mbps | Delay: 0 ms | Jitter: 0 ms | Drop: 84425
[INFO] Waktu: 64.2s | Jarak: 641 m | RSSI: -72.9686 dBm | Tput: 0 Mbps | Delay: 0 ms | Jitter: 0 ms | Drop: 84927
[INFO] Waktu: 64.4s | Jarak: 643 m | RSSI: -73.4056 dBm | Tput: 0 Mbps | Delay: 0 ms | Jitter: 0 ms | Drop: 85161
[INFO] Waktu: 64.6s | Jarak: 645 m | RSSI: -73.8412 dBm | Tput: 0 Mbps | Delay: 0 ms | Jitter: 0 ms | Drop: 84190
[INFO] Waktu: 64.8s | Jarak: 647 m | RSSI: -74.2755 dBm | Tput: 0 Mbps | Delay: 0 ms | Jitter: 0 ms | Drop: 84926
[INFO] Waktu: 65s | Jarak: 649 m | RSSI: -74.7085 dBm | Tput: 0 Mbps | Delay: 0 ms | Jitter: 0 ms | Drop: 84425
[INFO] Waktu: 65.2s | Jarak: 651 m | RSSI: -75.1401 dBm | Tput: 0 Mbps | Delay: 0 ms | Jitter: 0 ms | Drop: 84926
[INFO] Waktu Eksekusi Nyata (Real Runtime) Simulasi: 63.7795 menit (3826.77 detik)

