
=======================================================
[INFO] TANGGAL & WAKTU EKSEKUSI SIMULASI : 2026-06-09 14:43:25
=======================================================

=======================================================
[INFO] Skenario Range / Pathloss Degradation (Wi-Fi 7)
=======================================================
[SPESIFIKASI SIMULASI]
- Standar Wi-Fi     : Wi-Fi 7 (802.11be)
- Konfigurasi MIMO  : 8x8 Spatial Streams
- Fitur Spesial     : Multi-Link Operation (MLO) Aktif
    * Link 0        : Frekuensi 5 GHz (Lebar Pita 160 MHz)
    * Link 1        : Frekuensi 6 GHz (Lebar Pita 320 MHz)
- Tx Power          : 20.0 dBm
- Rate Adaptation   : IdealWifiManager (Otomatis menyesuaikan hingga 4096-QAM)
- Propagation Model : HybridBuildingsPropagationLossModel (Redaman Tembok/Indoor)
- Jarak Uji         : 0 hingga 300 meter
=======================================================

[INFO] Waktu: 0.2s | Jarak: 1 m | RSSI: -5.71343 dBm | Tput: 0 Mbps | Delay: 0 ms | Jitter: 0 ms | Drop: 0
[INFO] Waktu: 0.4s | Jarak: 3 m | RSSI: -16.4487 dBm | Tput: 0 Mbps | Delay: 0 ms | Jitter: 0 ms | Drop: 0
[INFO] Waktu: 0.6s | Jarak: 5 m | RSSI: -21.4341 dBm | Tput: 1124.25 Mbps | Delay: 23.2975 ms | Jitter: 0.0048784 ms | Drop: 0
[INFO] Waktu: 0.8s | Jarak: 7 m | RSSI: -24.722 dBm | Tput: 2757.59 Mbps | Delay: 69.5927 ms | Jitter: 0.00498988 ms | Drop: 34558
[INFO] Waktu: 1s | Jarak: 9 m | RSSI: -27.1777 dBm | Tput: 2757.82 Mbps | Delay: 77.0024 ms | Jitter: 0.00574707 ms | Drop: 38114
[INFO] Waktu: 1.2s | Jarak: 11 m | RSSI: -29.1386 dBm | Tput: 2762.77 Mbps | Delay: 77.0283 ms | Jitter: 0.00568616 ms | Drop: 38038
[INFO] Waktu: 1.4s | Jarak: 13 m | RSSI: -30.771 dBm | Tput: 2765.77 Mbps | Delay: 76.9089 ms | Jitter: 0.00567109 ms | Drop: 37946
[INFO] Waktu: 1.6s | Jarak: 15 m | RSSI: -32.1693 dBm | Tput: 2694.35 Mbps | Delay: 77.923 ms | Jitter: 0.00574211 ms | Drop: 39140
[INFO] Waktu: 1.8s | Jarak: 17 m | RSSI: -33.3924 dBm | Tput: 2690.58 Mbps | Delay: 78.0994 ms | Jitter: 0.0057176 ms | Drop: 39259
