
=======================================================
[INFO] TANGGAL & WAKTU EKSEKUSI SIMULASI : 2026-06-09 12:18:28
=======================================================

>>> Memulai simulasi Wi-Fi 6 Indoor (Skenario Kampus Lanjutan), menunggu 10 detik... <<<


--- Memulai Log Panjang Antrean MAC (Queue Occupancy) per 100 ms ---
[STA ASSOC] Waktu: 0.0531119s | STA Node 9 sukses Asosiasi ke AP BSSID: 00:00:00:00:00:0d
[STA ASSOC] Waktu: 0.0534559s | STA Node 5 sukses Asosiasi ke AP BSSID: 00:00:00:00:00:0d
[STA ASSOC] Waktu: 0.0537999s | STA Node 13 sukses Asosiasi ke AP BSSID: 00:00:00:00:00:0d
[STA ASSOC] Waktu: 0.054596s | STA Node 22 sukses Asosiasi ke AP BSSID: 00:00:00:00:00:18
[STA ASSOC] Waktu: 0.05494s | STA Node 23 sukses Asosiasi ke AP BSSID: 00:00:00:00:00:18
[STA ASSOC] Waktu: 0.0553701s | STA Node 4 sukses Asosiasi ke AP BSSID: 00:00:00:00:00:0d
[STA ASSOC] Waktu: 0.056205s | STA Node 19 sukses Asosiasi ke AP BSSID: 00:00:00:00:00:18
[STA ASSOC] Waktu: 0.0570101s | STA Node 16 sukses Asosiasi ke AP BSSID: 00:00:00:00:00:18
[Antrean MAC] Waktu: 0.1s | AP0 (Ruang 1): 0 paket | AP1 (Ruang 2): 0 paket
[STA ASSOC] Waktu: 0.102587s | STA Node 17 sukses Asosiasi ke AP BSSID: 00:00:00:00:00:18
[STA ASSOC] Waktu: 0.102931s | STA Node 24 sukses Asosiasi ke AP BSSID: 00:00:00:00:00:18
[STA ASSOC] Waktu: 0.103275s | STA Node 15 sukses Asosiasi ke AP BSSID: 00:00:00:00:00:18
[STA ASSOC] Waktu: 0.104071s | STA Node 21 sukses Asosiasi ke AP BSSID: 00:00:00:00:00:18
[STA ASSOC] Waktu: 0.105966s | STA Node 26 sukses Asosiasi ke AP BSSID: 00:00:00:00:00:18
[STA ASSOC] Waktu: 0.105966s | STA Node 14 sukses Asosiasi ke AP BSSID: 00:00:00:00:00:0d
[STA ASSOC] Waktu: 0.10631s | STA Node 11 sukses Asosiasi ke AP BSSID: 00:00:00:00:00:0d
[STA ASSOC] Waktu: 0.10631s | STA Node 20 sukses Asosiasi ke AP BSSID: 00:00:00:00:00:18
[STA ASSOC] Waktu: 0.106654s | STA Node 3 sukses Asosiasi ke AP BSSID: 00:00:00:00:00:0d
[STA ASSOC] Waktu: 0.106654s | STA Node 18 sukses Asosiasi ke AP BSSID: 00:00:00:00:00:18
[STA ASSOC] Waktu: 0.106998s | STA Node 8 sukses Asosiasi ke AP BSSID: 00:00:00:00:00:0d
[STA ASSOC] Waktu: 0.107342s | STA Node 6 sukses Asosiasi ke AP BSSID: 00:00:00:00:00:0d
[STA ASSOC] Waktu: 0.107686s | STA Node 10 sukses Asosiasi ke AP BSSID: 00:00:00:00:00:0d
[STA ASSOC] Waktu: 0.108057s | STA Node 12 sukses Asosiasi ke AP BSSID: 00:00:00:00:00:0d
[STA ASSOC] Waktu: 0.108889s | STA Node 7 sukses Asosiasi ke AP BSSID: 00:00:00:00:00:0d
[STA ASSOC] Waktu: 0.109703s | STA Node 25 sukses Asosiasi ke AP BSSID: 00:00:00:00:00:0d
[Antrean MAC] Waktu: 0.2s | AP0 (Ruang 1): 0 paket | AP1 (Ruang 2): 0 paket
[Antrean MAC] Waktu: 0.3s | AP0 (Ruang 1): 0 paket | AP1 (Ruang 2): 0 paket
[Antrean MAC] Waktu: 0.4s | AP0 (Ruang 1): 0 paket | AP1 (Ruang 2): 0 paket
[Antrean MAC] Waktu: 0.5s | AP0 (Ruang 1): 0 paket | AP1 (Ruang 2): 0 paket
[Antrean MAC] Waktu: 0.6s | AP0 (Ruang 1): 0 paket | AP1 (Ruang 2): 0 paket
[Antrean MAC] Waktu: 0.7s | AP0 (Ruang 1): 0 paket | AP1 (Ruang 2): 0 paket
[Antrean MAC] Waktu: 0.8s | AP0 (Ruang 1): 0 paket | AP1 (Ruang 2): 0 paket
[Antrean MAC] Waktu: 0.9s | AP0 (Ruang 1): 0 paket | AP1 (Ruang 2): 0 paket
[Antrean MAC] Waktu: 1s | AP0 (Ruang 1): 0 paket | AP1 (Ruang 2): 0 paket
[Antrean MAC] Waktu: 1.1s | AP0 (Ruang 1): 38 paket | AP1 (Ruang 2): 0 paket
[Antrean MAC] Waktu: 1.2s | AP0 (Ruang 1): 14 paket | AP1 (Ruang 2): 10 paket
[Antrean MAC] Waktu: 1.3s | AP0 (Ruang 1): 1102 paket | AP1 (Ruang 2): 292 paket
[Antrean MAC] Waktu: 1.4s | AP0 (Ruang 1): 108 paket | AP1 (Ruang 2): 822 paket
[Antrean MAC] Waktu: 1.5s | AP0 (Ruang 1): 108 paket | AP1 (Ruang 2): 746 paket
[Antrean MAC] Waktu: 1.6s | AP0 (Ruang 1): 604 paket | AP1 (Ruang 2): 430 paket
[Antrean MAC] Waktu: 1.7s | AP0 (Ruang 1): 202 paket | AP1 (Ruang 2): 1438 paket
[Antrean MAC] Waktu: 1.8s | AP0 (Ruang 1): 38 paket | AP1 (Ruang 2): 212 paket
[Antrean MAC] Waktu: 1.9s | AP0 (Ruang 1): 498 paket | AP1 (Ruang 2): 542 paket
[Antrean MAC] Waktu: 2s | AP0 (Ruang 1): 134 paket | AP1 (Ruang 2): 1146 paket
[Antrean MAC] Waktu: 2.1s | AP0 (Ruang 1): 192 paket | AP1 (Ruang 2): 748 paket
[Antrean MAC] Waktu: 2.2s | AP0 (Ruang 1): 484 paket | AP1 (Ruang 2): 880 paket
[Antrean MAC] Waktu: 2.3s | AP0 (Ruang 1): 150 paket | AP1 (Ruang 2): 1122 paket
[Antrean MAC] Waktu: 2.4s | AP0 (Ruang 1): 234 paket | AP1 (Ruang 2): 368 paket
[Antrean MAC] Waktu: 2.5s | AP0 (Ruang 1): 316 paket | AP1 (Ruang 2): 810 paket
[Antrean MAC] Waktu: 2.6s | AP0 (Ruang 1): 2130 paket | AP1 (Ruang 2): 254 paket
[Antrean MAC] Waktu: 2.7s | AP0 (Ruang 1): 520 paket | AP1 (Ruang 2): 1372 paket
[Antrean MAC] Waktu: 2.8s | AP0 (Ruang 1): 1598 paket | AP1 (Ruang 2): 254 paket
[Antrean MAC] Waktu: 2.9s | AP0 (Ruang 1): 596 paket | AP1 (Ruang 2): 810 paket
[Antrean MAC] Waktu: 3s | AP0 (Ruang 1): 3034 paket | AP1 (Ruang 2): 1406 paket
[Antrean MAC] Waktu: 3.1s | AP0 (Ruang 1): 3034 paket | AP1 (Ruang 2): 0 paket
[Antrean MAC] Waktu: 3.2s | AP0 (Ruang 1): 3034 paket | AP1 (Ruang 2): 0 paket
[Antrean MAC] Waktu: 3.3s | AP0 (Ruang 1): 3034 paket | AP1 (Ruang 2): 0 paket
[Antrean MAC] Waktu: 3.4s | AP0 (Ruang 1): 3034 paket | AP1 (Ruang 2): 0 paket
[STA ASSOC] Waktu: 3.46076s | STA Node 5 sukses Asosiasi ke AP BSSID: 00:00:00:00:00:18
[STA ASSOC] Waktu: 3.46145s | STA Node 4 sukses Asosiasi ke AP BSSID: 00:00:00:00:00:18
[STA ASSOC] Waktu: 3.47462s | STA Node 8 sukses Asosiasi ke AP BSSID: 00:00:00:00:00:18
[STA ASSOC] Waktu: 3.47579s | STA Node 3 sukses Asosiasi ke AP BSSID: 00:00:00:00:00:18
[STA ASSOC] Waktu: 3.47688s | STA Node 11 sukses Asosiasi ke AP BSSID: 00:00:00:00:00:18
[STA ASSOC] Waktu: 3.47946s | STA Node 10 sukses Asosiasi ke AP BSSID: 00:00:00:00:00:18
[STA ASSOC] Waktu: 3.48171s | STA Node 14 sukses Asosiasi ke AP BSSID: 00:00:00:00:00:0d
[STA ASSOC] Waktu: 3.48243s | STA Node 9 sukses Asosiasi ke AP BSSID: 00:00:00:00:00:0d
[STA ASSOC] Waktu: 3.48312s | STA Node 6 sukses Asosiasi ke AP BSSID: 00:00:00:00:00:0d
[STA ASSOC] Waktu: 3.48455s | STA Node 12 sukses Asosiasi ke AP BSSID: 00:00:00:00:00:0d
[STA ASSOC] Waktu: 3.4849s | STA Node 7 sukses Asosiasi ke AP BSSID: 00:00:00:00:00:0d
[Antrean MAC] Waktu: 3.5s | AP0 (Ruang 1): 0 paket | AP1 (Ruang 2): 0 paket
[STA ASSOC] Waktu: 3.52214s | STA Node 13 sukses Asosiasi ke AP BSSID: 00:00:00:00:00:0d
[STA ASSOC] Waktu: 3.52368s | STA Node 5 sukses Asosiasi ke AP BSSID: 00:00:00:00:00:18
[STA ASSOC] Waktu: 3.5724s | STA Node 4 sukses Asosiasi ke AP BSSID: 00:00:00:00:00:0d
[Antrean MAC] Waktu: 3.6s | AP0 (Ruang 1): 0 paket | AP1 (Ruang 2): 0 paket
[Antrean MAC] Waktu: 3.7s | AP0 (Ruang 1): 0 paket | AP1 (Ruang 2): 0 paket
[Antrean MAC] Waktu: 3.8s | AP0 (Ruang 1): 0 paket | AP1 (Ruang 2): 0 paket
[STA ASSOC] Waktu: 3.86945s | STA Node 18 sukses Asosiasi ke AP BSSID: 00:00:00:00:00:0d
[STA ASSOC] Waktu: 3.88527s | STA Node 26 sukses Asosiasi ke AP BSSID: 00:00:00:00:00:19
[Antrean MAC] Waktu: 3.9s | AP0 (Ruang 1): 0 paket | AP1 (Ruang 2): 0 paket
[STA ASSOC] Waktu: 3.9028s | STA Node 25 sukses Asosiasi ke AP BSSID: 00:00:00:00:00:19

================= HASIL SIMULASI INDOOR WI-FI 7 (MLO) LENGKAP =================
Skenario           : Roaming Jarak Jauh (AP0 -> AP1 -> AP2 Lobi)
Dimensi Gedung     : 64 Meter (8 Ruangan)
Jumlah AP          : 3 Access Point (Jarak 40+ Meter)
Jumlah User (STA)  : 24 User (12 Kelas A, 10 Kelas B, 2 Koridor)
================= SPESIFIKASI PARAMETER SIMULASI =================
Standar Wi-Fi      : IEEE 802.11be (Wi-Fi 6)
Lebar Pita (BW)    : 320 MHz (Multi-Link 5 GHz & 6 GHz)
Max Modulasi       : MCS 13 (4096-QAM)
Antena / MIMO      : 2x2 Spatial Streams
Tx Power           : 20 dBm
Routing / QoS      : IPv4 Static Routing / WMM (EDCA)
Propagation Model  : HybridBuildingsPropagationLossModel
Fitur Wi-Fi 6      : Dynamic Rate Adaptation (IdealWifiManager), MLO Link Steering Resilience, OBSS PD Spatial Reuse
---------------------------------------------------------------------------------

>>> Profil: Social Media (Target DL: 25Mbps | UL: 5Mbps) <<<
  [DOWNLINK]
  Throughput Rata-2    : 5.37801 Mbit/s per User
  Average Delay        : 17.6244 ms
  Average Jitter       : 0.198797 ms
  Jain's Fairness Idx  : 0.990497 (Skala 0.0 - 1.0)
  MAC Queue Drop       : 246 packets per User
  [UPLINK]
  Throughput Rata-2    : 0.413701 Mbit/s per User
  Average Delay        : 5.14184 ms
  Average Jitter       : 1.70994 ms
  Jain's Fairness Idx  : 0.748157 (Skala 0.0 - 1.0)
  MAC Queue Drop       : 41 packets per User
  SINR Distribution    : ~56.5 dB (Teoritis Pathloss)

>>> Profil: Video 4K Streaming (Target DL: 100Mbps | UL: 5Mbps) <<<
  [DOWNLINK]
  Throughput Rata-2    : 12.2509 Mbit/s per User
  Average Delay        : 1.26288 ms
  Average Jitter       : 0.0714159 ms
  Jain's Fairness Idx  : 0.599925 (Skala 0.0 - 1.0)
  MAC Queue Drop       : 768 packets per User
  [UPLINK]
  Throughput Rata-2    : 1.58056 Mbit/s per User
  Average Delay        : 2.34754 ms
  Average Jitter       : 0.598313 ms
  Jain's Fairness Idx  : 0.353617 (Skala 0.0 - 1.0)
  MAC Queue Drop       : 196 packets per User
  SINR Distribution    : ~56.5 dB (Teoritis Pathloss)

>>> Profil: Gaming (Target DL: 50Mbps | UL: 20Mbps) <<<
  [DOWNLINK]
  Throughput Rata-2    : 10.1826 Mbit/s per User
  Average Delay        : 1.2297 ms
  Average Jitter       : 0.16157 ms
  Jain's Fairness Idx  : 0.999993 (Skala 0.0 - 1.0)
  MAC Queue Drop       : 72 packets per User
  [UPLINK]
  Throughput Rata-2    : 1.32381 Mbit/s per User
  Average Delay        : 6.25774 ms
  Average Jitter       : 0.669668 ms
  Jain's Fairness Idx  : 0.758329 (Skala 0.0 - 1.0)
  MAC Queue Drop       : 12 packets per User
  SINR Distribution    : ~56.5 dB (Teoritis Pathloss)

>>> Profil: File Download (Target DL: 150Mbps | UL: 10Mbps) <<<
  [DOWNLINK]
  Throughput Rata-2    : 27.0054 Mbit/s per User
  Average Delay        : 52.9045 ms
  Average Jitter       : 0.270489 ms
  Jain's Fairness Idx  : 0.985231 (Skala 0.0 - 1.0)
  MAC Queue Drop       : 158 packets per User
  [UPLINK]
  Throughput Rata-2    : 0.732634 Mbit/s per User
  Average Delay        : 30.6646 ms
  Average Jitter       : 5.29263 ms
  Jain's Fairness Idx  : 0.917701 (Skala 0.0 - 1.0)
  MAC Queue Drop       : 1 packets per User
  SINR Distribution    : ~56.5 dB (Teoritis Pathloss)

>>> Profil: Web Browsing (Target DL: 25Mbps | UL: 5Mbps) <<<
  [DOWNLINK]
  Throughput Rata-2    : 3.54348 Mbit/s per User
  Average Delay        : 14.4151 ms
  Average Jitter       : 0.773103 ms
  Jain's Fairness Idx  : 0.738064 (Skala 0.0 - 1.0)
  MAC Queue Drop       : 437 packets per User
  [UPLINK]
  Throughput Rata-2    : 1.14137 Mbit/s per User
  Average Delay        : 1.92921 ms
  Average Jitter       : 0.901641 ms
  Jain's Fairness Idx  : 0.616279 (Skala 0.0 - 1.0)
  MAC Queue Drop       : 36 packets per User
  SINR Distribution    : ~56.5 dB (Teoritis Pathloss)

>>> Profil: Live Streaming (Target DL: 10Mbps | UL: 50Mbps) <<<
  [DOWNLINK]
  Throughput Rata-2    : 1.24865 Mbit/s per User
  Average Delay        : 1.07813 ms
  Average Jitter       : 0.394177 ms
  Jain's Fairness Idx  : 0.599836 (Skala 0.0 - 1.0)
  MAC Queue Drop       : 713 packets per User
  [UPLINK]
  Throughput Rata-2    : 1.69163 Mbit/s per User
  Average Delay        : 27.4112 ms
  Average Jitter       : 5.00523 ms
  Jain's Fairness Idx  : 0.388447 (Skala 0.0 - 1.0)
  MAC Queue Drop       : 199 packets per User
  SINR Distribution    : ~56.5 dB (Teoritis Pathloss)

================= DETAIL PER STA & BREAKDOWN AREA =================
STA 0 [00:00:00:00:00:01] (Kelas A, Social Media / AC_BE) [DL]	-> TH: 5.67063 Mbps 	| D: 13.7384 ms 	| J: 0.100801 ms 	| Drop: 392
STA 0 [00:00:00:00:00:01] (Kelas A, Social Media / AC_BE) [UL]	-> TH: 0.56227 Mbps 	| D: 4.60829 ms 	| J: 0.621166 ms 	| Drop: 26
STA 1 [00:00:00:00:00:02] (Kelas A, Video 4K Streaming / AC_VI) [DL]	-> TH: 20.3721 Mbps 	| D: 1.43572 ms 	| J: 0.1035 ms 	| Drop: 76
STA 1 [00:00:00:00:00:02] (Kelas A, Video 4K Streaming / AC_VI) [UL]	-> TH: 0.52796 Mbps 	| D: 1.45982 ms 	| J: 0.814263 ms 	| Drop: 0
STA 2 [00:00:00:00:00:03] (Kelas A, Gaming / AC_VO) [DL]	-> TH: 10.208 Mbps 	| D: 0.88509 ms 	| J: 0.163874 ms 	| Drop: 73
STA 2 [00:00:00:00:00:03] (Kelas A, Gaming / AC_VO) [UL]	-> TH: 2.0864 Mbps 	| D: 0.977029 ms 	| J: 0.427902 ms 	| Drop: 7
STA 3 [00:00:00:00:00:04] (Kelas A, File Download / AC_BK) [DL]	-> TH: 23.9824 Mbps 	| D: 59.1386 ms 	| J: 0.266285 ms 	| Drop: 67
STA 3 [00:00:00:00:00:04] (Kelas A, File Download / AC_BK) [UL]	-> TH: 1.05609 Mbps 	| D: 17.8079 ms 	| J: 7.48275 ms 	| Drop: 0
STA 4 [00:00:00:00:00:05] (Kelas A, Web Browsing / AC_BE) [DL]	-> TH: 4.07256 Mbps 	| D: 43.6752 ms 	| J: 0.983329 ms 	| Drop: 6
STA 4 [00:00:00:00:00:05] (Kelas A, Web Browsing / AC_BE) [UL]	-> TH: 0.519748 Mbps 	| D: 4.32572 ms 	| J: 2.49392 ms 	| Drop: 3
STA 5 [00:00:00:00:00:06] (Kelas A, Live Streaming / AC_VI) [DL]	-> TH: 2.06644 Mbps 	| D: 3.03476 ms 	| J: 0.719126 ms 	| Drop: 3
STA 5 [00:00:00:00:00:06] (Kelas A, Live Streaming / AC_VI) [UL]	-> TH: 5.33205 Mbps 	| D: 1.09625 ms 	| J: 0.32403 ms 	| Drop: 1
STA 6 [00:00:00:00:00:07] (Kelas A, Social Media / AC_BE) [DL]	-> TH: 4.4837 Mbps 	| D: 45.0125 ms 	| J: 0.221553 ms 	| Drop: 97
STA 6 [00:00:00:00:00:07] (Kelas A, Social Media / AC_BE) [UL]	-> TH: 0.578502 Mbps 	| D: 1.50267 ms 	| J: 0.535941 ms 	| Drop: 19
STA 7 [00:00:00:00:00:08] (Kelas A, Video 4K Streaming / AC_VI) [DL]	-> TH: 20.1645 Mbps 	| D: 3.82167 ms 	| J: 0.133951 ms 	| Drop: 128
STA 7 [00:00:00:00:00:08] (Kelas A, Video 4K Streaming / AC_VI) [UL]	-> TH: 0.531456 Mbps 	| D: 1.12912 ms 	| J: 0.985563 ms 	| Drop: 0
STA 8 [00:00:00:00:00:09] (Kelas A, Gaming / AC_VO) [DL]	-> TH: 10.2124 Mbps 	| D: 1.98222 ms 	| J: 0.123377 ms 	| Drop: 54
STA 8 [00:00:00:00:00:09] (Kelas A, Gaming / AC_VO) [UL]	-> TH: 2.05539 Mbps 	| D: 0.866927 ms 	| J: 0.589336 ms 	| Drop: 12
STA 9 [00:00:00:00:00:0a] (Kelas A, File Download / AC_BK) [DL]	-> TH: 23.4957 Mbps 	| D: 57.6568 ms 	| J: 0.306859 ms 	| Drop: 220
STA 9 [00:00:00:00:00:0a] (Kelas A, File Download / AC_BK) [UL]	-> TH: 0.812818 Mbps 	| D: 99.597 ms 	| J: 9.50258 ms 	| Drop: 5
STA 10 [00:00:00:00:00:0b] (Kelas A, Web Browsing / AC_BE) [DL]	-> TH: 11.0337 Mbps 	| D: 6.99364 ms 	| J: 0.148237 ms 	| Drop: 436
STA 10 [00:00:00:00:00:0b] (Kelas A, Web Browsing / AC_BE) [UL]	-> TH: 0 Mbps 	| D: 0 ms 	| J: 0 ms 	| Drop: 118
STA 11 [00:00:00:00:00:0c] (Kelas A, Live Streaming / AC_VI) [DL]	-> TH: 0 Mbps 	| D: 0 ms 	| J: 0 ms 	| Drop: 3548
STA 11 [00:00:00:00:00:0c] (Kelas A, Live Streaming / AC_VI) [UL]	-> TH: 0 Mbps 	| D: 0 ms 	| J: 0 ms 	| Drop: 785
STA 12 [00:00:00:00:00:0e] (Kelas B, Social Media / AC_BE) [DL]	-> TH: 11.0337 Mbps 	| D: 6.99364 ms 	| J: 0.148237 ms 	| Drop: 436
STA 12 [00:00:00:00:00:0e] (Kelas B, Social Media / AC_BE) [UL]	-> TH: 0 Mbps 	| D: 0 ms 	| J: 0 ms 	| Drop: 118
STA 13 [00:00:00:00:00:0f] (Kelas B, Video 4K Streaming / AC_VI) [DL]	-> TH: 0 Mbps 	| D: 0 ms 	| J: 0 ms 	| Drop: 3548
STA 13 [00:00:00:00:00:0f] (Kelas B, Video 4K Streaming / AC_VI) [UL]	-> TH: 0 Mbps 	| D: 0 ms 	| J: 0 ms 	| Drop: 785
STA 14 [00:00:00:00:00:10] (Kelas B, Gaming / AC_VO) [DL]	-> TH: 10.1525 Mbps 	| D: 0.782219 ms 	| J: 0.164764 ms 	| Drop: 81
STA 14 [00:00:00:00:00:10] (Kelas B, Gaming / AC_VO) [UL]	-> TH: 0.598267 Mbps 	| D: 12.6186 ms 	| J: 1.00906 ms 	| Drop: 0
STA 15 [00:00:00:00:00:11] (Kelas B, File Download / AC_BK) [DL]	-> TH: 30.9556 Mbps 	| D: 46.126 ms 	| J: 0.324818 ms 	| Drop: 97
STA 15 [00:00:00:00:00:11] (Kelas B, File Download / AC_BK) [UL]	-> TH: 0.534191 Mbps 	| D: 1.8438 ms 	| J: 1.65792 ms 	| Drop: 0
STA 16 [00:00:00:00:00:12] (Kelas B, Web Browsing / AC_BE) [DL]	-> TH: 2.54184 Mbps 	| D: 13.0559 ms 	| J: 2.36118 ms 	| Drop: 621
STA 16 [00:00:00:00:00:12] (Kelas B, Web Browsing / AC_BE) [UL]	-> TH: 1.99734 Mbps 	| D: 1.95317 ms 	| J: 0.725152 ms 	| Drop: 13
STA 17 [00:00:00:00:00:13] (Kelas B, Live Streaming / AC_VI) [DL]	-> TH: 2.12854 Mbps 	| D: 0.911419 ms 	| J: 0.529598 ms 	| Drop: 1
STA 17 [00:00:00:00:00:13] (Kelas B, Live Streaming / AC_VI) [UL]	-> TH: 0.654919 Mbps 	| D: 70.0833 ms 	| J: 11.4548 ms 	| Drop: 7
STA 18 [00:00:00:00:00:14] (Kelas B, Social Media / AC_BE) [DL]	-> TH: 5.63268 Mbps 	| D: 14.027 ms 	| J: 0.150626 ms 	| Drop: 309
STA 18 [00:00:00:00:00:14] (Kelas B, Social Media / AC_BE) [UL]	-> TH: 0.514033 Mbps 	| D: 14.4564 ms 	| J: 5.68265 ms 	| Drop: 2
STA 19 [00:00:00:00:00:15] (Kelas B, Video 4K Streaming / AC_VI) [DL]	-> TH: 20.7177 Mbps 	| D: 1.057 ms 	| J: 0.119628 ms 	| Drop: 91
STA 19 [00:00:00:00:00:15] (Kelas B, Video 4K Streaming / AC_VI) [UL]	-> TH: 5.26281 Mbps 	| D: 6.8012 ms 	| J: 0.593426 ms 	| Drop: 0
STA 20 [00:00:00:00:00:16] (Kelas B, Gaming / AC_VO) [DL]	-> TH: 10.1574 Mbps 	| D: 1.26927 ms 	| J: 0.194266 ms 	| Drop: 81
STA 20 [00:00:00:00:00:16] (Kelas B, Gaming / AC_VO) [UL]	-> TH: 0.555175 Mbps 	| D: 10.5684 ms 	| J: 0.652372 ms 	| Drop: 31
STA 21 [00:00:00:00:00:17] (Kelas B, File Download / AC_BK) [DL]	-> TH: 29.5877 Mbps 	| D: 48.6965 ms 	| J: 0.183992 ms 	| Drop: 251
STA 21 [00:00:00:00:00:17] (Kelas B, File Download / AC_BK) [UL]	-> TH: 0.527434 Mbps 	| D: 3.40969 ms 	| J: 2.52729 ms 	| Drop: 0
STA 22 [00:00:00:00:00:1a] (Koridor, Web Browsing / AC_BE) [DL]	-> TH: 0 Mbps 	| D: 0 ms 	| J: 0 ms 	| Drop: 1124
STA 22 [00:00:00:00:00:1a] (Koridor, Web Browsing / AC_BE) [UL]	-> TH: 2.04841 Mbps 	| D: 1.43796 ms 	| J: 0.387487 ms 	| Drop: 11
STA 23 [00:00:00:00:00:1b] (Koridor, Live Streaming / AC_VI) [DL]	-> TH: 2.04827 Mbps 	| D: 1.44446 ms 	| J: 0.722163 ms 	| Drop: 13
STA 23 [00:00:00:00:00:1b] (Koridor, Live Streaming / AC_VI) [UL]	-> TH: 0.779571 Mbps 	| D: 38.4654 ms 	| J: 8.24206 ms 	| Drop: 6

[!] Data statistik berhasil di-export ke 'scratch/ta_wifi7/output_simulasi/hasil_simulasi_wifi6_20260609_121828.csv'

[BREAKDOWN KELAS A (STA 0-11)]
  Agregat Throughput   : 149.825 Mbps
  Rata-rata Delay      : 15.4477 ms
  Rata-rata Jitter     : 1.12701 ms
  Total Paket Drop     : 6076 paket

[BREAKDOWN KELAS B (STA 12-21)]
  Agregat Throughput   : 133.552 Mbps
  Rata-rata Delay      : 12.7327 ms
  Rata-rata Jitter     : 1.42399 ms
  Total Paket Drop     : 6472 paket

[BREAKDOWN KORIDOR (STA 22-23 / Bergerak)]
  Agregat Throughput   : 4.87625 Mbps
  Rata-rata Delay      : 10.337 ms
  Rata-rata Jitter     : 2.33793 ms
  Total Paket Drop     : 1154 paket

================= METRIK MOBILITAS & HANDOVER =================
  STA Node 3 berhasil melakukan Handover sebanyak : 1 kali
  STA Node 4 berhasil melakukan Handover sebanyak : 2 kali
  STA Node 5 berhasil melakukan Handover sebanyak : 2 kali
  STA Node 6 berhasil melakukan Handover sebanyak : 1 kali
  STA Node 7 berhasil melakukan Handover sebanyak : 1 kali
  STA Node 8 berhasil melakukan Handover sebanyak : 1 kali
  STA Node 9 berhasil melakukan Handover sebanyak : 1 kali
  STA Node 10 berhasil melakukan Handover sebanyak : 1 kali
  STA Node 11 berhasil melakukan Handover sebanyak : 1 kali
  STA Node 12 berhasil melakukan Handover sebanyak : 1 kali
  STA Node 13 berhasil melakukan Handover sebanyak : 1 kali
  STA Node 14 berhasil melakukan Handover sebanyak : 1 kali
  STA Node 18 berhasil melakukan Handover sebanyak : 1 kali
  STA Node 25 berhasil melakukan Handover sebanyak : 1 kali
  STA Node 26 berhasil melakukan Handover sebanyak : 1 kali
  Total akumulasi Handover sukses : 17 kali

================= METRIK SISTEM GLOBAL =================
  Total Agregat Throughput  : 288.392 Mbit/s
  Spectral Efficiency       : 0.600816 bit/s/Hz
  Channel Utilization (AP0) : 47.6667 % (Ruang 1)
  Channel Utilization (AP1) : 51.6667 % (Ruang 2)

================= VALIDASI MCS 13 (4096-QAM) =================
  Minimum SNR untuk MCS 13  : ~41 dB
  Estimasi SNR Saat Ini     : 51 dB
  Status Validasi           : [VALID] SNR memadai untuk mempertahankan 4096-QAM.
========================================================

[INFO] Waktu Eksekusi Nyata (Real Runtime) Simulasi: 4.668 menit (280.08 detik)
