
=======================================================
[INFO] TANGGAL & WAKTU EKSEKUSI SIMULASI : 2026-06-04 19:47:30
=======================================================

>>> Memulai simulasi Wi-Fi 7 Indoor MLO (Skenario Kampus Lanjutan), menunggu 10 detik... <<<


--- Memulai Log Panjang Antrean MAC (Queue Occupancy) per 100 ms ---

[INFO] Fitur PCAP aktif! File .pcap akan disimpan di: scratch/ta_wifi7/output_simulasi/pcap_wifi7_20260604_194730
[Antrean MAC] Waktu: 0.1s | AP0 (Ruang 1): 0 paket | AP1 (Ruang 2): 0 paket
[STA ASSOC] Waktu: 0.120925s | STA Node 18 sukses Asosiasi ke AP BSSID: 00:00:00:00:00:3a
[STA ASSOC] Waktu: 0.122005s | STA Node 10 sukses Asosiasi ke AP BSSID: 00:00:00:00:00:1f
[STA ASSOC] Waktu: 0.122513s | STA Node 9 sukses Asosiasi ke AP BSSID: 00:00:00:00:00:1f
[STA ASSOC] Waktu: 0.122847s | STA Node 15 sukses Asosiasi ke AP BSSID: 00:00:00:00:00:3a
[STA ASSOC] Waktu: 0.122943s | STA Node 23 sukses Asosiasi ke AP BSSID: 00:00:00:00:00:44
[STA ASSOC] Waktu: 0.123351s | STA Node 14 sukses Asosiasi ke AP BSSID: 00:00:00:00:00:3a
[STA ASSOC] Waktu: 0.123593s | STA Node 5 sukses Asosiasi ke AP BSSID: 00:00:00:00:00:1f
[STA ASSOC] Waktu: 0.123593s | STA Node 16 sukses Asosiasi ke AP BSSID: 00:00:00:00:00:3a
[STA ASSOC] Waktu: 0.124432s | STA Node 2 sukses Asosiasi ke AP BSSID: 00:00:00:00:00:1f
[STA ASSOC] Waktu: 0.124936s | STA Node 4 sukses Asosiasi ke AP BSSID: 00:00:00:00:00:1f
[STA ASSOC] Waktu: 0.125159s | STA Node 12 sukses Asosiasi ke AP BSSID: 00:00:00:00:00:3a
[STA ASSOC] Waktu: 0.12544s | STA Node 7 sukses Asosiasi ke AP BSSID: 00:00:00:00:00:1f
[STA ASSOC] Waktu: 0.125667s | STA Node 17 sukses Asosiasi ke AP BSSID: 00:00:00:00:00:3a
[STA ASSOC] Waktu: 0.125944s | STA Node 3 sukses Asosiasi ke AP BSSID: 00:00:00:00:00:1f
[STA ASSOC] Waktu: 0.126535s | STA Node 19 sukses Asosiasi ke AP BSSID: 00:00:00:00:00:3a
[STA ASSOC] Waktu: 0.127161s | STA Node 20 sukses Asosiasi ke AP BSSID: 00:00:00:00:00:1f
[STA ASSOC] Waktu: 0.127625s | STA Node 21 sukses Asosiasi ke AP BSSID: 00:00:00:00:00:3a
[STA ASSOC] Waktu: 0.128241s | STA Node 8 sukses Asosiasi ke AP BSSID: 00:00:00:00:00:1f
[STA ASSOC] Waktu: 0.128241s | STA Node 13 sukses Asosiasi ke AP BSSID: 00:00:00:00:00:3a
[STA ASSOC] Waktu: 0.128378s | STA Node 11 sukses Asosiasi ke AP BSSID: 00:00:00:00:00:1f
[STA ASSOC] Waktu: 0.129493s | STA Node 6 sukses Asosiasi ke AP BSSID: 00:00:00:00:00:1f
[Antrean MAC] Waktu: 0.2s | AP0 (Ruang 1): 0 paket | AP1 (Ruang 2): 0 paket
[Antrean MAC] Waktu: 0.3s | AP0 (Ruang 1): 0 paket | AP1 (Ruang 2): 0 paket
[Antrean MAC] Waktu: 0.4s | AP0 (Ruang 1): 0 paket | AP1 (Ruang 2): 0 paket
[Antrean MAC] Waktu: 0.5s | AP0 (Ruang 1): 0 paket | AP1 (Ruang 2): 0 paket
[Antrean MAC] Waktu: 0.6s | AP0 (Ruang 1): 0 paket | AP1 (Ruang 2): 0 paket
[Antrean MAC] Waktu: 0.7s | AP0 (Ruang 1): 0 paket | AP1 (Ruang 2): 0 paket
[Antrean MAC] Waktu: 0.8s | AP0 (Ruang 1): 0 paket | AP1 (Ruang 2): 0 paket
[Antrean MAC] Waktu: 0.9s | AP0 (Ruang 1): 0 paket | AP1 (Ruang 2): 0 paket
[Antrean MAC] Waktu: 1s | AP0 (Ruang 1): 0 paket | AP1 (Ruang 2): 0 paket
[Antrean MAC] Waktu: 1.1s | AP0 (Ruang 1): 0 paket | AP1 (Ruang 2): 0 paket
[Antrean MAC] Waktu: 1.2s | AP0 (Ruang 1): 50 paket | AP1 (Ruang 2): 2 paket
[Antrean MAC] Waktu: 1.3s | AP0 (Ruang 1): 114 paket | AP1 (Ruang 2): 0 paket
[Antrean MAC] Waktu: 1.4s | AP0 (Ruang 1): 32 paket | AP1 (Ruang 2): 0 paket
[Antrean MAC] Waktu: 1.5s | AP0 (Ruang 1): 240 paket | AP1 (Ruang 2): 8 paket
[Antrean MAC] Waktu: 1.6s | AP0 (Ruang 1): 14 paket | AP1 (Ruang 2): 0 paket
[Antrean MAC] Waktu: 1.7s | AP0 (Ruang 1): 18 paket | AP1 (Ruang 2): 6 paket
[Antrean MAC] Waktu: 1.8s | AP0 (Ruang 1): 330 paket | AP1 (Ruang 2): 0 paket
[Antrean MAC] Waktu: 1.9s | AP0 (Ruang 1): 106 paket | AP1 (Ruang 2): 0 paket
[Antrean MAC] Waktu: 2s | AP0 (Ruang 1): 266 paket | AP1 (Ruang 2): 0 paket
[Antrean MAC] Waktu: 2.1s | AP0 (Ruang 1): 54 paket | AP1 (Ruang 2): 0 paket
[Antrean MAC] Waktu: 2.2s | AP0 (Ruang 1): 18 paket | AP1 (Ruang 2): 0 paket
[Antrean MAC] Waktu: 2.3s | AP0 (Ruang 1): 326 paket | AP1 (Ruang 2): 0 paket
[Antrean MAC] Waktu: 2.4s | AP0 (Ruang 1): 238 paket | AP1 (Ruang 2): 0 paket
[Antrean MAC] Waktu: 2.5s | AP0 (Ruang 1): 26 paket | AP1 (Ruang 2): 0 paket
[Antrean MAC] Waktu: 2.6s | AP0 (Ruang 1): 112 paket | AP1 (Ruang 2): 0 paket
[Antrean MAC] Waktu: 2.7s | AP0 (Ruang 1): 92 paket | AP1 (Ruang 2): 8 paket
[Antrean MAC] Waktu: 2.8s | AP0 (Ruang 1): 204 paket | AP1 (Ruang 2): 0 paket
[Antrean MAC] Waktu: 2.9s | AP0 (Ruang 1): 92 paket | AP1 (Ruang 2): 0 paket
[Antrean MAC] Waktu: 3s | AP0 (Ruang 1): 14 paket | AP1 (Ruang 2): 0 paket
[Antrean MAC] Waktu: 3.1s | AP0 (Ruang 1): 0 paket | AP1 (Ruang 2): 0 paket
[Antrean MAC] Waktu: 3.2s | AP0 (Ruang 1): 0 paket | AP1 (Ruang 2): 0 paket
[Antrean MAC] Waktu: 3.3s | AP0 (Ruang 1): 0 paket | AP1 (Ruang 2): 0 paket
[Antrean MAC] Waktu: 3.4s | AP0 (Ruang 1): 0 paket | AP1 (Ruang 2): 0 paket
[Antrean MAC] Waktu: 3.5s | AP0 (Ruang 1): 0 paket | AP1 (Ruang 2): 0 paket
[Antrean MAC] Waktu: 3.6s | AP0 (Ruang 1): 0 paket | AP1 (Ruang 2): 0 paket
[Antrean MAC] Waktu: 3.7s | AP0 (Ruang 1): 0 paket | AP1 (Ruang 2): 0 paket
[Antrean MAC] Waktu: 3.8s | AP0 (Ruang 1): 0 paket | AP1 (Ruang 2): 0 paket
[Antrean MAC] Waktu: 3.9s | AP0 (Ruang 1): 0 paket | AP1 (Ruang 2): 0 paket

================= HASIL SIMULASI INDOOR WI-FI 7 (MLO) LENGKAP =================
Skenario           : Ruang 1 (Diam/Duduk) & Ruang 2 (Bergerak/Mobile)
Jumlah User (STA)  : 20 User (10 Kelas A, 8 Kelas B, 2 Koridor)
Fitur Wi-Fi 7      : Dynamic Rate Adaptation (IdealWifiManager), MLO Link Steering Resilience, OBSS PD Spatial Reuse
---------------------------------------------------------------------------------

>>> Profil: Social Media (Target: 25Mbps) <<<
  Throughput Rata-2    : 5.7462 Mbit/s per User
  Average Delay        : 2.26825 ms
  Average Jitter       : 0.0936632 ms
  Jain's Fairness Idx  : 0.999863 (Skala 0.0 - 1.0)
  MAC Queue Drop       : 221 packets per User
  SINR Distribution    : ~56.5 dB (Teoritis Pathloss)

>>> Profil: Video 4K Streaming (Target: 100Mbps) <<<
  Throughput Rata-2    : 20.6642 Mbit/s per User
  Average Delay        : 0.248132 ms
  Average Jitter       : 0.0661592 ms
  Jain's Fairness Idx  : 0.999871 (Skala 0.0 - 1.0)
  MAC Queue Drop       : 89 packets per User
  SINR Distribution    : ~56.5 dB (Teoritis Pathloss)

>>> Profil: Gaming (Target: 50Mbps) <<<
  Throughput Rata-2    : 10.2948 Mbit/s per User
  Average Delay        : 0.230842 ms
  Average Jitter       : 0.064467 ms
  Jain's Fairness Idx  : 0.999938 (Skala 0.0 - 1.0)
  MAC Queue Drop       : 60 packets per User
  SINR Distribution    : ~56.5 dB (Teoritis Pathloss)

>>> Profil: File Download (Target: 150Mbps) <<<
  Throughput Rata-2    : 23.5866 Mbit/s per User
  Average Delay        : 0.911843 ms
  Average Jitter       : 0.0568383 ms
  Jain's Fairness Idx  : 0.749973 (Skala 0.0 - 1.0)
  MAC Queue Drop       : 1281 packets per User
  SINR Distribution    : ~56.5 dB (Teoritis Pathloss)

>>> Profil: Web Browsing (Target: 25Mbps) <<<
  Throughput Rata-2    : 5.20931 Mbit/s per User
  Average Delay        : 0.386626 ms
  Average Jitter       : 0.204599 ms
  Jain's Fairness Idx  : 0.999702 (Skala 0.0 - 1.0)
  MAC Queue Drop       : 39 packets per User
  SINR Distribution    : ~56.5 dB (Teoritis Pathloss)

================= DETAIL PER STA & BREAKDOWN AREA =================
STA 0 [00:00:00:00:00:01] (Kelas A, Social Media / AC_BE)	-> TH: 5.67165 Mbps 	| D: 1.93257 ms 	| J: 0.0946714 ms 	| Drop: 309
STA 1 [00:00:00:00:00:04] (Kelas A, Video 4K Streaming / AC_VI)	-> TH: 20.5854 Mbps 	| D: 0.200891 ms 	| J: 0.0638888 ms 	| Drop: 43
STA 2 [00:00:00:00:00:07] (Kelas A, Gaming / AC_VO)	-> TH: 10.3758 Mbps 	| D: 0.263404 ms 	| J: 0.0624567 ms 	| Drop: 48
STA 3 [00:00:00:00:00:0a] (Kelas A, File Download / AC_BK)	-> TH: 31.4762 Mbps 	| D: 1.20181 ms 	| J: 0.0703628 ms 	| Drop: 92
STA 4 [00:00:00:00:00:0d] (Kelas A, Web Browsing / AC_BE)	-> TH: 5.14381 Mbps 	| D: 0.328617 ms 	| J: 0.189588 ms 	| Drop: 55
STA 5 [00:00:00:00:00:10] (Kelas A, Social Media / AC_BE)	-> TH: 5.84224 Mbps 	| D: 1.9783 ms 	| J: 0.0859933 ms 	| Drop: 121
STA 6 [00:00:00:00:00:13] (Kelas A, Video 4K Streaming / AC_VI)	-> TH: 20.3184 Mbps 	| D: 0.214865 ms 	| J: 0.0668877 ms 	| Drop: 161
STA 7 [00:00:00:00:00:16] (Kelas A, Gaming / AC_VO)	-> TH: 10.1706 Mbps 	| D: 0.194056 ms 	| J: 0.0588482 ms 	| Drop: 79
STA 8 [00:00:00:00:00:19] (Kelas A, File Download / AC_BK)	-> TH: 31.666 Mbps 	| D: 1.00651 ms 	| J: 0.0784243 ms 	| Drop: 63
STA 9 [00:00:00:00:00:1c] (Kelas A, Web Browsing / AC_BE)	-> TH: 5.21617 Mbps 	| D: 0.336979 ms 	| J: 0.174484 ms 	| Drop: 39
STA 10 [00:00:00:00:00:22] (Kelas B, Social Media / AC_BE)	-> TH: 5.7749 Mbps 	| D: 2.40266 ms 	| J: 0.0989905 ms 	| Drop: 189
STA 11 [00:00:00:00:00:25] (Kelas B, Video 4K Streaming / AC_VI)	-> TH: 20.8307 Mbps 	| D: 0.36191 ms 	| J: 0.0697462 ms 	| Drop: 84
STA 12 [00:00:00:00:00:28] (Kelas B, Gaming / AC_VO)	-> TH: 10.2766 Mbps 	| D: 0.207681 ms 	| J: 0.0677674 ms 	| Drop: 63
STA 13 [00:00:00:00:00:2b] (Kelas B, File Download / AC_BK)	-> TH: 31.204 Mbps 	| D: 1.43905 ms 	| J: 0.078566 ms 	| Drop: 130
STA 14 [00:00:00:00:00:2e] (Kelas B, Web Browsing / AC_BE)	-> TH: 5.12406 Mbps 	| D: 0.424329 ms 	| J: 0.241155 ms 	| Drop: 58
STA 15 [00:00:00:00:00:31] (Kelas B, Social Media / AC_BE)	-> TH: 5.69602 Mbps 	| D: 2.75945 ms 	| J: 0.0949978 ms 	| Drop: 267
STA 16 [00:00:00:00:00:34] (Kelas B, Video 4K Streaming / AC_VI)	-> TH: 20.9224 Mbps 	| D: 0.21486 ms 	| J: 0.0641142 ms 	| Drop: 70
STA 17 [00:00:00:00:00:37] (Kelas B, Gaming / AC_VO)	-> TH: 10.3562 Mbps 	| D: 0.258227 ms 	| J: 0.0687959 ms 	| Drop: 51
STA 18 [00:00:00:00:00:3d] (Koridor, File Download / AC_BK)	-> TH: 0 Mbps 	| D: 0 ms 	| J: 0 ms 	| Drop: 4840
STA 19 [00:00:00:00:00:40] (Koridor, Web Browsing / AC_BE)	-> TH: 5.35321 Mbps 	| D: 0.456578 ms 	| J: 0.213167 ms 	| Drop: 7

[!] Data statistik berhasil di-export ke 'scratch/ta_wifi7/output_simulasi/hasil_simulasi_wifi7_20260604_194730.csv'

[BREAKDOWN KELAS A (STA 0-9)]
  Agregat Throughput   : 146.466 Mbps
  Rata-rata Delay      : 0.7658 ms
  Rata-rata Jitter     : 0.0945605 ms
  Total Paket Drop     : 1010 paket

[BREAKDOWN KELAS B (STA 10-17)]
  Agregat Throughput   : 110.185 Mbps
  Rata-rata Delay      : 1.00852 ms
  Rata-rata Jitter     : 0.0980167 ms
  Total Paket Drop     : 912 paket

[BREAKDOWN KORIDOR (STA 18-19 / Bergerak)]
  Agregat Throughput   : 5.35321 Mbps
  Rata-rata Delay      : 0.228289 ms
  Rata-rata Jitter     : 0.106584 ms
  Total Paket Drop     : 4847 paket

================= METRIK MOBILITAS & HANDOVER =================
  Tidak ada STA yang melakukan Handover (semua tetap pada AP awal / sinyal masih terjangkau).

================= METRIK SISTEM GLOBAL =================
  Total Agregat Throughput  : 262.004 Mbit/s
  Spectral Efficiency       : 0.545842 bit/s/Hz
  Channel Utilization (AP0) : 54 % (Ruang 1)
  Channel Utilization (AP1) : 53.3333 % (Ruang 2)

================= VALIDASI MCS 13 (4096-QAM) =================
  Minimum SNR untuk MCS 13  : ~41 dB
  Estimasi SNR Saat Ini     : 51 dB
  Status Validasi           : [VALID] SNR memadai untuk mempertahankan 4096-QAM.
========================================================

[INFO] Waktu Eksekusi Nyata (Real Runtime) Simulasi: 810.165 detik
