
=======================================================
[INFO] TANGGAL & WAKTU EKSEKUSI SIMULASI : 2026-06-12 10:55:28
=======================================================

=======================================================
[INFO] Skenario Dasar / Baseline Clean Test (Wi-Fi 6)
=======================================================
Simulasi ini merupakan skenario pengujian dasar (baseline/clean test) yang merepresentasikan beban aktivitas jaringan Wi-Fi standar di sebuah lingkungan perkantoran atau ruang kelas. Tujuannya adalah untuk mendirikan nilai acuan (baseline metrics) mengenai throughput, delay, jitter, dan stabilitas koneksi dalam kondisi normal sebelum diberikan beban pengujian ekstrem.

Secara konseptual, simulasi ini memodelkan dua ruangan terpisah yang masing-masing dilayani oleh satu buah Access Point (AP) Wi-Fi 6. Klien-klien didistribusikan ke dalam beberapa kelas dengan perilaku aktivitas internet campuran (heterogen), mulai dari penjelajahan web, streaming video 4K, hingga bermain game.

Skenario ini juga menerapkan profil mobilitas ganda: di mana klien di ruangan pertama akan berada pada posisi diam (statis), sementara klien di ruangan kedua bergerak dengan pola berjalan acak. Simulasi ini memberikan potret menyeluruh tentang kinerja Wi-Fi 6 di skenario harian (day-to-day) operasional jaringan.
=======================================================

--- Memulai Log Panjang Antrean MAC (Queue Occupancy) per 100 ms ---
[STA ASSOC] Waktu: 0.0549275s | STA Node 7 sukses Asosiasi ke AP BSSID: 00:00:00:00:00:0d
[STA ASSOC] Waktu: 0.0552715s | STA Node 11 sukses Asosiasi ke AP BSSID: 00:00:00:00:00:0d
[STA ASSOC] Waktu: 0.0556156s | STA Node 2 sukses Asosiasi ke AP BSSID: 00:00:00:00:00:0d
[STA ASSOC] Waktu: 0.0559596s | STA Node 5 sukses Asosiasi ke AP BSSID: 00:00:00:00:00:0d
[STA ASSOC] Waktu: 0.0563036s | STA Node 10 sukses Asosiasi ke AP BSSID: 00:00:00:00:00:0d
[STA ASSOC] Waktu: 0.0566476s | STA Node 8 sukses Asosiasi ke AP BSSID: 00:00:00:00:00:0d
[STA ASSOC] Waktu: 0.0570096s | STA Node 12 sukses Asosiasi ke AP BSSID: 00:00:00:00:00:0d
[STA ASSOC] Waktu: 0.0573537s | STA Node 4 sukses Asosiasi ke AP BSSID: 00:00:00:00:00:0d
[STA ASSOC] Waktu: 0.0591839s | STA Node 6 sukses Asosiasi ke AP BSSID: 00:00:00:00:00:0d
[STA ASSOC] Waktu: 0.0595499s | STA Node 14 sukses Asosiasi ke AP BSSID: 00:00:00:00:00:18
[STA ASSOC] Waktu: 0.0598939s | STA Node 21 sukses Asosiasi ke AP BSSID: 00:00:00:00:00:18
[STA ASSOC] Waktu: 0.060238s | STA Node 22 sukses Asosiasi ke AP BSSID: 00:00:00:00:00:18
[STA ASSOC] Waktu: 0.060582s | STA Node 19 sukses Asosiasi ke AP BSSID: 00:00:00:00:00:18
[STA ASSOC] Waktu: 0.060926s | STA Node 15 sukses Asosiasi ke AP BSSID: 00:00:00:00:00:18
[STA ASSOC] Waktu: 0.06127s | STA Node 25 sukses Asosiasi ke AP BSSID: 00:00:00:00:00:18
[STA ASSOC] Waktu: 0.0616411s | STA Node 20 sukses Asosiasi ke AP BSSID: 00:00:00:00:00:18
[STA ASSOC] Waktu: 0.0619851s | STA Node 16 sukses Asosiasi ke AP BSSID: 00:00:00:00:00:18
[STA ASSOC] Waktu: 0.0623291s | STA Node 24 sukses Asosiasi ke AP BSSID: 00:00:00:00:00:18
[STA ASSOC] Waktu: 0.0634913s | STA Node 18 sukses Asosiasi ke AP BSSID: 00:00:00:00:00:18
[STA ASSOC] Waktu: 0.0646404s | STA Node 13 sukses Asosiasi ke AP BSSID: 00:00:00:00:00:0d
[STA ASSOC] Waktu: 0.0649844s | STA Node 3 sukses Asosiasi ke AP BSSID: 00:00:00:00:00:0d
[STA ASSOC] Waktu: 0.0653285s | STA Node 9 sukses Asosiasi ke AP BSSID: 00:00:00:00:00:0d
[STA ASSOC] Waktu: 0.0661337s | STA Node 23 sukses Asosiasi ke AP BSSID: 00:00:00:00:00:0d
[STA ASSOC] Waktu: 0.0669478s | STA Node 17 sukses Asosiasi ke AP BSSID: 00:00:00:00:00:18
[Antrean MAC] Waktu: 0.1s | AP0 (Ruang 1): 0 paket | AP1 (Ruang 2): 0 paket
[Antrean MAC] Waktu: 0.2s | AP0 (Ruang 1): 0 paket | AP1 (Ruang 2): 0 paket
[Antrean MAC] Waktu: 0.3s | AP0 (Ruang 1): 0 paket | AP1 (Ruang 2): 0 paket
[Antrean MAC] Waktu: 0.4s | AP0 (Ruang 1): 0 paket | AP1 (Ruang 2): 0 paket
[Antrean MAC] Waktu: 0.5s | AP0 (Ruang 1): 0 paket | AP1 (Ruang 2): 0 paket
[Antrean MAC] Waktu: 0.6s | AP0 (Ruang 1): 0 paket | AP1 (Ruang 2): 0 paket
[Antrean MAC] Waktu: 0.7s | AP0 (Ruang 1): 0 paket | AP1 (Ruang 2): 0 paket
[Antrean MAC] Waktu: 0.8s | AP0 (Ruang 1): 0 paket | AP1 (Ruang 2): 0 paket
[Antrean MAC] Waktu: 0.9s | AP0 (Ruang 1): 0 paket | AP1 (Ruang 2): 0 paket
[Antrean MAC] Waktu: 1s | AP0 (Ruang 1): 0 paket | AP1 (Ruang 2): 0 paket
[Antrean MAC] Waktu: 1.1s | AP0 (Ruang 1): 118 paket | AP1 (Ruang 2): 0 paket
[Antrean MAC] Waktu: 1.2s | AP0 (Ruang 1): 122 paket | AP1 (Ruang 2): 0 paket
[Antrean MAC] Waktu: 1.3s | AP0 (Ruang 1): 1154 paket | AP1 (Ruang 2): 432 paket
[Antrean MAC] Waktu: 1.4s | AP0 (Ruang 1): 594 paket | AP1 (Ruang 2): 310 paket
[Antrean MAC] Waktu: 1.5s | AP0 (Ruang 1): 750 paket | AP1 (Ruang 2): 418 paket
[Antrean MAC] Waktu: 1.6s | AP0 (Ruang 1): 688 paket | AP1 (Ruang 2): 626 paket
[Antrean MAC] Waktu: 1.7s | AP0 (Ruang 1): 582 paket | AP1 (Ruang 2): 374 paket
[Antrean MAC] Waktu: 1.8s | AP0 (Ruang 1): 294 paket | AP1 (Ruang 2): 1136 paket
[Antrean MAC] Waktu: 1.9s | AP0 (Ruang 1): 1022 paket | AP1 (Ruang 2): 1340 paket
[Antrean MAC] Waktu: 2s | AP0 (Ruang 1): 1564 paket | AP1 (Ruang 2): 1642 paket
[Antrean MAC] Waktu: 2.1s | AP0 (Ruang 1): 2106 paket | AP1 (Ruang 2): 324 paket
[Antrean MAC] Waktu: 2.2s | AP0 (Ruang 1): 1096 paket | AP1 (Ruang 2): 886 paket
[Antrean MAC] Waktu: 2.3s | AP0 (Ruang 1): 608 paket | AP1 (Ruang 2): 1336 paket
[Antrean MAC] Waktu: 2.4s | AP0 (Ruang 1): 286 paket | AP1 (Ruang 2): 846 paket
[Antrean MAC] Waktu: 2.5s | AP0 (Ruang 1): 1128 paket | AP1 (Ruang 2): 0 paket
[Antrean MAC] Waktu: 2.6s | AP0 (Ruang 1): 570 paket | AP1 (Ruang 2): 14 paket
[Antrean MAC] Waktu: 2.7s | AP0 (Ruang 1): 614 paket | AP1 (Ruang 2): 636 paket
[Antrean MAC] Waktu: 2.8s | AP0 (Ruang 1): 588 paket | AP1 (Ruang 2): 0 paket
[Antrean MAC] Waktu: 2.9s | AP0 (Ruang 1): 592 paket | AP1 (Ruang 2): 12 paket
[Antrean MAC] Waktu: 3s | AP0 (Ruang 1): 102 paket | AP1 (Ruang 2): 782 paket
[Antrean MAC] Waktu: 3.1s | AP0 (Ruang 1): 0 paket | AP1 (Ruang 2): 0 paket
[Antrean MAC] Waktu: 3.2s | AP0 (Ruang 1): 0 paket | AP1 (Ruang 2): 0 paket
[Antrean MAC] Waktu: 3.3s | AP0 (Ruang 1): 0 paket | AP1 (Ruang 2): 0 paket
[Antrean MAC] Waktu: 3.4s | AP0 (Ruang 1): 0 paket | AP1 (Ruang 2): 0 paket
[Antrean MAC] Waktu: 3.5s | AP0 (Ruang 1): 0 paket | AP1 (Ruang 2): 0 paket
[Antrean MAC] Waktu: 3.6s | AP0 (Ruang 1): 0 paket | AP1 (Ruang 2): 0 paket
[Antrean MAC] Waktu: 3.7s | AP0 (Ruang 1): 0 paket | AP1 (Ruang 2): 0 paket
[Antrean MAC] Waktu: 3.8s | AP0 (Ruang 1): 0 paket | AP1 (Ruang 2): 0 paket
[Antrean MAC] Waktu: 3.9s | AP0 (Ruang 1): 0 paket | AP1 (Ruang 2): 0 paket

================= HASIL SIMULASI INDOOR WI-FI 6 (BASELINE) LENGKAP =================
Skenario           : Ruang 1 (Diam/Duduk) & Ruang 2 (Bergerak/Mobile)
Jumlah User (STA)  : 24 User (12 Kelas A, 10 Kelas B, 2 Koridor)
================= SPESIFIKASI PARAMETER SIMULASI =================
Standar Wi-Fi      : IEEE 802.11ax (Wi-Fi 6)
Lebar Pita (BW)    : 160 MHz (Single-Link 5 GHz)
Max Modulasi       : MCS 11 (1024-QAM)
Antena / MIMO      : 2x2 Spatial Streams
Tx Power           : 20 dBm
Routing / QoS      : IPv4 Static Routing / WMM (EDCA)
Propagation Model  : HybridBuildingsPropagationLossModel
Fitur Wi-Fi 6      : Dynamic Rate Adaptation (IdealWifiManager), OBSS PD Spatial Reuse (NO MLO!)
---------------------------------------------------------------------------------

>>> Profil: Social Media (Target DL: 25Mbps | UL: 5Mbps) <<<
  [DOWNLINK]
  Throughput Rata-2    : 5.82191 Mbit/s per User
  Average Delay        : 10.1102 ms
  Average Jitter       : 0.0991144 ms
  Jain's Fairness Idx  : 0.999728 (Skala 0.0 - 1.0)
  MAC Queue Drop       : 134 packets per User
  [UPLINK]
  Throughput Rata-2    : 0.579547 Mbit/s per User
  Average Delay        : 5.61069 ms
  Average Jitter       : 0.768632 ms
  Jain's Fairness Idx  : 0.999621 (Skala 0.0 - 1.0)
  MAC Queue Drop       : 17 packets per User
  SINR Distribution    : ~56.5 dB (Teoritis Pathloss)

>>> Profil: Video 4K Streaming (Target DL: 100Mbps | UL: 5Mbps) <<<
  [DOWNLINK]
  Throughput Rata-2    : 20.5088 Mbit/s per User
  Average Delay        : 1.72407 ms
  Average Jitter       : 0.113415 ms
  Jain's Fairness Idx  : 0.999933 (Skala 0.0 - 1.0)
  MAC Queue Drop       : 112 packets per User
  [UPLINK]
  Throughput Rata-2    : 0.525797 Mbit/s per User
  Average Delay        : 2.28384 ms
  Average Jitter       : 1.67038 ms
  Jain's Fairness Idx  : 0.999993 (Skala 0.0 - 1.0)
  MAC Queue Drop       : 1 packets per User
  SINR Distribution    : ~56.5 dB (Teoritis Pathloss)

>>> Profil: Gaming (Target DL: 50Mbps | UL: 20Mbps) <<<
  [DOWNLINK]
  Throughput Rata-2    : 8.96241 Mbit/s per User
  Average Delay        : 2.04923 ms
  Average Jitter       : 0.498935 ms
  Jain's Fairness Idx  : 0.9366 (Skala 0.0 - 1.0)
  MAC Queue Drop       : 260 packets per User
  [UPLINK]
  Throughput Rata-2    : 2.08247 Mbit/s per User
  Average Delay        : 1.86732 ms
  Average Jitter       : 0.845129 ms
  Jain's Fairness Idx  : 0.999884 (Skala 0.0 - 1.0)
  MAC Queue Drop       : 7 packets per User
  SINR Distribution    : ~56.5 dB (Teoritis Pathloss)

>>> Profil: File Download (Target DL: 150Mbps | UL: 10Mbps) <<<
  [DOWNLINK]
  Throughput Rata-2    : 23.0578 Mbit/s per User
  Average Delay        : 45.0717 ms
  Average Jitter       : 0.275905 ms
  Jain's Fairness Idx  : 0.749501 (Skala 0.0 - 1.0)
  MAC Queue Drop       : 1273 packets per User
  [UPLINK]
  Throughput Rata-2    : 0.778 Mbit/s per User
  Average Delay        : 34.2333 ms
  Average Jitter       : 6.29735 ms
  Jain's Fairness Idx  : 0.749981 (Skala 0.0 - 1.0)
  MAC Queue Drop       : 41 packets per User
  SINR Distribution    : ~56.5 dB (Teoritis Pathloss)

>>> Profil: Web Browsing (Target DL: 25Mbps | UL: 5Mbps) <<<
  [DOWNLINK]
  Throughput Rata-2    : 3.95714 Mbit/s per User
  Average Delay        : 2.54904 ms
  Average Jitter       : 0.303491 ms
  Jain's Fairness Idx  : 0.749684 (Skala 0.0 - 1.0)
  MAC Queue Drop       : 299 packets per User
  [UPLINK]
  Throughput Rata-2    : 0.394263 Mbit/s per User
  Average Delay        : 8.78912 ms
  Average Jitter       : 3.09007 ms
  Jain's Fairness Idx  : 0.749949 (Skala 0.0 - 1.0)
  MAC Queue Drop       : 29 packets per User
  SINR Distribution    : ~56.5 dB (Teoritis Pathloss)

>>> Profil: Live Streaming (Target DL: 10Mbps | UL: 50Mbps) <<<
  [DOWNLINK]
  Throughput Rata-2    : 2.08362 Mbit/s per User
  Average Delay        : 1.2572 ms
  Average Jitter       : 0.656042 ms
  Jain's Fairness Idx  : 0.99986 (Skala 0.0 - 1.0)
  MAC Queue Drop       : 7 packets per User
  [UPLINK]
  Throughput Rata-2    : 5.05765 Mbit/s per User
  Average Delay        : 2.10071 ms
  Average Jitter       : 0.408398 ms
  Jain's Fairness Idx  : 0.999867 (Skala 0.0 - 1.0)
  MAC Queue Drop       : 38 packets per User
  SINR Distribution    : ~56.5 dB (Teoritis Pathloss)

================= DETAIL PER STA & BREAKDOWN AREA =================
STA 0 [00:00:00:00:00:01] (Kelas A, Social Media / AC_BE) [DL]	-> TH: 5.88084 Mbps 	| D: 13.1756 ms 	| J: 0.0748602 ms 	| Drop: 83
STA 0 [00:00:00:00:00:01] (Kelas A, Social Media / AC_BE) [UL]	-> TH: 0.568629 Mbps 	| D: 4.73018 ms 	| J: 0.928544 ms 	| Drop: 28
STA 1 [00:00:00:00:00:02] (Kelas A, Video 4K Streaming / AC_VI) [DL]	-> TH: 20.4169 Mbps 	| D: 2.37913 ms 	| J: 0.11552 ms 	| Drop: 69
STA 1 [00:00:00:00:00:02] (Kelas A, Video 4K Streaming / AC_VI) [UL]	-> TH: 0.524372 Mbps 	| D: 2.08461 ms 	| J: 1.50251 ms 	| Drop: 1
STA 2 [00:00:00:00:00:03] (Kelas A, Gaming / AC_VO) [DL]	-> TH: 10.2062 Mbps 	| D: 0.931337 ms 	| J: 0.160311 ms 	| Drop: 73
STA 2 [00:00:00:00:00:03] (Kelas A, Gaming / AC_VO) [UL]	-> TH: 2.08166 Mbps 	| D: 1.20755 ms 	| J: 0.663319 ms 	| Drop: 8
STA 3 [00:00:00:00:00:04] (Kelas A, File Download / AC_BK) [DL]	-> TH: 31.5713 Mbps 	| D: 51.4603 ms 	| J: 0.317257 ms 	| Drop: 67
STA 3 [00:00:00:00:00:04] (Kelas A, File Download / AC_BK) [UL]	-> TH: 1.04254 Mbps 	| D: 33.8056 ms 	| J: 6.83238 ms 	| Drop: 3
STA 4 [00:00:00:00:00:05] (Kelas A, Web Browsing / AC_BE) [DL]	-> TH: 5.37235 Mbps 	| D: 3.71632 ms 	| J: 0.324664 ms 	| Drop: 3
STA 4 [00:00:00:00:00:05] (Kelas A, Web Browsing / AC_BE) [UL]	-> TH: 0.531788 Mbps 	| D: 10.3319 ms 	| J: 5.14598 ms 	| Drop: 0
STA 5 [00:00:00:00:00:06] (Kelas A, Live Streaming / AC_VI) [DL]	-> TH: 2.11914 Mbps 	| D: 1.03642 ms 	| J: 0.551047 ms 	| Drop: 2
STA 5 [00:00:00:00:00:06] (Kelas A, Live Streaming / AC_VI) [UL]	-> TH: 5.105 Mbps 	| D: 1.22737 ms 	| J: 0.339427 ms 	| Drop: 36
STA 6 [00:00:00:00:00:07] (Kelas A, Social Media / AC_BE) [DL]	-> TH: 5.86198 Mbps 	| D: 5.3317 ms 	| J: 0.090683 ms 	| Drop: 94
STA 6 [00:00:00:00:00:07] (Kelas A, Social Media / AC_BE) [UL]	-> TH: 0.597454 Mbps 	| D: 4.82248 ms 	| J: 0.683618 ms 	| Drop: 0
STA 7 [00:00:00:00:00:08] (Kelas A, Video 4K Streaming / AC_VI) [DL]	-> TH: 20.5356 Mbps 	| D: 1.38497 ms 	| J: 0.105534 ms 	| Drop: 128
STA 7 [00:00:00:00:00:08] (Kelas A, Video 4K Streaming / AC_VI) [UL]	-> TH: 0.524459 Mbps 	| D: 1.7325 ms 	| J: 1.5067 ms 	| Drop: 1
STA 8 [00:00:00:00:00:09] (Kelas A, Gaming / AC_VO) [DL]	-> TH: 10.3356 Mbps 	| D: 1.13346 ms 	| J: 0.163326 ms 	| Drop: 54
STA 8 [00:00:00:00:00:09] (Kelas A, Gaming / AC_VO) [UL]	-> TH: 2.11323 Mbps 	| D: 3.38543 ms 	| J: 1.30089 ms 	| Drop: 2
STA 9 [00:00:00:00:00:0a] (Kelas A, File Download / AC_BK) [DL]	-> TH: 29.6742 Mbps 	| D: 67.608 ms 	| J: 0.447618 ms 	| Drop: 219
STA 9 [00:00:00:00:00:0a] (Kelas A, File Download / AC_BK) [UL]	-> TH: 1.0302 Mbps 	| D: 52.7571 ms 	| J: 5.95071 ms 	| Drop: 5
STA 10 [00:00:00:00:00:0b] (Kelas A, Web Browsing / AC_BE) [DL]	-> TH: 5.12474 Mbps 	| D: 3.49257 ms 	| J: 0.434745 ms 	| Drop: 59
STA 10 [00:00:00:00:00:0b] (Kelas A, Web Browsing / AC_BE) [UL]	-> TH: 0.522683 Mbps 	| D: 18.5828 ms 	| J: 2.90558 ms 	| Drop: 3
STA 11 [00:00:00:00:00:0c] (Kelas A, Live Streaming / AC_VI) [DL]	-> TH: 2.08197 Mbps 	| D: 1.17344 ms 	| J: 0.725231 ms 	| Drop: 8
STA 11 [00:00:00:00:00:0c] (Kelas A, Live Streaming / AC_VI) [UL]	-> TH: 4.95759 Mbps 	| D: 3.30015 ms 	| J: 0.434997 ms 	| Drop: 39
STA 12 [00:00:00:00:00:0e] (Kelas B, Social Media / AC_BE) [DL]	-> TH: 5.65649 Mbps 	| D: 3.99195 ms 	| J: 0.092649 ms 	| Drop: 309
STA 12 [00:00:00:00:00:0e] (Kelas B, Social Media / AC_BE) [UL]	-> TH: 0.580783 Mbps 	| D: 6.55165 ms 	| J: 0.753201 ms 	| Drop: 17
STA 13 [00:00:00:00:00:0f] (Kelas B, Video 4K Streaming / AC_VI) [DL]	-> TH: 20.3167 Mbps 	| D: 1.22486 ms 	| J: 0.10927 ms 	| Drop: 161
STA 13 [00:00:00:00:00:0f] (Kelas B, Video 4K Streaming / AC_VI) [UL]	-> TH: 0.527239 Mbps 	| D: 2.74369 ms 	| J: 1.95252 ms 	| Drop: 1
STA 14 [00:00:00:00:00:10] (Kelas B, Gaming / AC_VO) [DL]	-> TH: 4.92517 Mbps 	| D: 5.1019 ms 	| J: 1.5128 ms 	| Drop: 870
STA 14 [00:00:00:00:00:10] (Kelas B, Gaming / AC_VO) [UL]	-> TH: 2.04984 Mbps 	| D: 1.50855 ms 	| J: 0.761412 ms 	| Drop: 13
STA 15 [00:00:00:00:00:11] (Kelas B, File Download / AC_BK) [DL]	-> TH: 30.9858 Mbps 	| D: 61.2185 ms 	| J: 0.338745 ms 	| Drop: 96
STA 15 [00:00:00:00:00:11] (Kelas B, File Download / AC_BK) [UL]	-> TH: 1.03927 Mbps 	| D: 50.3704 ms 	| J: 12.4063 ms 	| Drop: 4
STA 16 [00:00:00:00:00:12] (Kelas B, Web Browsing / AC_BE) [DL]	-> TH: 5.33146 Mbps 	| D: 2.98726 ms 	| J: 0.454555 ms 	| Drop: 13
STA 16 [00:00:00:00:00:12] (Kelas B, Web Browsing / AC_BE) [UL]	-> TH: 0.522583 Mbps 	| D: 6.24175 ms 	| J: 4.30873 ms 	| Drop: 3
STA 17 [00:00:00:00:00:13] (Kelas B, Live Streaming / AC_VI) [DL]	-> TH: 2.04942 Mbps 	| D: 1.04976 ms 	| J: 0.555037 ms 	| Drop: 13
STA 17 [00:00:00:00:00:13] (Kelas B, Live Streaming / AC_VI) [UL]	-> TH: 5.08594 Mbps 	| D: 1.90505 ms 	| J: 0.424999 ms 	| Drop: 39
STA 18 [00:00:00:00:00:14] (Kelas B, Social Media / AC_BE) [DL]	-> TH: 5.88834 Mbps 	| D: 17.9414 ms 	| J: 0.138265 ms 	| Drop: 51
STA 18 [00:00:00:00:00:14] (Kelas B, Social Media / AC_BE) [UL]	-> TH: 0.571321 Mbps 	| D: 6.33845 ms 	| J: 0.709167 ms 	| Drop: 25
STA 19 [00:00:00:00:00:15] (Kelas B, Video 4K Streaming / AC_VI) [DL]	-> TH: 20.7658 Mbps 	| D: 1.90733 ms 	| J: 0.123335 ms 	| Drop: 93
STA 19 [00:00:00:00:00:15] (Kelas B, Video 4K Streaming / AC_VI) [UL]	-> TH: 0.527118 Mbps 	| D: 2.57456 ms 	| J: 1.71978 ms 	| Drop: 1
STA 20 [00:00:00:00:00:16] (Kelas B, Gaming / AC_VO) [DL]	-> TH: 10.3827 Mbps 	| D: 1.03024 ms 	| J: 0.159303 ms 	| Drop: 46
STA 20 [00:00:00:00:00:16] (Kelas B, Gaming / AC_VO) [UL]	-> TH: 2.08517 Mbps 	| D: 1.36775 ms 	| J: 0.654897 ms 	| Drop: 8
STA 21 [00:00:00:00:00:17] (Kelas B, File Download / AC_BK) [DL]	-> TH: 0 Mbps 	| D: 0 ms 	| J: 0 ms 	| Drop: 4713
STA 21 [00:00:00:00:00:17] (Kelas B, File Download / AC_BK) [UL]	-> TH: 0 Mbps 	| D: 0 ms 	| J: 0 ms 	| Drop: 152
STA 22 [00:00:00:00:00:19] (Koridor, Web Browsing / AC_BE) [DL]	-> TH: 0 Mbps 	| D: 0 ms 	| J: 0 ms 	| Drop: 1124
STA 22 [00:00:00:00:00:19] (Koridor, Web Browsing / AC_BE) [UL]	-> TH: 0 Mbps 	| D: 0 ms 	| J: 0 ms 	| Drop: 112
STA 23 [00:00:00:00:00:1a] (Koridor, Live Streaming / AC_VI) [DL]	-> TH: 2.08397 Mbps 	| D: 1.76916 ms 	| J: 0.792854 ms 	| Drop: 8
STA 23 [00:00:00:00:00:1a] (Koridor, Live Streaming / AC_VI) [UL]	-> TH: 5.08206 Mbps 	| D: 1.97027 ms 	| J: 0.434168 ms 	| Drop: 39

[!] Data statistik berhasil di-export ke 'scratch/ta_wifi7/output_simulasi/hasil_simulasi_wifi6_20260612_105528.csv'

[BREAKDOWN KELAS A (STA 0-11)]
  Agregat Throughput   : 168.78 Mbps
  Rata-rata Delay      : 12.1163 ms
  Rata-rata Jitter     : 1.32106 ms
  Total Paket Drop     : 985 paket

[BREAKDOWN KELAS B (STA 12-21)]
  Agregat Throughput   : 119.291 Mbps
  Rata-rata Delay      : 8.80276 ms
  Rata-rata Jitter     : 1.35875 ms
  Total Paket Drop     : 6628 paket

[BREAKDOWN KORIDOR (STA 22-23 / Bergerak)]
  Agregat Throughput   : 7.16603 Mbps
  Rata-rata Delay      : 0.934859 ms
  Rata-rata Jitter     : 0.306756 ms
  Total Paket Drop     : 1283 paket

================= METRIK MOBILITAS & HANDOVER =================
  Tidak ada STA yang melakukan Handover (semua tetap pada AP awal / sinyal masih terjangkau).

================= METRIK SISTEM GLOBAL =================
  Total Agregat Throughput  : 295.238 Mbit/s
  Spectral Efficiency       : 1.84523 bit/s/Hz
  Channel Utilization (AP0) : 40.3333 % (Ruang 1)
  Channel Utilization (AP1) : 41.3333 % (Ruang 2)

================= VALIDASI MCS 11 (1024-QAM) =================
  Minimum SNR untuk MCS 11  : ~35 dB
  Estimasi SNR Saat Ini     : 51 dB
  Status Validasi           : [VALID] SNR memadai untuk mempertahankan 1024-QAM.
========================================================

[INFO] Waktu Eksekusi Nyata (Real Runtime) Simulasi: 3.27873 menit (196.724 detik)
