
=======================================================
[INFO] TANGGAL & WAKTU EKSEKUSI SIMULASI : 2026-06-18 15:38:44
=======================================================

=======================================================
[INFO] Skenario Range / Pathloss Degradation (Wi-Fi 6)
=======================================================
Simulasi ini dirancang untuk menguji ketahanan dan jangkauan sinyal Wi-Fi 6 terhadap degradasi jarak (range/pathloss degradation test). Tujuannya adalah untuk mengamati bagaimana performa jaringan — mulai dari kekuatan sinyal, kecepatan unduh, keterlambatan, hingga tingkat kehilangan paket — berubah secara bertahap ketika sebuah perangkat klien bergerak semakin menjauh dari titik akses.

Secara konseptual, simulasi ini dapat dibayangkan sebagai sebuah eksperimen di mana sebuah Access Point (AP) Wi-Fi 6 dipasang pada posisi tetap, sementara satu buah laptop atau perangkat klien dibawa berjalan menjauh secara perlahan. Pengukuran dilakukan secara terus-menerus di sepanjang lintasan untuk merekam proses pelemahan sinyal dan penurunan kualitas komunikasi seiring bertambahnya jarak antara klien dan AP.

Jarak pengujian dimulai dari 1 meter hingga mencapai batas maksimum 300 meter. Dengan pendekatan ini, simulasi dapat memberikan gambaran menyeluruh tentang batas jangkauan efektif Wi-Fi 6 serta profil degradasi performanya dalam kondisi yang mendekati lingkungan nyata, lengkap dengan pengaruh redaman akibat obstacles.
=======================================================
[SPESIFIKASI SIMULASI]
- Standar Wi-Fi     : Wi-Fi 6 (802.11ax)
- Konfigurasi MIMO  : 8x8 Spatial Streams
- Fitur Spesial     : Single-Link (Non-MLO)
    * Link 0        : Frekuensi 5 GHz (Lebar Pita 160 MHz)
- Tx Power          : 20.0 dBm
- Rate Adaptation   : IdealWifiManager (Otomatis menyesuaikan hingga 1024-QAM)
- Propagation Model : HybridBuildingsPropagationLossModel (Redaman Tembok/Indoor)
- Jarak Uji         : 0 hingga 640 meter
- Target Throughput : 2.5 Gbps (Injeksi UDP)
=======================================================

[INFO] Waktu: 0,2s | Jarak: 1 m | RSSI: -5,71343 dBm | Tput: 0 Mbps | Delay: 0 ms | Jitter: 0 ms | Drop: 0
[INFO] Waktu: 0,4s | Jarak: 3 m | RSSI: -16,4487 dBm | Tput: 0 Mbps | Delay: 0 ms | Jitter: 0 ms | Drop: 0
[INFO] Waktu: 0,6s | Jarak: 5 m | RSSI: -21,4341 dBm | Tput: 1.080,57 Mbps | Delay: 0,724654 ms | Jitter: 0,00403597 ms | Drop: 0
[INFO] Waktu: 0,8s | Jarak: 7 m | RSSI: -24,722 dBm | Tput: 2.503,28 Mbps | Delay: 0,729428 ms | Jitter: 0,0033272 ms | Drop: 0
[INFO] Waktu: 1s | Jarak: 9 m | RSSI: -27,1777 dBm | Tput: 2.499,22 Mbps | Delay: 0,725349 ms | Jitter: 0,00333239 ms | Drop: 0
[INFO] Waktu: 1,2s | Jarak: 11 m | RSSI: -29,1386 dBm | Tput: 2.499,99 Mbps | Delay: 0,733195 ms | Jitter: 0,00333496 ms | Drop: 0
[INFO] Waktu: 1,4s | Jarak: 13 m | RSSI: -30,771 dBm | Tput: 2.500,4 Mbps | Delay: 0,712656 ms | Jitter: 0,00333127 ms | Drop: 0
[INFO] Waktu: 1,6s | Jarak: 15 m | RSSI: -32,1693 dBm | Tput: 2.500,52 Mbps | Delay: 0,721483 ms | Jitter: 0,00333152 ms | Drop: 0
[INFO] Waktu: 1,8s | Jarak: 17 m | RSSI: -33,3924 dBm | Tput: 2.500,28 Mbps | Delay: 0,724228 ms | Jitter: 0,00332938 ms | Drop: 0
[INFO] Waktu: 2s | Jarak: 19 m | RSSI: -34,4792 dBm | Tput: 2.498,34 Mbps | Delay: 0,720057 ms | Jitter: 0,00333808 ms | Drop: 0
[INFO] Waktu: 2,2s | Jarak: 21 m | RSSI: -35,4572 dBm | Tput: 2.500,99 Mbps | Delay: 0,714401 ms | Jitter: 0,0033257 ms | Drop: 0
[INFO] Waktu: 2,4s | Jarak: 23 m | RSSI: -36,3462 dBm | Tput: 2.500,69 Mbps | Delay: 0,719934 ms | Jitter: 0,0033359 ms | Drop: 0
[INFO] Waktu: 2,6s | Jarak: 25 m | RSSI: -37,1609 dBm | Tput: 2.498,46 Mbps | Delay: 0,718211 ms | Jitter: 0,00332998 ms | Drop: 0
[INFO] Waktu: 2,8s | Jarak: 27 m | RSSI: -37,913 dBm | Tput: 2.502,4 Mbps | Delay: 0,72411 ms | Jitter: 0,00333159 ms | Drop: 0
[INFO] Waktu: 3s | Jarak: 29 m | RSSI: -38,6112 dBm | Tput: 2.498,57 Mbps | Delay: 0,715851 ms | Jitter: 0,00333321 ms | Drop: 0
[INFO] Waktu: 3,2s | Jarak: 31 m | RSSI: -39,2629 dBm | Tput: 2.503,7 Mbps | Delay: 0,723514 ms | Jitter: 0,00333 ms | Drop: 0
[INFO] Waktu: 3,4s | Jarak: 33 m | RSSI: -39,8739 dBm | Tput: 2.499,4 Mbps | Delay: 0,71825 ms | Jitter: 0,00333378 ms | Drop: 0
[INFO] Waktu: 3,6s | Jarak: 35 m | RSSI: -40,4488 dBm | Tput: 2.499,28 Mbps | Delay: 0,723175 ms | Jitter: 0,00333388 ms | Drop: 0
[INFO] Waktu: 3,8s | Jarak: 37 m | RSSI: -40,9918 dBm | Tput: 2.497,69 Mbps | Delay: 0,733437 ms | Jitter: 0,00333748 ms | Drop: 0
[INFO] Waktu: 4s | Jarak: 39 m | RSSI: -41,5062 dBm | Tput: 2.501,58 Mbps | Delay: 0,721732 ms | Jitter: 0,00332593 ms | Drop: 0
[INFO] Waktu: 4,2s | Jarak: 41 m | RSSI: -41,9949 dBm | Tput: 2.501,22 Mbps | Delay: 0,731427 ms | Jitter: 0,00333472 ms | Drop: 0
[INFO] Waktu: 4,4s | Jarak: 43 m | RSSI: -42,4603 dBm | Tput: 2.499,75 Mbps | Delay: 0,721548 ms | Jitter: 0,00333301 ms | Drop: 0
[INFO] Waktu: 4,6s | Jarak: 45 m | RSSI: -42,9046 dBm | Tput: 2.501,99 Mbps | Delay: 0,726553 ms | Jitter: 0,00332898 ms | Drop: 0
[INFO] Waktu: 4,8s | Jarak: 47 m | RSSI: -43,3295 dBm | Tput: 2.497,87 Mbps | Delay: 0,719595 ms | Jitter: 0,00333237 ms | Drop: 0
[INFO] Waktu: 5s | Jarak: 49 m | RSSI: -43,7367 dBm | Tput: 2.501,05 Mbps | Delay: 0,729139 ms | Jitter: 0,00333315 ms | Drop: 0
[INFO] Waktu: 5,2s | Jarak: 51 m | RSSI: -44,1276 dBm | Tput: 2.500,69 Mbps | Delay: 0,723373 ms | Jitter: 0,00333269 ms | Drop: 0
[INFO] Waktu: 5,4s | Jarak: 53 m | RSSI: -44,5035 dBm | Tput: 2.497,28 Mbps | Delay: 0,724865 ms | Jitter: 0,00333265 ms | Drop: 0
[INFO] Waktu: 5,6s | Jarak: 55 m | RSSI: -44,8655 dBm | Tput: 2.503,58 Mbps | Delay: 0,72971 ms | Jitter: 0,00333334 ms | Drop: 0
[INFO] Waktu: 5,8s | Jarak: 57 m | RSSI: -45,2206 dBm | Tput: 2.495,75 Mbps | Delay: 0,721016 ms | Jitter: 0,00333154 ms | Drop: 0
[INFO] Waktu: 6s | Jarak: 59 m | RSSI: -45,5515 dBm | Tput: 2.504,81 Mbps | Delay: 0,730202 ms | Jitter: 0,00333222 ms | Drop: 0
[INFO] Waktu: 6,2s | Jarak: 61 m | RSSI: -45,8772 dBm | Tput: 2.499,93 Mbps | Delay: 0,726399 ms | Jitter: 0,0033339 ms | Drop: 0
[INFO] Waktu: 6,4s | Jarak: 63 m | RSSI: -46,1925 dBm | Tput: 2.498,4 Mbps | Delay: 0,726779 ms | Jitter: 0,00333591 ms | Drop: 0
[INFO] Waktu: 6,6s | Jarak: 65 m | RSSI: -46,4978 dBm | Tput: 2.501,28 Mbps | Delay: 0,720824 ms | Jitter: 0,00332742 ms | Drop: 0
[INFO] Waktu: 6,8s | Jarak: 67 m | RSSI: -46,794 dBm | Tput: 2.497,98 Mbps | Delay: 0,724722 ms | Jitter: 0,0033392 ms | Drop: 0
[INFO] Waktu: 7s | Jarak: 69 m | RSSI: -47,0814 dBm | Tput: 2.502,34 Mbps | Delay: 0,725915 ms | Jitter: 0,00332644 ms | Drop: 0
[INFO] Waktu: 7,2s | Jarak: 71 m | RSSI: -47,3606 dBm | Tput: 2.500,22 Mbps | Delay: 0,733522 ms | Jitter: 0,00332969 ms | Drop: 0
[INFO] Waktu: 7,4s | Jarak: 73 m | RSSI: -47,6321 dBm | Tput: 2.500,4 Mbps | Delay: 0,715063 ms | Jitter: 0,00333709 ms | Drop: 0
[INFO] Waktu: 7,6s | Jarak: 75 m | RSSI: -48,0617 dBm | Tput: 2.498,4 Mbps | Delay: 0,730685 ms | Jitter: 0,003336 ms | Drop: 0
[INFO] Waktu: 7,8s | Jarak: 77 m | RSSI: -48,5189 dBm | Tput: 2.500,46 Mbps | Delay: 0,72269 ms | Jitter: 0,00332654 ms | Drop: 0
[INFO] Waktu: 8s | Jarak: 79 m | RSSI: -48,9643 dBm | Tput: 2.501,28 Mbps | Delay: 0,730615 ms | Jitter: 0,00333577 ms | Drop: 0
[INFO] Waktu: 8,2s | Jarak: 81 m | RSSI: -49,3987 dBm | Tput: 2.499,69 Mbps | Delay: 0,725644 ms | Jitter: 0,0033336 ms | Drop: 0
[INFO] Waktu: 8,4s | Jarak: 83 m | RSSI: -49,8224 dBm | Tput: 2.499,99 Mbps | Delay: 0,733544 ms | Jitter: 0,00333337 ms | Drop: 0
[INFO] Waktu: 8,6s | Jarak: 85 m | RSSI: -50,236 dBm | Tput: 2.500,22 Mbps | Delay: 0,728922 ms | Jitter: 0,00334112 ms | Drop: 0
[INFO] Waktu: 8,8s | Jarak: 87 m | RSSI: -50,64 dBm | Tput: 2.502,58 Mbps | Delay: 0,728149 ms | Jitter: 0,00335367 ms | Drop: 0
[INFO] Waktu: 9s | Jarak: 89 m | RSSI: -51,0349 dBm | Tput: 2.496,87 Mbps | Delay: 0,744441 ms | Jitter: 0,00356536 ms | Drop: 0
[INFO] Waktu: 9,2s | Jarak: 91 m | RSSI: -51,4209 dBm | Tput: 2.502,75 Mbps | Delay: 0,805377 ms | Jitter: 0,00398478 ms | Drop: 0
[INFO] Waktu: 9,4s | Jarak: 93 m | RSSI: -51,7986 dBm | Tput: 2.498,51 Mbps | Delay: 0,928997 ms | Jitter: 0,00274154 ms | Drop: 0
[INFO] Waktu: 9,6s | Jarak: 95 m | RSSI: -52,1682 dBm | Tput: 2.500,04 Mbps | Delay: 0,97822 ms | Jitter: 0,00296661 ms | Drop: 0
[INFO] Waktu: 9,8s | Jarak: 97 m | RSSI: -52,5301 dBm | Tput: 2.498,22 Mbps | Delay: 1,09821 ms | Jitter: 0,00330314 ms | Drop: 0
[INFO] Waktu: 10s | Jarak: 99 m | RSSI: -52,8847 dBm | Tput: 2.409,31 Mbps | Delay: 4,63359 ms | Jitter: 0,00206195 ms | Drop: 0
[INFO] Waktu: 10,2s | Jarak: 101 m | RSSI: -53,2321 dBm | Tput: 2.405,78 Mbps | Delay: 12,1608 ms | Jitter: 0,00202833 ms | Drop: 0
[INFO] Waktu: 10,4s | Jarak: 103 m | RSSI: -53,5727 dBm | Tput: 2.423,38 Mbps | Delay: 18,7889 ms | Jitter: 0,00198571 ms | Drop: 0
[INFO] Waktu: 10,6s | Jarak: 105 m | RSSI: -53,9068 dBm | Tput: 2.413,43 Mbps | Delay: 25,3552 ms | Jitter: 0,00201999 ms | Drop: 2.696
[INFO] Waktu: 10,8s | Jarak: 107 m | RSSI: -54,2346 dBm | Tput: 2.416,38 Mbps | Delay: 32,3977 ms | Jitter: 0,00200704 ms | Drop: 2
[INFO] Waktu: 11s | Jarak: 109 m | RSSI: -54,5563 dBm | Tput: 2.406,96 Mbps | Delay: 39,4295 ms | Jitter: 0,00202641 ms | Drop: 4
[INFO] Waktu: 11,2s | Jarak: 111 m | RSSI: -54,8722 dBm | Tput: 2.410,84 Mbps | Delay: 46,2148 ms | Jitter: 0,00207628 ms | Drop: 869
[INFO] Waktu: 11,4s | Jarak: 113 m | RSSI: -55,1824 dBm | Tput: 2.415,55 Mbps | Delay: 47,6468 ms | Jitter: 0,00218053 ms | Drop: 1.435
[INFO] Waktu: 11,6s | Jarak: 115 m | RSSI: -55,4872 dBm | Tput: 2.413,2 Mbps | Delay: 47,6257 ms | Jitter: 0,00217841 ms | Drop: 1.489
[INFO] Waktu: 11,8s | Jarak: 117 m | RSSI: -55,7867 dBm | Tput: 2.404,6 Mbps | Delay: 47,8141 ms | Jitter: 0,00222027 ms | Drop: 1.643
[INFO] Waktu: 12s | Jarak: 119 m | RSSI: -56,0811 dBm | Tput: 2.397,77 Mbps | Delay: 47,8993 ms | Jitter: 0,00223017 ms | Drop: 1.704
[INFO] Waktu: 12,2s | Jarak: 121 m | RSSI: -56,3707 dBm | Tput: 2.398,71 Mbps | Delay: 47,9832 ms | Jitter: 0,00233665 ms | Drop: 1.766
[INFO] Waktu: 12,4s | Jarak: 123 m | RSSI: -56,6555 dBm | Tput: 2.391,76 Mbps | Delay: 48,1037 ms | Jitter: 0,00242279 ms | Drop: 1.854
[INFO] Waktu: 12,6s | Jarak: 125 m | RSSI: -56,9357 dBm | Tput: 2.404,42 Mbps | Delay: 47,7834 ms | Jitter: 0,00238464 ms | Drop: 1.617
[INFO] Waktu: 12,8s | Jarak: 127 m | RSSI: -57,2114 dBm | Tput: 2.349,49 Mbps | Delay: 48,9107 ms | Jitter: 0,00330907 ms | Drop: 2.521
[INFO] Waktu: 13s | Jarak: 129 m | RSSI: -57,4828 dBm | Tput: 2.269,06 Mbps | Delay: 50,5987 ms | Jitter: 0,00452251 ms | Drop: 3.875
[INFO] Waktu: 13,2s | Jarak: 131 m | RSSI: -57,7501 dBm | Tput: 2.206,82 Mbps | Delay: 52,0993 ms | Jitter: 0,00246596 ms | Drop: 5.048
[INFO] Waktu: 13,4s | Jarak: 133 m | RSSI: -58,0133 dBm | Tput: 2.198,17 Mbps | Delay: 52,1978 ms | Jitter: 0,00250243 ms | Drop: 5.151
[INFO] Waktu: 13,6s | Jarak: 135 m | RSSI: -58,2726 dBm | Tput: 2.185,92 Mbps | Delay: 52,6429 ms | Jitter: 0,0026832 ms | Drop: 5.300
[INFO] Waktu: 13,8s | Jarak: 137 m | RSSI: -58,5281 dBm | Tput: 2.140,46 Mbps | Delay: 53,8754 ms | Jitter: 0,0039947 ms | Drop: 6.115
[INFO] Waktu: 14s | Jarak: 139 m | RSSI: -58,7798 dBm | Tput: 1.836,76 Mbps | Delay: 61,446 ms | Jitter: 0,00519066 ms | Drop: 11.244
[INFO] Waktu: 14,2s | Jarak: 141 m | RSSI: -59,028 dBm | Tput: 1.908,01 Mbps | Delay: 60,9013 ms | Jitter: 0,00304442 ms | Drop: 10.072
[INFO] Waktu: 14,4s | Jarak: 143 m | RSSI: -59,2727 dBm | Tput: 1.919,61 Mbps | Delay: 60,1782 ms | Jitter: 0,00286058 ms | Drop: 9.882
[INFO] Waktu: 14,6s | Jarak: 145 m | RSSI: -59,514 dBm | Tput: 1.908,71 Mbps | Delay: 60,2559 ms | Jitter: 0,0029064 ms | Drop: 10.007
[INFO] Waktu: 14,8s | Jarak: 147 m | RSSI: -59,7519 dBm | Tput: 1.920,67 Mbps | Delay: 60,1041 ms | Jitter: 0,0028591 ms | Drop: 9.894
[INFO] Waktu: 15s | Jarak: 149 m | RSSI: -59,9867 dBm | Tput: 1.915,19 Mbps | Delay: 59,987 ms | Jitter: 0,00284264 ms | Drop: 9.922
[INFO] Waktu: 15,2s | Jarak: 151 m | RSSI: -60,2183 dBm | Tput: 1.919,31 Mbps | Delay: 60,0693 ms | Jitter: 0,00287293 ms | Drop: 9.845
[INFO] Waktu: 15,4s | Jarak: 153 m | RSSI: -60,4469 dBm | Tput: 1.918,72 Mbps | Delay: 60,0731 ms | Jitter: 0,0028545 ms | Drop: 9.857
[INFO] Waktu: 15,6s | Jarak: 155 m | RSSI: -60,6725 dBm | Tput: 1.919,96 Mbps | Delay: 59,954 ms | Jitter: 0,00282484 ms | Drop: 9.907
[INFO] Waktu: 15,8s | Jarak: 157 m | RSSI: -60,8952 dBm | Tput: 1.918,02 Mbps | Delay: 60,1524 ms | Jitter: 0,00288774 ms | Drop: 9.866
[INFO] Waktu: 16s | Jarak: 159 m | RSSI: -61,1151 dBm | Tput: 1.908,18 Mbps | Delay: 60,2202 ms | Jitter: 0,00287339 ms | Drop: 10.052
[INFO] Waktu: 16,2s | Jarak: 161 m | RSSI: -61,3323 dBm | Tput: 1.919,55 Mbps | Delay: 60,1085 ms | Jitter: 0,00286881 ms | Drop: 9.867
[INFO] Waktu: 16,4s | Jarak: 163 m | RSSI: -61,5468 dBm | Tput: 1.923,14 Mbps | Delay: 59,7958 ms | Jitter: 0,00281761 ms | Drop: 9.779
[INFO] Waktu: 16,6s | Jarak: 165 m | RSSI: -61,7586 dBm | Tput: 1.910,71 Mbps | Delay: 60,2842 ms | Jitter: 0,00290195 ms | Drop: 10.019
[INFO] Waktu: 16,8s | Jarak: 167 m | RSSI: -61,9679 dBm | Tput: 1.919,9 Mbps | Delay: 59,9257 ms | Jitter: 0,00292871 ms | Drop: 9.867
[INFO] Waktu: 17s | Jarak: 169 m | RSSI: -62,1747 dBm | Tput: 1.913,72 Mbps | Delay: 60,1963 ms | Jitter: 0,00289033 ms | Drop: 9.961
[INFO] Waktu: 17,2s | Jarak: 171 m | RSSI: -62,3791 dBm | Tput: 1.913,07 Mbps | Delay: 60,1612 ms | Jitter: 0,00287166 ms | Drop: 10.000
[INFO] Waktu: 17,4s | Jarak: 173 m | RSSI: -62,5811 dBm | Tput: 1.916,72 Mbps | Delay: 60,0518 ms | Jitter: 0,00290416 ms | Drop: 9.852
[INFO] Waktu: 17,6s | Jarak: 175 m | RSSI: -62,7808 dBm | Tput: 1.894,64 Mbps | Delay: 60,805 ms | Jitter: 0,00336649 ms | Drop: 10.314
[INFO] Waktu: 17,8s | Jarak: 177 m | RSSI: -62,9782 dBm | Tput: 1.903,3 Mbps | Delay: 60,5613 ms | Jitter: 0,00327962 ms | Drop: 10.178
[INFO] Waktu: 18s | Jarak: 179 m | RSSI: -63,1734 dBm | Tput: 1.856,84 Mbps | Delay: 61,856 ms | Jitter: 0,0046362 ms | Drop: 10.890
[INFO] Waktu: 18,2s | Jarak: 181 m | RSSI: -63,3664 dBm | Tput: 1.842,53 Mbps | Delay: 62,5146 ms | Jitter: 0,00527369 ms | Drop: 11.151
[INFO] Waktu: 18,4s | Jarak: 183 m | RSSI: -63,5573 dBm | Tput: 1.760,04 Mbps | Delay: 65,1451 ms | Jitter: 0,00395473 ms | Drop: 12.603
[INFO] Waktu: 18,6s | Jarak: 185 m | RSSI: -63,7461 dBm | Tput: 1.759,63 Mbps | Delay: 65,5448 ms | Jitter: 0,00403719 ms | Drop: 12.551
[INFO] Waktu: 18,8s | Jarak: 187 m | RSSI: -63,9329 dBm | Tput: 1.752,21 Mbps | Delay: 65,8393 ms | Jitter: 0,00432295 ms | Drop: 12.737
[INFO] Waktu: 19s | Jarak: 189 m | RSSI: -64,1177 dBm | Tput: 1.749,03 Mbps | Delay: 65,8283 ms | Jitter: 0,00449234 ms | Drop: 12.763
[INFO] Waktu: 19,2s | Jarak: 191 m | RSSI: -64,3006 dBm | Tput: 1.715,76 Mbps | Delay: 66,8956 ms | Jitter: 0,00537253 ms | Drop: 13.251
[INFO] Waktu: 19,4s | Jarak: 193 m | RSSI: -64,4815 dBm | Tput: 1.693,92 Mbps | Delay: 68,3551 ms | Jitter: 0,00633392 ms | Drop: 13.771
[INFO] Waktu: 19,6s | Jarak: 195 m | RSSI: -64,6606 dBm | Tput: 1.590,88 Mbps | Delay: 71,6268 ms | Jitter: 0,00524437 ms | Drop: 15.381
[INFO] Waktu: 19,8s | Jarak: 197 m | RSSI: -64,8379 dBm | Tput: 1.590,7 Mbps | Delay: 72,3642 ms | Jitter: 0,00464895 ms | Drop: 15.472
[INFO] Waktu: 20s | Jarak: 199 m | RSSI: -65,0134 dBm | Tput: 1.582,75 Mbps | Delay: 72,7081 ms | Jitter: 0,00523519 ms | Drop: 15.548
[INFO] Waktu: 20,2s | Jarak: 201 m | RSSI: -52,408 dBm | Tput: 2.598,9 Mbps | Delay: 44,8763 ms | Jitter: 0,00346885 ms | Drop: 380
[INFO] Waktu: 20,4s | Jarak: 203 m | RSSI: -52,494 dBm | Tput: 2.570,7 Mbps | Delay: 33,8584 ms | Jitter: 0,00331577 ms | Drop: 97
[INFO] Waktu: 20,6s | Jarak: 205 m | RSSI: -52,5792 dBm | Tput: 2.551,8 Mbps | Delay: 28,1932 ms | Jitter: 0,00346628 ms | Drop: 33
[INFO] Waktu: 20,8s | Jarak: 207 m | RSSI: -52,6635 dBm | Tput: 2.533,19 Mbps | Delay: 24,3662 ms | Jitter: 0,00373641 ms | Drop: 0
[INFO] Waktu: 21s | Jarak: 209 m | RSSI: -52,747 dBm | Tput: 2.526,42 Mbps | Delay: 22,4482 ms | Jitter: 0,00384583 ms | Drop: 0
[INFO] Waktu: 21,2s | Jarak: 211 m | RSSI: -52,8298 dBm | Tput: 2.457,53 Mbps | Delay: 24,155 ms | Jitter: 0,00488794 ms | Drop: 0
[INFO] Waktu: 21,4s | Jarak: 213 m | RSSI: -52,9117 dBm | Tput: 2.404,25 Mbps | Delay: 28,6193 ms | Jitter: 0,00206857 ms | Drop: 1
[INFO] Waktu: 21,6s | Jarak: 215 m | RSSI: -52,9929 dBm | Tput: 2.392,53 Mbps | Delay: 36,5574 ms | Jitter: 0,00206872 ms | Drop: 100
[INFO] Waktu: 21,8s | Jarak: 217 m | RSSI: -53,0733 dBm | Tput: 2.415,85 Mbps | Delay: 43,8919 ms | Jitter: 0,00201267 ms | Drop: 284
[INFO] Waktu: 22s | Jarak: 219 m | RSSI: -53,153 dBm | Tput: 2.411,25 Mbps | Delay: 47,6074 ms | Jitter: 0,00218059 ms | Drop: 1.554
[INFO] Waktu: 22,2s | Jarak: 221 m | RSSI: -53,232 dBm | Tput: 2.397,12 Mbps | Delay: 47,8414 ms | Jitter: 0,00223304 ms | Drop: 1.723
[INFO] Waktu: 22,4s | Jarak: 223 m | RSSI: -53,3102 dBm | Tput: 2.404,13 Mbps | Delay: 47,7669 ms | Jitter: 0,0022269 ms | Drop: 1.632
[INFO] Waktu: 22,6s | Jarak: 225 m | RSSI: -53,3878 dBm | Tput: 2.398,95 Mbps | Delay: 47,8643 ms | Jitter: 0,00224451 ms | Drop: 1.745
[INFO] Waktu: 22,8s | Jarak: 227 m | RSSI: -53,4708 dBm | Tput: 2.412,02 Mbps | Delay: 47,5983 ms | Jitter: 0,00218567 ms | Drop: 1.417
[INFO] Waktu: 23s | Jarak: 229 m | RSSI: -53,5408 dBm | Tput: 2.418,73 Mbps | Delay: 47,591 ms | Jitter: 0,00217918 ms | Drop: 1.444
[INFO] Waktu: 23,2s | Jarak: 231 m | RSSI: -53,6164 dBm | Tput: 2.402,89 Mbps | Delay: 47,8068 ms | Jitter: 0,00222342 ms | Drop: 1.668
[INFO] Waktu: 23,4s | Jarak: 233 m | RSSI: -53,6912 dBm | Tput: 2.401,77 Mbps | Delay: 47,7722 ms | Jitter: 0,0022256 ms | Drop: 1.675
[INFO] Waktu: 23,6s | Jarak: 235 m | RSSI: -53,7655 dBm | Tput: 2.396,65 Mbps | Delay: 47,9185 ms | Jitter: 0,00225027 ms | Drop: 1.762
[INFO] Waktu: 23,8s | Jarak: 237 m | RSSI: -53,8391 dBm | Tput: 2.400,36 Mbps | Delay: 47,8068 ms | Jitter: 0,00223625 ms | Drop: 1.653
[INFO] Waktu: 24s | Jarak: 239 m | RSSI: -53,9121 dBm | Tput: 2.410,66 Mbps | Delay: 47,6752 ms | Jitter: 0,00220811 ms | Drop: 1.531
[INFO] Waktu: 24,2s | Jarak: 241 m | RSSI: -53,9845 dBm | Tput: 2.395,65 Mbps | Delay: 47,8715 ms | Jitter: 0,0022335 ms | Drop: 1.811
[INFO] Waktu: 24,4s | Jarak: 243 m | RSSI: -54,0562 dBm | Tput: 2.400,24 Mbps | Delay: 47,8224 ms | Jitter: 0,00217601 ms | Drop: 1.650
[INFO] Waktu: 24,6s | Jarak: 245 m | RSSI: -54,1274 dBm | Tput: 2.415,49 Mbps | Delay: 47,5493 ms | Jitter: 0,00208024 ms | Drop: 1.461
[INFO] Waktu: 24,8s | Jarak: 247 m | RSSI: -54,1981 dBm | Tput: 2.404,42 Mbps | Delay: 47,8082 ms | Jitter: 0,00200444 ms | Drop: 1.661
[INFO] Waktu: 25s | Jarak: 249 m | RSSI: -54,2681 dBm | Tput: 2.414,61 Mbps | Delay: 47,4695 ms | Jitter: 0,00195834 ms | Drop: 1.401
[INFO] Waktu: 25,2s | Jarak: 251 m | RSSI: -54,3376 dBm | Tput: 2.408,84 Mbps | Delay: 47,6585 ms | Jitter: 0,00191664 ms | Drop: 1.597
[INFO] Waktu: 25,4s | Jarak: 253 m | RSSI: -54,4065 dBm | Tput: 2.398,3 Mbps | Delay: 47,85 ms | Jitter: 0,00199687 ms | Drop: 1.693
[INFO] Waktu: 25,6s | Jarak: 255 m | RSSI: -54,4749 dBm | Tput: 2.405,78 Mbps | Delay: 47,7231 ms | Jitter: 0,00206356 ms | Drop: 1.639
[INFO] Waktu: 25,8s | Jarak: 257 m | RSSI: -54,5428 dBm | Tput: 2.408,66 Mbps | Delay: 47,614 ms | Jitter: 0,00212013 ms | Drop: 1.534
[INFO] Waktu: 26s | Jarak: 259 m | RSSI: -54,6101 dBm | Tput: 2.417,91 Mbps | Delay: 47,5203 ms | Jitter: 0,00213078 ms | Drop: 1.433
[INFO] Waktu: 26,2s | Jarak: 261 m | RSSI: -54,6769 dBm | Tput: 2.398,18 Mbps | Delay: 47,7233 ms | Jitter: 0,00220003 ms | Drop: 1.681
[INFO] Waktu: 26,4s | Jarak: 263 m | RSSI: -54,7432 dBm | Tput: 2.411,37 Mbps | Delay: 47,6915 ms | Jitter: 0,00218713 ms | Drop: 1.520
[INFO] Waktu: 26,6s | Jarak: 265 m | RSSI: -54,809 dBm | Tput: 2.402,54 Mbps | Delay: 47,7359 ms | Jitter: 0,00221302 ms | Drop: 1.675
[INFO] Waktu: 26,8s | Jarak: 267 m | RSSI: -54,8743 dBm | Tput: 2.405,84 Mbps | Delay: 47,6978 ms | Jitter: 0,00221252 ms | Drop: 1.597
[INFO] Waktu: 27s | Jarak: 269 m | RSSI: -54,9392 dBm | Tput: 2.411,43 Mbps | Delay: 47,6256 ms | Jitter: 0,00220192 ms | Drop: 1.531
[INFO] Waktu: 27,2s | Jarak: 271 m | RSSI: -55,0035 dBm | Tput: 2.407,19 Mbps | Delay: 47,7033 ms | Jitter: 0,00220194 ms | Drop: 1.563
[INFO] Waktu: 27,4s | Jarak: 273 m | RSSI: -55,0674 dBm | Tput: 2.403,36 Mbps | Delay: 47,6837 ms | Jitter: 0,0022214 ms | Drop: 1.606
[INFO] Waktu: 27,6s | Jarak: 275 m | RSSI: -55,1308 dBm | Tput: 2.401,07 Mbps | Delay: 47,8569 ms | Jitter: 0,00224105 ms | Drop: 1.724
[INFO] Waktu: 27,8s | Jarak: 277 m | RSSI: -55,1937 dBm | Tput: 2.411,19 Mbps | Delay: 47,5571 ms | Jitter: 0,00218982 ms | Drop: 1.502
[INFO] Waktu: 28s | Jarak: 279 m | RSSI: -55,2562 dBm | Tput: 2.412,55 Mbps | Delay: 47,6495 ms | Jitter: 0,00219099 ms | Drop: 1.490
[INFO] Waktu: 28,2s | Jarak: 281 m | RSSI: -55,3182 dBm | Tput: 2.400,77 Mbps | Delay: 47,7185 ms | Jitter: 0,00221987 ms | Drop: 1.687
[INFO] Waktu: 28,4s | Jarak: 283 m | RSSI: -55,3798 dBm | Tput: 2.401,01 Mbps | Delay: 47,7755 ms | Jitter: 0,0022341 ms | Drop: 1.693
[INFO] Waktu: 28,6s | Jarak: 285 m | RSSI: -55,441 dBm | Tput: 2.410,02 Mbps | Delay: 47,6564 ms | Jitter: 0,00220223 ms | Drop: 1.541
[INFO] Waktu: 28,8s | Jarak: 287 m | RSSI: -55,5017 dBm | Tput: 2.411,55 Mbps | Delay: 47,6241 ms | Jitter: 0,00219706 ms | Drop: 1.502
[INFO] Waktu: 29s | Jarak: 289 m | RSSI: -55,5621 dBm | Tput: 2.398,54 Mbps | Delay: 47,7774 ms | Jitter: 0,00223071 ms | Drop: 1.723
[INFO] Waktu: 29,2s | Jarak: 291 m | RSSI: -55,622 dBm | Tput: 2.403,95 Mbps | Delay: 47,6966 ms | Jitter: 0,00221817 ms | Drop: 1.625
[INFO] Waktu: 29,4s | Jarak: 293 m | RSSI: -55,6815 dBm | Tput: 2.411,9 Mbps | Delay: 47,5684 ms | Jitter: 0,00218395 ms | Drop: 1.496
[INFO] Waktu: 29,6s | Jarak: 295 m | RSSI: -55,7406 dBm | Tput: 2.410,55 Mbps | Delay: 47,6545 ms | Jitter: 0,00221761 ms | Drop: 1.549
[INFO] Waktu: 29,8s | Jarak: 297 m | RSSI: -55,7992 dBm | Tput: 2.411,84 Mbps | Delay: 47,5438 ms | Jitter: 0,00219324 ms | Drop: 1.498
[INFO] Waktu: 30s | Jarak: 299 m | RSSI: -55,8575 dBm | Tput: 2.392,53 Mbps | Delay: 47,8575 ms | Jitter: 0,00225063 ms | Drop: 1.815
[INFO] Waktu: 30,2s | Jarak: 301 m | RSSI: -55,9154 dBm | Tput: 2.402,54 Mbps | Delay: 47,7924 ms | Jitter: 0,00223612 ms | Drop: 1.672
[INFO] Waktu: 30,4s | Jarak: 303 m | RSSI: -55,973 dBm | Tput: 2.401,48 Mbps | Delay: 47,7166 ms | Jitter: 0,00223724 ms | Drop: 1.672
[INFO] Waktu: 30,6s | Jarak: 305 m | RSSI: -56,0301 dBm | Tput: 2.402,3 Mbps | Delay: 47,791 ms | Jitter: 0,0022768 ms | Drop: 1.694
[INFO] Waktu: 30,8s | Jarak: 307 m | RSSI: -56,0869 dBm | Tput: 2.404,42 Mbps | Delay: 47,7092 ms | Jitter: 0,00222727 ms | Drop: 1.589
[INFO] Waktu: 31s | Jarak: 309 m | RSSI: -56,1433 dBm | Tput: 2.411,31 Mbps | Delay: 47,5726 ms | Jitter: 0,00218961 ms | Drop: 1.511
[INFO] Waktu: 31,2s | Jarak: 311 m | RSSI: -56,1993 dBm | Tput: 2.406,84 Mbps | Delay: 47,708 ms | Jitter: 0,00225573 ms | Drop: 1.620
[INFO] Waktu: 31,4s | Jarak: 313 m | RSSI: -56,2611 dBm | Tput: 2.412,73 Mbps | Delay: 47,5298 ms | Jitter: 0,00218972 ms | Drop: 1.362
[INFO] Waktu: 31,6s | Jarak: 315 m | RSSI: -56,3103 dBm | Tput: 2.411,78 Mbps | Delay: 47,5964 ms | Jitter: 0,00222013 ms | Drop: 1.609
[INFO] Waktu: 31,8s | Jarak: 317 m | RSSI: -56,3653 dBm | Tput: 2.390,17 Mbps | Delay: 48,0425 ms | Jitter: 0,00244811 ms | Drop: 1.861
[INFO] Waktu: 32s | Jarak: 319 m | RSSI: -56,4199 dBm | Tput: 2.405,72 Mbps | Delay: 47,5834 ms | Jitter: 0,00220623 ms | Drop: 1.595
[INFO] Waktu: 32,2s | Jarak: 321 m | RSSI: -56,4742 dBm | Tput: 2.401,19 Mbps | Delay: 47,783 ms | Jitter: 0,00224098 ms | Drop: 1.696
[INFO] Waktu: 32,4s | Jarak: 323 m | RSSI: -56,5282 dBm | Tput: 2.395,3 Mbps | Delay: 47,9523 ms | Jitter: 0,00240828 ms | Drop: 1.778
[INFO] Waktu: 32,6s | Jarak: 325 m | RSSI: -56,5818 dBm | Tput: 2.397,89 Mbps | Delay: 47,7965 ms | Jitter: 0,00240569 ms | Drop: 1.722
[INFO] Waktu: 32,8s | Jarak: 327 m | RSSI: -56,6351 dBm | Tput: 2.398,12 Mbps | Delay: 47,7706 ms | Jitter: 0,00232187 ms | Drop: 1.731
[INFO] Waktu: 33s | Jarak: 329 m | RSSI: -56,688 dBm | Tput: 2.392,06 Mbps | Delay: 47,9425 ms | Jitter: 0,00241576 ms | Drop: 1.816
[INFO] Waktu: 33,2s | Jarak: 331 m | RSSI: -56,7407 dBm | Tput: 2.387,82 Mbps | Delay: 48,123 ms | Jitter: 0,00244786 ms | Drop: 1.949
[INFO] Waktu: 33,4s | Jarak: 333 m | RSSI: -56,793 dBm | Tput: 2.392,12 Mbps | Delay: 47,9002 ms | Jitter: 0,00246978 ms | Drop: 1.827
[INFO] Waktu: 33,6s | Jarak: 335 m | RSSI: -56,845 dBm | Tput: 2.388 Mbps | Delay: 47,9382 ms | Jitter: 0,0024841 ms | Drop: 1.874
[INFO] Waktu: 33,8s | Jarak: 337 m | RSSI: -56,8967 dBm | Tput: 2.392,77 Mbps | Delay: 48,1466 ms | Jitter: 0,00253351 ms | Drop: 1.868
[INFO] Waktu: 34s | Jarak: 339 m | RSSI: -56,9481 dBm | Tput: 2.379,16 Mbps | Delay: 48,1631 ms | Jitter: 0,00264928 ms | Drop: 2.052
[INFO] Waktu: 34,2s | Jarak: 341 m | RSSI: -56,9992 dBm | Tput: 2.345,54 Mbps | Delay: 48,6763 ms | Jitter: 0,00294994 ms | Drop: 2.397
[INFO] Waktu: 34,4s | Jarak: 343 m | RSSI: -57,05 dBm | Tput: 2.370,92 Mbps | Delay: 48,438 ms | Jitter: 0,00287411 ms | Drop: 2.228
[INFO] Waktu: 34,6s | Jarak: 345 m | RSSI: -57,1005 dBm | Tput: 2.376,69 Mbps | Delay: 48,4008 ms | Jitter: 0,00283137 ms | Drop: 2.254
[INFO] Waktu: 34,8s | Jarak: 347 m | RSSI: -57,1507 dBm | Tput: 2.377,63 Mbps | Delay: 48,2967 ms | Jitter: 0,00274423 ms | Drop: 2.093
[INFO] Waktu: 35s | Jarak: 349 m | RSSI: -57,2006 dBm | Tput: 2.353,73 Mbps | Delay: 48,6412 ms | Jitter: 0,0032041 ms | Drop: 2.514
[INFO] Waktu: 35,2s | Jarak: 351 m | RSSI: -57,2503 dBm | Tput: 2.350,2 Mbps | Delay: 48,9106 ms | Jitter: 0,00326558 ms | Drop: 2.448
[INFO] Waktu: 35,4s | Jarak: 353 m | RSSI: -57,2996 dBm | Tput: 2.346,66 Mbps | Delay: 49,0407 ms | Jitter: 0,00341007 ms | Drop: 2.704
[INFO] Waktu: 35,6s | Jarak: 355 m | RSSI: -57,3487 dBm | Tput: 2.310,51 Mbps | Delay: 49,6006 ms | Jitter: 0,00380233 ms | Drop: 3.194
[INFO] Waktu: 35,8s | Jarak: 357 m | RSSI: -57,3975 dBm | Tput: 2.291,49 Mbps | Delay: 50,2499 ms | Jitter: 0,00432606 ms | Drop: 3.481
[INFO] Waktu: 36s | Jarak: 359 m | RSSI: -57,446 dBm | Tput: 2.272,24 Mbps | Delay: 50,7594 ms | Jitter: 0,00460271 ms | Drop: 3.901
[INFO] Waktu: 36,2s | Jarak: 361 m | RSSI: -57,4943 dBm | Tput: 2.275,48 Mbps | Delay: 50,6025 ms | Jitter: 0,00466741 ms | Drop: 3.858
[INFO] Waktu: 36,4s | Jarak: 363 m | RSSI: -57,5422 dBm | Tput: 2.245,62 Mbps | Delay: 51,2774 ms | Jitter: 0,00507052 ms | Drop: 4.325
[INFO] Waktu: 36,6s | Jarak: 365 m | RSSI: -57,59 dBm | Tput: 2.214,95 Mbps | Delay: 51,6975 ms | Jitter: 0,00229893 ms | Drop: 4.861
[INFO] Waktu: 36,8s | Jarak: 367 m | RSSI: -57,6374 dBm | Tput: 2.203,17 Mbps | Delay: 52,0562 ms | Jitter: 0,00233643 ms | Drop: 5.052
[INFO] Waktu: 37s | Jarak: 369 m | RSSI: -57,6846 dBm | Tput: 2.204,17 Mbps | Delay: 52,0043 ms | Jitter: 0,0022739 ms | Drop: 5.001
[INFO] Waktu: 37,2s | Jarak: 371 m | RSSI: -57,7316 dBm | Tput: 2.202,41 Mbps | Delay: 52,0737 ms | Jitter: 0,00232137 ms | Drop: 5.065
[INFO] Waktu: 37,4s | Jarak: 373 m | RSSI: -57,7783 dBm | Tput: 2.209,53 Mbps | Delay: 51,9321 ms | Jitter: 0,00234758 ms | Drop: 4.922
[INFO] Waktu: 37,6s | Jarak: 375 m | RSSI: -57,8247 dBm | Tput: 2.205,82 Mbps | Delay: 52,0116 ms | Jitter: 0,00231724 ms | Drop: 5.004
[INFO] Waktu: 37,8s | Jarak: 377 m | RSSI: -57,8709 dBm | Tput: 2.199,29 Mbps | Delay: 52,0579 ms | Jitter: 0,002457 ms | Drop: 5.111
[INFO] Waktu: 38s | Jarak: 379 m | RSSI: -57,9169 dBm | Tput: 2.193,99 Mbps | Delay: 52,2604 ms | Jitter: 0,00249835 ms | Drop: 5.212
[INFO] Waktu: 38,2s | Jarak: 381 m | RSSI: -57,9626 dBm | Tput: 2.190,28 Mbps | Delay: 52,4032 ms | Jitter: 0,00246615 ms | Drop: 5.261
[INFO] Waktu: 38,4s | Jarak: 383 m | RSSI: -58,0081 dBm | Tput: 2.196,64 Mbps | Delay: 52,2064 ms | Jitter: 0,00253168 ms | Drop: 5.170
[INFO] Waktu: 38,6s | Jarak: 385 m | RSSI: -58,0533 dBm | Tput: 2.186,92 Mbps | Delay: 52,5266 ms | Jitter: 0,00272765 ms | Drop: 5.323
[INFO] Waktu: 38,8s | Jarak: 387 m | RSSI: -58,0983 dBm | Tput: 2.181,5 Mbps | Delay: 52,503 ms | Jitter: 0,0025983 ms | Drop: 5.384
[INFO] Waktu: 39s | Jarak: 389 m | RSSI: -58,1431 dBm | Tput: 2.192,22 Mbps | Delay: 52,5149 ms | Jitter: 0,0027086 ms | Drop: 5.271
[INFO] Waktu: 39,2s | Jarak: 391 m | RSSI: -58,1876 dBm | Tput: 2.185,39 Mbps | Delay: 52,3652 ms | Jitter: 0,00261455 ms | Drop: 5.315
[INFO] Waktu: 39,4s | Jarak: 393 m | RSSI: -58,232 dBm | Tput: 2.171,79 Mbps | Delay: 52,7595 ms | Jitter: 0,00283376 ms | Drop: 5.573
[INFO] Waktu: 39,6s | Jarak: 395 m | RSSI: -58,2761 dBm | Tput: 2.181,21 Mbps | Delay: 52,7147 ms | Jitter: 0,00294546 ms | Drop: 5.453
[INFO] Waktu: 39,8s | Jarak: 397 m | RSSI: -58,3199 dBm | Tput: 2.162,9 Mbps | Delay: 52,8869 ms | Jitter: 0,00329585 ms | Drop: 5.691
[INFO] Waktu: 40s | Jarak: 399 m | RSSI: -58,3636 dBm | Tput: 2.172,38 Mbps | Delay: 53,0775 ms | Jitter: 0,00305294 ms | Drop: 5.589
[INFO] Waktu: 40,2s | Jarak: 401 m | RSSI: -58,407 dBm | Tput: 2.145,53 Mbps | Delay: 53,3044 ms | Jitter: 0,00345213 ms | Drop: 6.004
[INFO] Waktu: 40,4s | Jarak: 403 m | RSSI: -58,4502 dBm | Tput: 2.145,88 Mbps | Delay: 53,6848 ms | Jitter: 0,00368951 ms | Drop: 6.050
[INFO] Waktu: 40,6s | Jarak: 405 m | RSSI: -58,4932 dBm | Tput: 2.149,65 Mbps | Delay: 53,7339 ms | Jitter: 0,00372836 ms | Drop: 5.963
[INFO] Waktu: 40,8s | Jarak: 407 m | RSSI: -58,536 dBm | Tput: 2.086,47 Mbps | Delay: 54,7546 ms | Jitter: 0,00496628 ms | Drop: 7.003
[INFO] Waktu: 41s | Jarak: 409 m | RSSI: -58,5786 dBm | Tput: 2.112,44 Mbps | Delay: 54,4644 ms | Jitter: 0,00432535 ms | Drop: 6.558
[INFO] Waktu: 41,2s | Jarak: 411 m | RSSI: -58,6209 dBm | Tput: 2.115,44 Mbps | Delay: 54,4683 ms | Jitter: 0,00434025 ms | Drop: 6.557
[INFO] Waktu: 41,4s | Jarak: 413 m | RSSI: -58,6631 dBm | Tput: 2.104,61 Mbps | Delay: 54,6176 ms | Jitter: 0,00475383 ms | Drop: 6.715
[INFO] Waktu: 41,6s | Jarak: 415 m | RSSI: -58,7051 dBm | Tput: 2.099,31 Mbps | Delay: 54,9397 ms | Jitter: 0,00476867 ms | Drop: 6.795
[INFO] Waktu: 41,8s | Jarak: 417 m | RSSI: -58,7468 dBm | Tput: 2.075,64 Mbps | Delay: 55,2753 ms | Jitter: 0,00527069 ms | Drop: 7.126
[INFO] Waktu: 42s | Jarak: 419 m | RSSI: -58,7884 dBm | Tput: 1.814,27 Mbps | Delay: 62,29 ms | Jitter: 0,00619868 ms | Drop: 11.654
[INFO] Waktu: 42,2s | Jarak: 421 m | RSSI: -58,8298 dBm | Tput: 1.914,13 Mbps | Delay: 60,6798 ms | Jitter: 0,003089 ms | Drop: 10.079
[INFO] Waktu: 42,4s | Jarak: 423 m | RSSI: -58,8709 dBm | Tput: 1.914,48 Mbps | Delay: 59,8162 ms | Jitter: 0,00286252 ms | Drop: 9.948
[INFO] Waktu: 42,6s | Jarak: 425 m | RSSI: -58,9119 dBm | Tput: 1.912,07 Mbps | Delay: 59,9894 ms | Jitter: 0,00288913 ms | Drop: 9.954
[INFO] Waktu: 42,8s | Jarak: 427 m | RSSI: -58,9527 dBm | Tput: 1.916,43 Mbps | Delay: 59,8543 ms | Jitter: 0,00287708 ms | Drop: 9.951
[INFO] Waktu: 43s | Jarak: 429 m | RSSI: -58,9933 dBm | Tput: 1.917,54 Mbps | Delay: 59,74 ms | Jitter: 0,00284634 ms | Drop: 9.842
[INFO] Waktu: 43,2s | Jarak: 431 m | RSSI: -59,0337 dBm | Tput: 1.913,13 Mbps | Delay: 59,9481 ms | Jitter: 0,0028924 ms | Drop: 9.993
[INFO] Waktu: 43,4s | Jarak: 433 m | RSSI: -59,0739 dBm | Tput: 1.904,71 Mbps | Delay: 60,1928 ms | Jitter: 0,00293818 ms | Drop: 10.087
[INFO] Waktu: 43,6s | Jarak: 435 m | RSSI: -59,1139 dBm | Tput: 1.912,66 Mbps | Delay: 59,9299 ms | Jitter: 0,00288037 ms | Drop: 9.974
[INFO] Waktu: 43,8s | Jarak: 437 m | RSSI: -59,1537 dBm | Tput: 1.922,79 Mbps | Delay: 59,7337 ms | Jitter: 0,00284255 ms | Drop: 9.858
[INFO] Waktu: 44s | Jarak: 439 m | RSSI: -59,1934 dBm | Tput: 1.907,24 Mbps | Delay: 60,0022 ms | Jitter: 0,00290156 ms | Drop: 10.037
[INFO] Waktu: 44,2s | Jarak: 441 m | RSSI: -59,2329 dBm | Tput: 1.919,55 Mbps | Delay: 59,9465 ms | Jitter: 0,00287282 ms | Drop: 9.865
[INFO] Waktu: 44,4s | Jarak: 443 m | RSSI: -59,2722 dBm | Tput: 1.912,19 Mbps | Delay: 59,8794 ms | Jitter: 0,00288105 ms | Drop: 9.960
[INFO] Waktu: 44,6s | Jarak: 445 m | RSSI: -59,3113 dBm | Tput: 1.904,89 Mbps | Delay: 60,0954 ms | Jitter: 0,00293115 ms | Drop: 10.139
[INFO] Waktu: 44,8s | Jarak: 447 m | RSSI: -59,3503 dBm | Tput: 1.920,43 Mbps | Delay: 59,8488 ms | Jitter: 0,00284797 ms | Drop: 9.839
[INFO] Waktu: 45s | Jarak: 449 m | RSSI: -59,389 dBm | Tput: 1.915,37 Mbps | Delay: 59,7747 ms | Jitter: 0,00286487 ms | Drop: 9.943
[INFO] Waktu: 45,2s | Jarak: 451 m | RSSI: -59,4276 dBm | Tput: 1.921,31 Mbps | Delay: 59,7871 ms | Jitter: 0,00285568 ms | Drop: 9.865
[INFO] Waktu: 45,4s | Jarak: 453 m | RSSI: -59,4661 dBm | Tput: 1.914,31 Mbps | Delay: 59,8499 ms | Jitter: 0,00286954 ms | Drop: 9.955
[INFO] Waktu: 45,6s | Jarak: 455 m | RSSI: -59,5043 dBm | Tput: 1.914,31 Mbps | Delay: 59,8485 ms | Jitter: 0,00287477 ms | Drop: 9.936
[INFO] Waktu: 45,8s | Jarak: 457 m | RSSI: -59,5424 dBm | Tput: 1.914,31 Mbps | Delay: 59,835 ms | Jitter: 0,00287316 ms | Drop: 9.969
[INFO] Waktu: 46s | Jarak: 459 m | RSSI: -59,5804 dBm | Tput: 1.915,43 Mbps | Delay: 59,8686 ms | Jitter: 0,00286863 ms | Drop: 9.873
[INFO] Waktu: 46,2s | Jarak: 461 m | RSSI: -59,6181 dBm | Tput: 1.910,07 Mbps | Delay: 60,0338 ms | Jitter: 0,00290165 ms | Drop: 10.029
[INFO] Waktu: 46,4s | Jarak: 463 m | RSSI: -59,6557 dBm | Tput: 1.921,37 Mbps | Delay: 59,643 ms | Jitter: 0,00284652 ms | Drop: 9.839
[INFO] Waktu: 46,6s | Jarak: 465 m | RSSI: -59,6932 dBm | Tput: 1.911,42 Mbps | Delay: 59,8149 ms | Jitter: 0,00286344 ms | Drop: 9.990
[INFO] Waktu: 46,8s | Jarak: 467 m | RSSI: -59,7304 dBm | Tput: 1.913,31 Mbps | Delay: 59,9825 ms | Jitter: 0,00290754 ms | Drop: 9.985
[INFO] Waktu: 47s | Jarak: 469 m | RSSI: -59,7676 dBm | Tput: 1.923,67 Mbps | Delay: 59,6346 ms | Jitter: 0,00281509 ms | Drop: 9.763
[INFO] Waktu: 47,2s | Jarak: 471 m | RSSI: -59,8045 dBm | Tput: 1.911,24 Mbps | Delay: 59,8995 ms | Jitter: 0,00289474 ms | Drop: 10.015
[INFO] Waktu: 47,4s | Jarak: 473 m | RSSI: -59,8413 dBm | Tput: 1.923,02 Mbps | Delay: 59,6249 ms | Jitter: 0,00282683 ms | Drop: 9.850
[INFO] Waktu: 47,6s | Jarak: 475 m | RSSI: -59,878 dBm | Tput: 1.916,01 Mbps | Delay: 59,7566 ms | Jitter: 0,00286984 ms | Drop: 9.881
[INFO] Waktu: 47,8s | Jarak: 477 m | RSSI: -59,9145 dBm | Tput: 1.914,25 Mbps | Delay: 59,7334 ms | Jitter: 0,00286141 ms | Drop: 9.941
[INFO] Waktu: 48s | Jarak: 479 m | RSSI: -59,9508 dBm | Tput: 1.921,9 Mbps | Delay: 59,774 ms | Jitter: 0,00283964 ms | Drop: 9.819
[INFO] Waktu: 48,2s | Jarak: 481 m | RSSI: -59,987 dBm | Tput: 1.911,24 Mbps | Delay: 59,9429 ms | Jitter: 0,00290026 ms | Drop: 10.018
[INFO] Waktu: 48,4s | Jarak: 483 m | RSSI: -60,0292 dBm | Tput: 1.916,19 Mbps | Delay: 59,7753 ms | Jitter: 0,00286659 ms | Drop: 9.849
[INFO] Waktu: 48,6s | Jarak: 485 m | RSSI: -60,0589 dBm | Tput: 1.909,83 Mbps | Delay: 59,9531 ms | Jitter: 0,00289784 ms | Drop: 10.087
[INFO] Waktu: 48,8s | Jarak: 487 m | RSSI: -60,0947 dBm | Tput: 1.920,02 Mbps | Delay: 59,8637 ms | Jitter: 0,00286789 ms | Drop: 9.856
[INFO] Waktu: 49s | Jarak: 489 m | RSSI: -60,1303 dBm | Tput: 1.920,08 Mbps | Delay: 59,6408 ms | Jitter: 0,0028377 ms | Drop: 9.908
[INFO] Waktu: 49,2s | Jarak: 491 m | RSSI: -60,1657 dBm | Tput: 1.914,95 Mbps | Delay: 59,6552 ms | Jitter: 0,00285214 ms | Drop: 9.892
[INFO] Waktu: 49,4s | Jarak: 493 m | RSSI: -60,201 dBm | Tput: 1.919,02 Mbps | Delay: 59,7884 ms | Jitter: 0,0028598 ms | Drop: 9.863
[INFO] Waktu: 49,6s | Jarak: 495 m | RSSI: -60,2362 dBm | Tput: 1.911,07 Mbps | Delay: 59,9069 ms | Jitter: 0,00289298 ms | Drop: 10.016
[INFO] Waktu: 49,8s | Jarak: 497 m | RSSI: -60,2712 dBm | Tput: 1.912,19 Mbps | Delay: 59,9099 ms | Jitter: 0,00289615 ms | Drop: 10.031
[INFO] Waktu: 50s | Jarak: 499 m | RSSI: -60,3061 dBm | Tput: 1.908,18 Mbps | Delay: 60,0494 ms | Jitter: 0,00291386 ms | Drop: 9.989
[INFO] Waktu: 50,2s | Jarak: 501 m | RSSI: -60,3409 dBm | Tput: 1.914,42 Mbps | Delay: 59,8029 ms | Jitter: 0,0028651 ms | Drop: 9.975
[INFO] Waktu: 50,4s | Jarak: 503 m | RSSI: -60,3755 dBm | Tput: 1.912,48 Mbps | Delay: 59,948 ms | Jitter: 0,00289163 ms | Drop: 9.967
[INFO] Waktu: 50,6s | Jarak: 505 m | RSSI: -60,4099 dBm | Tput: 1.916,6 Mbps | Delay: 59,7995 ms | Jitter: 0,00286402 ms | Drop: 9.916
[INFO] Waktu: 50,8s | Jarak: 507 m | RSSI: -60,4443 dBm | Tput: 1.919,13 Mbps | Delay: 59,7009 ms | Jitter: 0,00286903 ms | Drop: 9.907
[INFO] Waktu: 51s | Jarak: 509 m | RSSI: -60,4785 dBm | Tput: 1.913,48 Mbps | Delay: 59,7529 ms | Jitter: 0,00287079 ms | Drop: 9.951
[INFO] Waktu: 51,2s | Jarak: 511 m | RSSI: -60,5125 dBm | Tput: 1.916,72 Mbps | Delay: 59,7495 ms | Jitter: 0,00285685 ms | Drop: 9.903
[INFO] Waktu: 51,4s | Jarak: 513 m | RSSI: -60,5465 dBm | Tput: 1.917,84 Mbps | Delay: 59,6998 ms | Jitter: 0,00285475 ms | Drop: 9.872
[INFO] Waktu: 51,6s | Jarak: 515 m | RSSI: -60,5803 dBm | Tput: 1.913,25 Mbps | Delay: 59,811 ms | Jitter: 0,00288082 ms | Drop: 9.972
[INFO] Waktu: 51,8s | Jarak: 517 m | RSSI: -60,6139 dBm | Tput: 1.910,95 Mbps | Delay: 59,8824 ms | Jitter: 0,00289337 ms | Drop: 10.042
[INFO] Waktu: 52s | Jarak: 519 m | RSSI: -60,6475 dBm | Tput: 1.915,19 Mbps | Delay: 59,8102 ms | Jitter: 0,00288106 ms | Drop: 9.894
[INFO] Waktu: 52,2s | Jarak: 521 m | RSSI: -60,6809 dBm | Tput: 1.915,48 Mbps | Delay: 59,7683 ms | Jitter: 0,00286823 ms | Drop: 9.948
[INFO] Waktu: 52,4s | Jarak: 523 m | RSSI: -60,7141 dBm | Tput: 1.913,25 Mbps | Delay: 59,8688 ms | Jitter: 0,00288733 ms | Drop: 9.976
[INFO] Waktu: 52,6s | Jarak: 525 m | RSSI: -60,7473 dBm | Tput: 1.913,31 Mbps | Delay: 59,8278 ms | Jitter: 0,00288229 ms | Drop: 9.982
[INFO] Waktu: 52,8s | Jarak: 527 m | RSSI: -60,7803 dBm | Tput: 1.910,36 Mbps | Delay: 60,0304 ms | Jitter: 0,00290893 ms | Drop: 9.993
[INFO] Waktu: 53s | Jarak: 529 m | RSSI: -60,8132 dBm | Tput: 1.910,24 Mbps | Delay: 59,9397 ms | Jitter: 0,00290813 ms | Drop: 10.020
[INFO] Waktu: 53,2s | Jarak: 531 m | RSSI: -60,846 dBm | Tput: 1.910,89 Mbps | Delay: 59,8188 ms | Jitter: 0,0028851 ms | Drop: 10.005
[INFO] Waktu: 53,4s | Jarak: 533 m | RSSI: -60,8787 dBm | Tput: 1.913,01 Mbps | Delay: 59,9395 ms | Jitter: 0,00289867 ms | Drop: 9.980
[INFO] Waktu: 53,6s | Jarak: 535 m | RSSI: -60,9112 dBm | Tput: 1.908,48 Mbps | Delay: 59,9949 ms | Jitter: 0,00290905 ms | Drop: 10.030
[INFO] Waktu: 53,8s | Jarak: 537 m | RSSI: -60,9436 dBm | Tput: 1.917,78 Mbps | Delay: 59,7808 ms | Jitter: 0,00287882 ms | Drop: 9.934
[INFO] Waktu: 54s | Jarak: 539 m | RSSI: -60,9759 dBm | Tput: 1.914,84 Mbps | Delay: 59,6695 ms | Jitter: 0,00286413 ms | Drop: 9.905
[INFO] Waktu: 54,2s | Jarak: 541 m | RSSI: -61,0081 dBm | Tput: 1.905,77 Mbps | Delay: 60,0557 ms | Jitter: 0,00292268 ms | Drop: 10.084
[INFO] Waktu: 54,4s | Jarak: 543 m | RSSI: -61,0401 dBm | Tput: 1.913,42 Mbps | Delay: 59,8359 ms | Jitter: 0,00288411 ms | Drop: 9.970
[INFO] Waktu: 54,6s | Jarak: 545 m | RSSI: -61,072 dBm | Tput: 1.911,77 Mbps | Delay: 59,8476 ms | Jitter: 0,00288267 ms | Drop: 9.997
[INFO] Waktu: 54,8s | Jarak: 547 m | RSSI: -61,1039 dBm | Tput: 1.916,9 Mbps | Delay: 59,7741 ms | Jitter: 0,00287096 ms | Drop: 9.900
[INFO] Waktu: 55s | Jarak: 549 m | RSSI: -61,1356 dBm | Tput: 1.913,95 Mbps | Delay: 59,7055 ms | Jitter: 0,00287379 ms | Drop: 9.983
[INFO] Waktu: 55,2s | Jarak: 551 m | RSSI: -61,1671 dBm | Tput: 1.908,07 Mbps | Delay: 60,1357 ms | Jitter: 0,00293892 ms | Drop: 10.090
[INFO] Waktu: 55,4s | Jarak: 553 m | RSSI: -61,1986 dBm | Tput: 1.914,66 Mbps | Delay: 59,6328 ms | Jitter: 0,00285302 ms | Drop: 9.913
[INFO] Waktu: 55,6s | Jarak: 555 m | RSSI: -61,23 dBm | Tput: 1.916,54 Mbps | Delay: 59,7207 ms | Jitter: 0,00287637 ms | Drop: 9.900
[INFO] Waktu: 55,8s | Jarak: 557 m | RSSI: -61,2612 dBm | Tput: 1.912,07 Mbps | Delay: 59,7785 ms | Jitter: 0,00287253 ms | Drop: 10.017
[INFO] Waktu: 56s | Jarak: 559 m | RSSI: -61,2923 dBm | Tput: 1.919,02 Mbps | Delay: 59,7319 ms | Jitter: 0,0028676 ms | Drop: 9.856
[INFO] Waktu: 56,2s | Jarak: 561 m | RSSI: -61,3234 dBm | Tput: 1.908,12 Mbps | Delay: 59,9832 ms | Jitter: 0,00291818 ms | Drop: 10.068
[INFO] Waktu: 56,4s | Jarak: 563 m | RSSI: -61,3543 dBm | Tput: 1.912,25 Mbps | Delay: 59,8262 ms | Jitter: 0,00287944 ms | Drop: 9.965
[INFO] Waktu: 56,6s | Jarak: 565 m | RSSI: -61,3851 dBm | Tput: 1.917,84 Mbps | Delay: 59,7093 ms | Jitter: 0,00286414 ms | Drop: 9.904
[INFO] Waktu: 56,8s | Jarak: 567 m | RSSI: -61,4158 dBm | Tput: 1.914,48 Mbps | Delay: 59,6201 ms | Jitter: 0,00286386 ms | Drop: 9.939
[INFO] Waktu: 57s | Jarak: 569 m | RSSI: -61,4525 dBm | Tput: 1.915,54 Mbps | Delay: 59,8684 ms | Jitter: 0,00289877 ms | Drop: 9.873
[INFO] Waktu: 57,2s | Jarak: 571 m | RSSI: -61,4768 dBm | Tput: 1.918,55 Mbps | Delay: 59,6496 ms | Jitter: 0,00284522 ms | Drop: 9.931
[INFO] Waktu: 57,4s | Jarak: 573 m | RSSI: -61,5072 dBm | Tput: 1.913,07 Mbps | Delay: 59,779 ms | Jitter: 0,00287957 ms | Drop: 9.967
[INFO] Waktu: 57,6s | Jarak: 575 m | RSSI: -61,5375 dBm | Tput: 1.905,59 Mbps | Delay: 60,0514 ms | Jitter: 0,00293002 ms | Drop: 10.089
[INFO] Waktu: 57,8s | Jarak: 577 m | RSSI: -61,5676 dBm | Tput: 1.909,77 Mbps | Delay: 59,9468 ms | Jitter: 0,00297901 ms | Drop: 10.032
[INFO] Waktu: 58s | Jarak: 579 m | RSSI: -61,5977 dBm | Tput: 1.913,95 Mbps | Delay: 59,7353 ms | Jitter: 0,00287895 ms | Drop: 9.968
[INFO] Waktu: 58,2s | Jarak: 581 m | RSSI: -61,6276 dBm | Tput: 1.916,25 Mbps | Delay: 59,8392 ms | Jitter: 0,0028866 ms | Drop: 9.910
[INFO] Waktu: 58,4s | Jarak: 583 m | RSSI: -61,6575 dBm | Tput: 1.923,73 Mbps | Delay: 59,378 ms | Jitter: 0,00280348 ms | Drop: 9.817
[INFO] Waktu: 58,6s | Jarak: 585 m | RSSI: -61,6872 dBm | Tput: 1.915,01 Mbps | Delay: 59,7169 ms | Jitter: 0,00287789 ms | Drop: 9.932
[INFO] Waktu: 58,8s | Jarak: 587 m | RSSI: -61,7169 dBm | Tput: 1.915,07 Mbps | Delay: 59,7367 ms | Jitter: 0,00285506 ms | Drop: 9.931
[INFO] Waktu: 59s | Jarak: 589 m | RSSI: -61,7464 dBm | Tput: 1.914,25 Mbps | Delay: 59,6973 ms | Jitter: 0,00287929 ms | Drop: 9.933
[INFO] Waktu: 59,2s | Jarak: 591 m | RSSI: -61,7759 dBm | Tput: 1.913,48 Mbps | Delay: 59,8002 ms | Jitter: 0,00288467 ms | Drop: 9.994
[INFO] Waktu: 59,4s | Jarak: 593 m | RSSI: -62,0455 dBm | Tput: 1.910,01 Mbps | Delay: 59,8956 ms | Jitter: 0,00290273 ms | Drop: 9.996
[INFO] Waktu: 59,6s | Jarak: 595 m | RSSI: -62,5179 dBm | Tput: 1.911,3 Mbps | Delay: 59,7945 ms | Jitter: 0,00307909 ms | Drop: 10.028
[INFO] Waktu: 59,8s | Jarak: 597 m | RSSI: -62,9886 dBm | Tput: 1.872,97 Mbps | Delay: 60,8707 ms | Jitter: 0,00406327 ms | Drop: 10.624
[INFO] Waktu: 60s | Jarak: 599 m | RSSI: -63,4577 dBm | Tput: 1.839,82 Mbps | Delay: 62,3321 ms | Jitter: 0,00533579 ms | Drop: 11.233
[INFO] Waktu: 60,2s | Jarak: 601 m | RSSI: -63,9253 dBm | Tput: 1.740,61 Mbps | Delay: 65,246 ms | Jitter: 0,00430889 ms | Drop: 12.877
[INFO] Waktu: 60,4s | Jarak: 603 m | RSSI: -64,3914 dBm | Tput: 1.693,39 Mbps | Delay: 67,0781 ms | Jitter: 0,00598791 ms | Drop: 13.565
[INFO] Waktu: 60,6s | Jarak: 605 m | RSSI: -64,8559 dBm | Tput: 1.592,94 Mbps | Delay: 71,1897 ms | Jitter: 0,005328 ms | Drop: 15.528
[INFO] Waktu: 60,8s | Jarak: 607 m | RSSI: -65,3188 dBm | Tput: 1.568,33 Mbps | Delay: 72,967 ms | Jitter: 0,00610658 ms | Drop: 15.856
[INFO] Waktu: 61s | Jarak: 609 m | RSSI: -65,7803 dBm | Tput: 1.537,18 Mbps | Delay: 74,4511 ms | Jitter: 0,00788351 ms | Drop: 16.373
[INFO] Waktu: 61,2s | Jarak: 611 m | RSSI: -66,2463 dBm | Tput: 1.236,6 Mbps | Delay: 87,9201 ms | Jitter: 0,00876885 ms | Drop: 21.386
[INFO] Waktu: 61,4s | Jarak: 613 m | RSSI: -66,6986 dBm | Tput: 1.235,6 Mbps | Delay: 92,5444 ms | Jitter: 0,00959574 ms | Drop: 21.555
[INFO] Waktu: 61,6s | Jarak: 615 m | RSSI: -67,1555 dBm | Tput: 1.237,36 Mbps | Delay: 92,3741 ms | Jitter: 0,00954825 ms | Drop: 21.438
[INFO] Waktu: 61,8s | Jarak: 617 m | RSSI: -67,611 dBm | Tput: 1.235,83 Mbps | Delay: 92,399 ms | Jitter: 0,0095917 ms | Drop: 21.472
[INFO] Waktu: 62s | Jarak: 619 m | RSSI: -68,065 dBm | Tput: 1.234,07 Mbps | Delay: 92,6611 ms | Jitter: 0,00961023 ms | Drop: 21.545
[INFO] Waktu: 62,2s | Jarak: 621 m | RSSI: -68,5175 dBm | Tput: 1.235,01 Mbps | Delay: 92,4369 ms | Jitter: 0,00961462 ms | Drop: 21.471
[INFO] Waktu: 62,4s | Jarak: 623 m | RSSI: -68,9685 dBm | Tput: 1.236,42 Mbps | Delay: 92,2713 ms | Jitter: 0,00955609 ms | Drop: 21.470
[INFO] Waktu: 62,6s | Jarak: 625 m | RSSI: -69,4181 dBm | Tput: 1.231,65 Mbps | Delay: 92,6041 ms | Jitter: 0,00965805 ms | Drop: 21.537
[INFO] Waktu: 62,8s | Jarak: 627 m | RSSI: -69,8663 dBm | Tput: 1.231,59 Mbps | Delay: 92,67 ms | Jitter: 0,00990568 ms | Drop: 21.532
[INFO] Waktu: 63s | Jarak: 629 m | RSSI: -70,3176 dBm | Tput: 1.222,88 Mbps | Delay: 93,1624 ms | Jitter: 0,0104605 ms | Drop: 21.604
[INFO] Waktu: 63,2s | Jarak: 631 m | RSSI: -70,7584 dBm | Tput: 950,912 Mbps | Delay: 111,973 ms | Jitter: 0,0136377 ms | Drop: 26.349
[INFO] Waktu: 63,4s | Jarak: 633 m | RSSI: -71,2023 dBm | Tput: 926,771 Mbps | Delay: 121,377 ms | Jitter: 0,016057 ms | Drop: 26.771
[INFO] Waktu: 63,6s | Jarak: 635 m | RSSI: -71,6493 dBm | Tput: 3,06176 Mbps | Delay: 123,986 ms | Jitter: 0,00667365 ms | Drop: 42.264
[INFO] Waktu: 63,8s | Jarak: 637 m | RSSI: -72,0905 dBm | Tput: 0 Mbps | Delay: 0 ms | Jitter: 0 ms | Drop: 42.462
[INFO] Waktu: 64s | Jarak: 639 m | RSSI: -72,5302 dBm | Tput: 0 Mbps | Delay: 0 ms | Jitter: 0 ms | Drop: 42.463
[INFO] Waktu: 64,2s | Jarak: 641 m | RSSI: -72,9686 dBm | Tput: 0 Mbps | Delay: 0 ms | Jitter: 0 ms | Drop: 42.463
[INFO] Waktu Eksekusi Nyata (Real Runtime) Simulasi: 4,09398 menit (245,639 detik)


==========================================
 HASIL RANGE TEST WI-FI 6
==========================================
JANGKAUAN EFEKTIF (Throughput > 10 Mbps) : 633 Meter

--- Zona Dekat (0 - 100m) ---
  Rata-rata RSSI        : -41,3326 dBm
  Rata-rata Throughput  : 2.369,96 Mbps
  Rata-rata Delay       : 0,792468 ms
  Rata-rata Jitter      : 0,00318632 ms
  Rata-rata Packet Drop : 0 paket/detik

--- Zona Menengah (100 - 300m) ---
  Rata-rata RSSI        : -57,0072 dBm
  Rata-rata Throughput  : 2.228,48 Mbps
  Rata-rata Delay       : 50,0634 ms
  Rata-rata Jitter      : 0,00280126 ms
  Rata-rata Packet Drop : 4.561,89 paket/detik

--- Zona Jauh (300 - 640m) ---
  Rata-rata RSSI        : -60,3252 dBm
  Rata-rata Throughput  : 1.945,36 Mbps
  Rata-rata Delay       : 59,1847 ms
  Rata-rata Jitter      : 0,00357742 ms
  Rata-rata Packet Drop : 9.422,35 paket/detik

